<SOAP-ENV:Envelope xmlns:xsi="http://www.w3.org/2001/XMLSchema-instance" xmlns:xsd="http://www.w3.org/2001/XMLSchema" xmlns:SOAP-ENC="http://schemas.xmlsoap.org/soap/encoding/" xmlns:SOAP-ENV="http://schemas.xmlsoap.org/soap/envelope/" xmlns:clr="http://schemas.microsoft.com/soap/encoding/clr/1.0" SOAP-ENV:encodingStyle="http://schemas.xmlsoap.org/soap/encoding/">
<SOAP-ENV:Body>
<a1:Graph id="ref-1" xmlns:a1="http://schemas.microsoft.com/clr/nsassem/AStar/XMLHelper%2C%20Version%3D1.0.0.0%2C%20Culture%3Dneutral%2C%20PublicKeyToken%3Dnull">
<NodeArray href="#ref-3"/>
<ArcArray href="#ref-4"/>
<NodeSize>3</NodeSize>
<NodeConnectSize>6</NodeConnectSize>
</a1:Graph>
<a2:ArrayList id="ref-3" xmlns:a2="http://schemas.microsoft.com/clr/ns/System.Collections">
<_items href="#ref-5"/>
<_size>12</_size>
<_version>64</_version>
</a2:ArrayList>
<a2:ArrayList id="ref-4" xmlns:a2="http://schemas.microsoft.com/clr/ns/System.Collections">
<_items href="#ref-6"/>
<_size>22</_size>
<_version>122</_version>
</a2:ArrayList>
<SOAP-ENC:Array id="ref-5" SOAP-ENC:arrayType="xsd:anyType[16]">
<item href="#ref-7"/>
<item href="#ref-8"/>
<item href="#ref-9"/>
<item href="#ref-10"/>
<item href="#ref-11"/>
<item href="#ref-12"/>
<item href="#ref-13"/>
<item href="#ref-14"/>
<item href="#ref-15"/>
<item href="#ref-16"/>
<item href="#ref-17"/>
<item href="#ref-18"/>
</SOAP-ENC:Array>
<SOAP-ENC:Array id="ref-6" SOAP-ENC:arrayType="xsd:anyType[32]">
<item href="#ref-19"/>
<item href="#ref-20"/>
<item href="#ref-21"/>
<item href="#ref-22"/>
<item href="#ref-23"/>
<item href="#ref-24"/>
<item href="#ref-25"/>
<item href="#ref-26"/>
<item href="#ref-27"/>
<item href="#ref-28"/>
<item href="#ref-29"/>
<item href="#ref-30"/>
<item href="#ref-31"/>
<item href="#ref-32"/>
<item href="#ref-33"/>
<item href="#ref-34"/>
<item href="#ref-35"/>
<item href="#ref-36"/>
<item href="#ref-37"/>
<item href="#ref-38"/>
<item href="#ref-39"/>
<item href="#ref-40"/>
</SOAP-ENC:Array>
<a1:Node id="ref-7" xmlns:a1="http://schemas.microsoft.com/clr/nsassem/AStar/XMLHelper%2C%20Version%3D1.0.0.0%2C%20Culture%3Dneutral%2C%20PublicKeyToken%3Dnull">
<_IncomingArcs href="#ref-41"/>
<_OutgoingArcs href="#ref-42"/>
<_Passable>true</_Passable>
<_Position href="#ref-43"/>
</a1:Node>
<a1:Node id="ref-8" xmlns:a1="http://schemas.microsoft.com/clr/nsassem/AStar/XMLHelper%2C%20Version%3D1.0.0.0%2C%20Culture%3Dneutral%2C%20PublicKeyToken%3Dnull">
<_IncomingArcs href="#ref-44"/>
<_OutgoingArcs href="#ref-45"/>
<_Passable>true</_Passable>
<_Position href="#ref-46"/>
</a1:Node>
<a1:Node id="ref-9" xmlns:a1="http://schemas.microsoft.com/clr/nsassem/AStar/XMLHelper%2C%20Version%3D1.0.0.0%2C%20Culture%3Dneutral%2C%20PublicKeyToken%3Dnull">
<_IncomingArcs href="#ref-47"/>
<_OutgoingArcs href="#ref-48"/>
<_Passable>true</_Passable>
<_Position href="#ref-49"/>
</a1:Node>
<a1:Node id="ref-10" xmlns:a1="http://schemas.microsoft.com/clr/nsassem/AStar/XMLHelper%2C%20Version%3D1.0.0.0%2C%20Culture%3Dneutral%2C%20PublicKeyToken%3Dnull">
<_IncomingArcs href="#ref-50"/>
<_OutgoingArcs href="#ref-51"/>
<_Passable>true</_Passable>
<_Position href="#ref-52"/>
</a1:Node>
<a1:Node id="ref-11" xmlns:a1="http://schemas.microsoft.com/clr/nsassem/AStar/XMLHelper%2C%20Version%3D1.0.0.0%2C%20Culture%3Dneutral%2C%20PublicKeyToken%3Dnull">
<_IncomingArcs href="#ref-53"/>
<_OutgoingArcs href="#ref-54"/>
<_Passable>true</_Passable>
<_Position href="#ref-55"/>
</a1:Node>
<a1:Node id="ref-12" xmlns:a1="http://schemas.microsoft.com/clr/nsassem/AStar/XMLHelper%2C%20Version%3D1.0.0.0%2C%20Culture%3Dneutral%2C%20PublicKeyToken%3Dnull">
<_IncomingArcs href="#ref-56"/>
<_OutgoingArcs href="#ref-57"/>
<_Passable>true</_Passable>
<_Position href="#ref-58"/>
</a1:Node>
<a1:Node id="ref-13" xmlns:a1="http://schemas.microsoft.com/clr/nsassem/AStar/XMLHelper%2C%20Version%3D1.0.0.0%2C%20Culture%3Dneutral%2C%20PublicKeyToken%3Dnull">
<_IncomingArcs href="#ref-59"/>
<_OutgoingArcs href="#ref-60"/>
<_Passable>true</_Passable>
<_Position href="#ref-61"/>
</a1:Node>
<a1:Node id="ref-14" xmlns:a1="http://schemas.microsoft.com/clr/nsassem/AStar/XMLHelper%2C%20Version%3D1.0.0.0%2C%20Culture%3Dneutral%2C%20PublicKeyToken%3Dnull">
<_IncomingArcs href="#ref-62"/>
<_OutgoingArcs href="#ref-63"/>
<_Passable>true</_Passable>
<_Position href="#ref-64"/>
</a1:Node>
<a1:Node id="ref-15" xmlns:a1="http://schemas.microsoft.com/clr/nsassem/AStar/XMLHelper%2C%20Version%3D1.0.0.0%2C%20Culture%3Dneutral%2C%20PublicKeyToken%3Dnull">
<_IncomingArcs href="#ref-65"/>
<_OutgoingArcs href="#ref-66"/>
<_Passable>true</_Passable>
<_Position href="#ref-67"/>
</a1:Node>
<a1:Node id="ref-16" xmlns:a1="http://schemas.microsoft.com/clr/nsassem/AStar/XMLHelper%2C%20Version%3D1.0.0.0%2C%20Culture%3Dneutral%2C%20PublicKeyToken%3Dnull">
<_IncomingArcs href="#ref-68"/>
<_OutgoingArcs href="#ref-69"/>
<_Passable>true</_Passable>
<_Position href="#ref-70"/>
</a1:Node>
<a1:Node id="ref-17" xmlns:a1="http://schemas.microsoft.com/clr/nsassem/AStar/XMLHelper%2C%20Version%3D1.0.0.0%2C%20Culture%3Dneutral%2C%20PublicKeyToken%3Dnull">
<_IncomingArcs href="#ref-71"/>
<_OutgoingArcs href="#ref-72"/>
<_Passable>true</_Passable>
<_Position href="#ref-73"/>
</a1:Node>
<a1:Node id="ref-18" xmlns:a1="http://schemas.microsoft.com/clr/nsassem/AStar/XMLHelper%2C%20Version%3D1.0.0.0%2C%20Culture%3Dneutral%2C%20PublicKeyToken%3Dnull">
<_IncomingArcs href="#ref-74"/>
<_OutgoingArcs href="#ref-75"/>
<_Passable>true</_Passable>
<_Position href="#ref-76"/>
</a1:Node>
<a1:Arc id="ref-19" xmlns:a1="http://schemas.microsoft.com/clr/nsassem/AStar/XMLHelper%2C%20Version%3D1.0.0.0%2C%20Culture%3Dneutral%2C%20PublicKeyToken%3Dnull">
<_EndNode href="#ref-7"/>
<_Length>3.4382424679792032</_Length>
<_LengthUpdated>true</_LengthUpdated>
<_Passable>true</_Passable>
<_StartNode href="#ref-8"/>
<_Weight>1</_Weight>
</a1:Arc>
<a1:Arc id="ref-20" xmlns:a1="http://schemas.microsoft.com/clr/nsassem/AStar/XMLHelper%2C%20Version%3D1.0.0.0%2C%20Culture%3Dneutral%2C%20PublicKeyToken%3Dnull">
<_EndNode href="#ref-8"/>
<_Length>3.4382424679792032</_Length>
<_LengthUpdated>true</_LengthUpdated>
<_Passable>true</_Passable>
<_StartNode href="#ref-7"/>
<_Weight>1</_Weight>
</a1:Arc>
<a1:Arc id="ref-21" xmlns:a1="http://schemas.microsoft.com/clr/nsassem/AStar/XMLHelper%2C%20Version%3D1.0.0.0%2C%20Culture%3Dneutral%2C%20PublicKeyToken%3Dnull">
<_EndNode href="#ref-8"/>
<_Length>3.36188473656275</_Length>
<_LengthUpdated>true</_LengthUpdated>
<_Passable>true</_Passable>
<_StartNode href="#ref-9"/>
<_Weight>1</_Weight>
</a1:Arc>
<a1:Arc id="ref-22" xmlns:a1="http://schemas.microsoft.com/clr/nsassem/AStar/XMLHelper%2C%20Version%3D1.0.0.0%2C%20Culture%3Dneutral%2C%20PublicKeyToken%3Dnull">
<_EndNode href="#ref-9"/>
<_Length>3.36188473656275</_Length>
<_LengthUpdated>true</_LengthUpdated>
<_Passable>true</_Passable>
<_StartNode href="#ref-8"/>
<_Weight>1</_Weight>
</a1:Arc>
<a1:Arc id="ref-23" xmlns:a1="http://schemas.microsoft.com/clr/nsassem/AStar/XMLHelper%2C%20Version%3D1.0.0.0%2C%20Culture%3Dneutral%2C%20PublicKeyToken%3Dnull">
<_EndNode href="#ref-9"/>
<_Length>3.5123735778429932</_Length>
<_LengthUpdated>true</_LengthUpdated>
<_Passable>true</_Passable>
<_StartNode href="#ref-10"/>
<_Weight>1</_Weight>
</a1:Arc>
<a1:Arc id="ref-24" xmlns:a1="http://schemas.microsoft.com/clr/nsassem/AStar/XMLHelper%2C%20Version%3D1.0.0.0%2C%20Culture%3Dneutral%2C%20PublicKeyToken%3Dnull">
<_EndNode href="#ref-10"/>
<_Length>3.5123735778429932</_Length>
<_LengthUpdated>true</_LengthUpdated>
<_Passable>true</_Passable>
<_StartNode href="#ref-9"/>
<_Weight>1</_Weight>
</a1:Arc>
<a1:Arc id="ref-25" xmlns:a1="http://schemas.microsoft.com/clr/nsassem/AStar/XMLHelper%2C%20Version%3D1.0.0.0%2C%20Culture%3Dneutral%2C%20PublicKeyToken%3Dnull">
<_EndNode href="#ref-10"/>
<_Length>3.3657444386377144</_Length>
<_LengthUpdated>true</_LengthUpdated>
<_Passable>true</_Passable>
<_StartNode href="#ref-11"/>
<_Weight>1</_Weight>
</a1:Arc>
<a1:Arc id="ref-26" xmlns:a1="http://schemas.microsoft.com/clr/nsassem/AStar/XMLHelper%2C%20Version%3D1.0.0.0%2C%20Culture%3Dneutral%2C%20PublicKeyToken%3Dnull">
<_EndNode href="#ref-11"/>
<_Length>3.3657444386377144</_Length>
<_LengthUpdated>true</_LengthUpdated>
<_Passable>true</_Passable>
<_StartNode href="#ref-10"/>
<_Weight>1</_Weight>
</a1:Arc>
<a1:Arc id="ref-27" xmlns:a1="http://schemas.microsoft.com/clr/nsassem/AStar/XMLHelper%2C%20Version%3D1.0.0.0%2C%20Culture%3Dneutral%2C%20PublicKeyToken%3Dnull">
<_EndNode href="#ref-11"/>
<_Length>3.2316532200701915</_Length>
<_LengthUpdated>true</_LengthUpdated>
<_Passable>true</_Passable>
<_StartNode href="#ref-12"/>
<_Weight>1</_Weight>
</a1:Arc>
<a1:Arc id="ref-28" xmlns:a1="http://schemas.microsoft.com/clr/nsassem/AStar/XMLHelper%2C%20Version%3D1.0.0.0%2C%20Culture%3Dneutral%2C%20PublicKeyToken%3Dnull">
<_EndNode href="#ref-12"/>
<_Length>3.2316532200701915</_Length>
<_LengthUpdated>true</_LengthUpdated>
<_Passable>true</_Passable>
<_StartNode href="#ref-11"/>
<_Weight>1</_Weight>
</a1:Arc>
<a1:Arc id="ref-29" xmlns:a1="http://schemas.microsoft.com/clr/nsassem/AStar/XMLHelper%2C%20Version%3D1.0.0.0%2C%20Culture%3Dneutral%2C%20PublicKeyToken%3Dnull">
<_EndNode href="#ref-12"/>
<_Length>3.1588776480904524</_Length>
<_LengthUpdated>true</_LengthUpdated>
<_Passable>true</_Passable>
<_StartNode href="#ref-13"/>
<_Weight>1</_Weight>
</a1:Arc>
<a1:Arc id="ref-30" xmlns:a1="http://schemas.microsoft.com/clr/nsassem/AStar/XMLHelper%2C%20Version%3D1.0.0.0%2C%20Culture%3Dneutral%2C%20PublicKeyToken%3Dnull">
<_EndNode href="#ref-13"/>
<_Length>3.1588776480904524</_Length>
<_LengthUpdated>true</_LengthUpdated>
<_Passable>true</_Passable>
<_StartNode href="#ref-12"/>
<_Weight>1</_Weight>
</a1:Arc>
<a1:Arc id="ref-31" xmlns:a1="http://schemas.microsoft.com/clr/nsassem/AStar/XMLHelper%2C%20Version%3D1.0.0.0%2C%20Culture%3Dneutral%2C%20PublicKeyToken%3Dnull">
<_EndNode href="#ref-13"/>
<_Length>3.3569615410768474</_Length>
<_LengthUpdated>true</_LengthUpdated>
<_Passable>true</_Passable>
<_StartNode href="#ref-14"/>
<_Weight>1</_Weight>
</a1:Arc>
<a1:Arc id="ref-32" xmlns:a1="http://schemas.microsoft.com/clr/nsassem/AStar/XMLHelper%2C%20Version%3D1.0.0.0%2C%20Culture%3Dneutral%2C%20PublicKeyToken%3Dnull">
<_EndNode href="#ref-14"/>
<_Length>3.3569615410768474</_Length>
<_LengthUpdated>true</_LengthUpdated>
<_Passable>true</_Passable>
<_StartNode href="#ref-13"/>
<_Weight>1</_Weight>
</a1:Arc>
<a1:Arc id="ref-33" xmlns:a1="http://schemas.microsoft.com/clr/nsassem/AStar/XMLHelper%2C%20Version%3D1.0.0.0%2C%20Culture%3Dneutral%2C%20PublicKeyToken%3Dnull">
<_EndNode href="#ref-14"/>
<_Length>3.3561615944696941</_Length>
<_LengthUpdated>true</_LengthUpdated>
<_Passable>true</_Passable>
<_StartNode href="#ref-15"/>
<_Weight>1</_Weight>
</a1:Arc>
<a1:Arc id="ref-34" xmlns:a1="http://schemas.microsoft.com/clr/nsassem/AStar/XMLHelper%2C%20Version%3D1.0.0.0%2C%20Culture%3Dneutral%2C%20PublicKeyToken%3Dnull">
<_EndNode href="#ref-15"/>
<_Length>3.3561615944696941</_Length>
<_LengthUpdated>true</_LengthUpdated>
<_Passable>true</_Passable>
<_StartNode href="#ref-14"/>
<_Weight>1</_Weight>
</a1:Arc>
<a1:Arc id="ref-35" xmlns:a1="http://schemas.microsoft.com/clr/nsassem/AStar/XMLHelper%2C%20Version%3D1.0.0.0%2C%20Culture%3Dneutral%2C%20PublicKeyToken%3Dnull">
<_EndNode href="#ref-15"/>
<_Length>3.3574872057707177</_Length>
<_LengthUpdated>true</_LengthUpdated>
<_Passable>true</_Passable>
<_StartNode href="#ref-16"/>
<_Weight>1</_Weight>
</a1:Arc>
<a1:Arc id="ref-36" xmlns:a1="http://schemas.microsoft.com/clr/nsassem/AStar/XMLHelper%2C%20Version%3D1.0.0.0%2C%20Culture%3Dneutral%2C%20PublicKeyToken%3Dnull">
<_EndNode href="#ref-16"/>
<_Length>3.3574872057707177</_Length>
<_LengthUpdated>true</_LengthUpdated>
<_Passable>true</_Passable>
<_StartNode href="#ref-15"/>
<_Weight>1</_Weight>
</a1:Arc>
<a1:Arc id="ref-37" xmlns:a1="http://schemas.microsoft.com/clr/nsassem/AStar/XMLHelper%2C%20Version%3D1.0.0.0%2C%20Culture%3Dneutral%2C%20PublicKeyToken%3Dnull">
<_EndNode href="#ref-16"/>
<_Length>3.24147632566342</_Length>
<_LengthUpdated>true</_LengthUpdated>
<_Passable>true</_Passable>
<_StartNode href="#ref-17"/>
<_Weight>1</_Weight>
</a1:Arc>
<a1:Arc id="ref-38" xmlns:a1="http://schemas.microsoft.com/clr/nsassem/AStar/XMLHelper%2C%20Version%3D1.0.0.0%2C%20Culture%3Dneutral%2C%20PublicKeyToken%3Dnull">
<_EndNode href="#ref-17"/>
<_Length>3.24147632566342</_Length>
<_LengthUpdated>true</_LengthUpdated>
<_Passable>true</_Passable>
<_StartNode href="#ref-16"/>
<_Weight>1</_Weight>
</a1:Arc>
<a1:Arc id="ref-39" xmlns:a1="http://schemas.microsoft.com/clr/nsassem/AStar/XMLHelper%2C%20Version%3D1.0.0.0%2C%20Culture%3Dneutral%2C%20PublicKeyToken%3Dnull">
<_EndNode href="#ref-17"/>
<_Length>0</_Length>
<_LengthUpdated>false</_LengthUpdated>
<_Passable>true</_Passable>
<_StartNode href="#ref-18"/>
<_Weight>1</_Weight>
</a1:Arc>
<a1:Arc id="ref-40" xmlns:a1="http://schemas.microsoft.com/clr/nsassem/AStar/XMLHelper%2C%20Version%3D1.0.0.0%2C%20Culture%3Dneutral%2C%20PublicKeyToken%3Dnull">
<_EndNode href="#ref-18"/>
<_Length>0</_Length>
<_LengthUpdated>false</_LengthUpdated>
<_Passable>true</_Passable>
<_StartNode href="#ref-17"/>
<_Weight>1</_Weight>
</a1:Arc>
<a2:ArrayList id="ref-41" xmlns:a2="http://schemas.microsoft.com/clr/ns/System.Collections">
<_items href="#ref-77"/>
<_size>1</_size>
<_version>1</_version>
</a2:ArrayList>
<a2:ArrayList id="ref-42" xmlns:a2="http://schemas.microsoft.com/clr/ns/System.Collections">
<_items href="#ref-78"/>
<_size>1</_size>
<_version>1</_version>
</a2:ArrayList>
<a4:Point3D id="ref-43" xmlns:a4="http://schemas.microsoft.com/clr/nsassem/Helpers/XMLHelper%2C%20Version%3D1.0.0.0%2C%20Culture%3Dneutral%2C%20PublicKeyToken%3Dnull">
<_Coordinates href="#ref-79"/>
</a4:Point3D>
<a2:ArrayList id="ref-44" xmlns:a2="http://schemas.microsoft.com/clr/ns/System.Collections">
<_items href="#ref-80"/>
<_size>2</_size>
<_version>2</_version>
</a2:ArrayList>
<a2:ArrayList id="ref-45" xmlns:a2="http://schemas.microsoft.com/clr/ns/System.Collections">
<_items href="#ref-81"/>
<_size>2</_size>
<_version>2</_version>
</a2:ArrayList>
<a4:Point3D id="ref-46" xmlns:a4="http://schemas.microsoft.com/clr/nsassem/Helpers/XMLHelper%2C%20Version%3D1.0.0.0%2C%20Culture%3Dneutral%2C%20PublicKeyToken%3Dnull">
<_Coordinates href="#ref-82"/>
</a4:Point3D>
<a2:ArrayList id="ref-47" xmlns:a2="http://schemas.microsoft.com/clr/ns/System.Collections">
<_items href="#ref-83"/>
<_size>2</_size>
<_version>2</_version>
</a2:ArrayList>
<a2:ArrayList id="ref-48" xmlns:a2="http://schemas.microsoft.com/clr/ns/System.Collections">
<_items href="#ref-84"/>
<_size>2</_size>
<_version>2</_version>
</a2:ArrayList>
<a4:Point3D id="ref-49" xmlns:a4="http://schemas.microsoft.com/clr/nsassem/Helpers/XMLHelper%2C%20Version%3D1.0.0.0%2C%20Culture%3Dneutral%2C%20PublicKeyToken%3Dnull">
<_Coordinates href="#ref-85"/>
</a4:Point3D>
<a2:ArrayList id="ref-50" xmlns:a2="http://schemas.microsoft.com/clr/ns/System.Collections">
<_items href="#ref-86"/>
<_size>2</_size>
<_version>2</_version>
</a2:ArrayList>
<a2:ArrayList id="ref-51" xmlns:a2="http://schemas.microsoft.com/clr/ns/System.Collections">
<_items href="#ref-87"/>
<_size>2</_size>
<_version>2</_version>
</a2:ArrayList>
<a4:Point3D id="ref-52" xmlns:a4="http://schemas.microsoft.com/clr/nsassem/Helpers/XMLHelper%2C%20Version%3D1.0.0.0%2C%20Culture%3Dneutral%2C%20PublicKeyToken%3Dnull">
<_Coordinates href="#ref-88"/>
</a4:Point3D>
<a2:ArrayList id="ref-53" xmlns:a2="http://schemas.microsoft.com/clr/ns/System.Collections">
<_items href="#ref-89"/>
<_size>2</_size>
<_version>2</_version>
</a2:ArrayList>
<a2:ArrayList id="ref-54" xmlns:a2="http://schemas.microsoft.com/clr/ns/System.Collections">
<_items href="#ref-90"/>
<_size>2</_size>
<_version>2</_version>
</a2:ArrayList>
<a4:Point3D id="ref-55" xmlns:a4="http://schemas.microsoft.com/clr/nsassem/Helpers/XMLHelper%2C%20Version%3D1.0.0.0%2C%20Culture%3Dneutral%2C%20PublicKeyToken%3Dnull">
<_Coordinates href="#ref-91"/>
</a4:Point3D>
<a2:ArrayList id="ref-56" xmlns:a2="http://schemas.microsoft.com/clr/ns/System.Collections">
<_items href="#ref-92"/>
<_size>2</_size>
<_version>2</_version>
</a2:ArrayList>
<a2:ArrayList id="ref-57" xmlns:a2="http://schemas.microsoft.com/clr/ns/System.Collections">
<_items href="#ref-93"/>
<_size>2</_size>
<_version>2</_version>
</a2:ArrayList>
<a4:Point3D id="ref-58" xmlns:a4="http://schemas.microsoft.com/clr/nsassem/Helpers/XMLHelper%2C%20Version%3D1.0.0.0%2C%20Culture%3Dneutral%2C%20PublicKeyToken%3Dnull">
<_Coordinates href="#ref-94"/>
</a4:Point3D>
<a2:ArrayList id="ref-59" xmlns:a2="http://schemas.microsoft.com/clr/ns/System.Collections">
<_items href="#ref-95"/>
<_size>2</_size>
<_version>2</_version>
</a2:ArrayList>
<a2:ArrayList id="ref-60" xmlns:a2="http://schemas.microsoft.com/clr/ns/System.Collections">
<_items href="#ref-96"/>
<_size>2</_size>
<_version>2</_version>
</a2:ArrayList>
<a4:Point3D id="ref-61" xmlns:a4="http://schemas.microsoft.com/clr/nsassem/Helpers/XMLHelper%2C%20Version%3D1.0.0.0%2C%20Culture%3Dneutral%2C%20PublicKeyToken%3Dnull">
<_Coordinates href="#ref-97"/>
</a4:Point3D>
<a2:ArrayList id="ref-62" xmlns:a2="http://schemas.microsoft.com/clr/ns/System.Collections">
<_items href="#ref-98"/>
<_size>2</_size>
<_version>2</_version>
</a2:ArrayList>
<a2:ArrayList id="ref-63" xmlns:a2="http://schemas.microsoft.com/clr/ns/System.Collections">
<_items href="#ref-99"/>
<_size>2</_size>
<_version>2</_version>
</a2:ArrayList>
<a4:Point3D id="ref-64" xmlns:a4="http://schemas.microsoft.com/clr/nsassem/Helpers/XMLHelper%2C%20Version%3D1.0.0.0%2C%20Culture%3Dneutral%2C%20PublicKeyToken%3Dnull">
<_Coordinates href="#ref-100"/>
</a4:Point3D>
<a2:ArrayList id="ref-65" xmlns:a2="http://schemas.microsoft.com/clr/ns/System.Collections">
<_items href="#ref-101"/>
<_size>2</_size>
<_version>2</_version>
</a2:ArrayList>
<a2:ArrayList id="ref-66" xmlns:a2="http://schemas.microsoft.com/clr/ns/System.Collections">
<_items href="#ref-102"/>
<_size>2</_size>
<_version>2</_version>
</a2:ArrayList>
<a4:Point3D id="ref-67" xmlns:a4="http://schemas.microsoft.com/clr/nsassem/Helpers/XMLHelper%2C%20Version%3D1.0.0.0%2C%20Culture%3Dneutral%2C%20PublicKeyToken%3Dnull">
<_Coordinates href="#ref-103"/>
</a4:Point3D>
<a2:ArrayList id="ref-68" xmlns:a2="http://schemas.microsoft.com/clr/ns/System.Collections">
<_items href="#ref-104"/>
<_size>2</_size>
<_version>2</_version>
</a2:ArrayList>
<a2:ArrayList id="ref-69" xmlns:a2="http://schemas.microsoft.com/clr/ns/System.Collections">
<_items href="#ref-105"/>
<_size>2</_size>
<_version>2</_version>
</a2:ArrayList>
<a4:Point3D id="ref-70" xmlns:a4="http://schemas.microsoft.com/clr/nsassem/Helpers/XMLHelper%2C%20Version%3D1.0.0.0%2C%20Culture%3Dneutral%2C%20PublicKeyToken%3Dnull">
<_Coordinates href="#ref-106"/>
</a4:Point3D>
<a2:ArrayList id="ref-71" xmlns:a2="http://schemas.microsoft.com/clr/ns/System.Collections">
<_items href="#ref-107"/>
<_size>3</_size>
<_version>3</_version>
</a2:ArrayList>
<a2:ArrayList id="ref-72" xmlns:a2="http://schemas.microsoft.com/clr/ns/System.Collections">
<_items href="#ref-108"/>
<_size>3</_size>
<_version>3</_version>
</a2:ArrayList>
<a4:Point3D id="ref-73" xmlns:a4="http://schemas.microsoft.com/clr/nsassem/Helpers/XMLHelper%2C%20Version%3D1.0.0.0%2C%20Culture%3Dneutral%2C%20PublicKeyToken%3Dnull">
<_Coordinates href="#ref-109"/>
</a4:Point3D>
<a2:ArrayList id="ref-74" xmlns:a2="http://schemas.microsoft.com/clr/ns/System.Collections">
<_items href="#ref-110"/>
<_size>2</_size>
<_version>2</_version>
</a2:ArrayList>
<a2:ArrayList id="ref-75" xmlns:a2="http://schemas.microsoft.com/clr/ns/System.Collections">
<_items href="#ref-111"/>
<_size>2</_size>
<_version>2</_version>
</a2:ArrayList>
<a4:Point3D id="ref-76" xmlns:a4="http://schemas.microsoft.com/clr/nsassem/Helpers/XMLHelper%2C%20Version%3D1.0.0.0%2C%20Culture%3Dneutral%2C%20PublicKeyToken%3Dnull">
<_Coordinates href="#ref-112"/>
</a4:Point3D>
<SOAP-ENC:Array id="ref-77" SOAP-ENC:arrayType="xsd:anyType[4]">
<item href="#ref-19"/>
</SOAP-ENC:Array>
<SOAP-ENC:Array id="ref-78" SOAP-ENC:arrayType="xsd:anyType[4]">
<item href="#ref-20"/>
</SOAP-ENC:Array>
<SOAP-ENC:Array id="ref-79" SOAP-ENC:arrayType="xsd:float[3]">
<item>2100.37158</item>
<item>1365.35</item>
<item>51.91088</item>
</SOAP-ENC:Array>
<SOAP-ENC:Array id="ref-80" SOAP-ENC:arrayType="xsd:anyType[4]">
<item href="#ref-20"/>
<item href="#ref-21"/>
</SOAP-ENC:Array>
<SOAP-ENC:Array id="ref-81" SOAP-ENC:arrayType="xsd:anyType[4]">
<item href="#ref-19"/>
<item href="#ref-22"/>
</SOAP-ENC:Array>
<SOAP-ENC:Array id="ref-82" SOAP-ENC:arrayType="xsd:float[3]">
<item>2099.89673</item>
<item>1361.99243</item>
<item>51.342617</item>
</SOAP-ENC:Array>
<SOAP-ENC:Array id="ref-83" SOAP-ENC:arrayType="xsd:anyType[4]">
<item href="#ref-22"/>
<item href="#ref-23"/>
</SOAP-ENC:Array>
<SOAP-ENC:Array id="ref-84" SOAP-ENC:arrayType="xsd:anyType[4]">
<item href="#ref-21"/>
<item href="#ref-24"/>
</SOAP-ENC:Array>
<SOAP-ENC:Array id="ref-85" SOAP-ENC:arrayType="xsd:float[3]">
<item>2101.05347</item>
<item>1358.83582</item>
<item>51.342617</item>
</SOAP-ENC:Array>
<SOAP-ENC:Array id="ref-86" SOAP-ENC:arrayType="xsd:anyType[4]">
<item href="#ref-24"/>
<item href="#ref-25"/>
</SOAP-ENC:Array>
<SOAP-ENC:Array id="ref-87" SOAP-ENC:arrayType="xsd:anyType[4]">
<item href="#ref-23"/>
<item href="#ref-26"/>
</SOAP-ENC:Array>
<SOAP-ENC:Array id="ref-88" SOAP-ENC:arrayType="xsd:float[3]">
<item>2101.58179</item>
<item>1355.3634</item>
<item>51.3426628</item>
</SOAP-ENC:Array>
<SOAP-ENC:Array id="ref-89" SOAP-ENC:arrayType="xsd:anyType[4]">
<item href="#ref-26"/>
<item href="#ref-27"/>
</SOAP-ENC:Array>
<SOAP-ENC:Array id="ref-90" SOAP-ENC:arrayType="xsd:anyType[4]">
<item href="#ref-25"/>
<item href="#ref-28"/>
</SOAP-ENC:Array>
<SOAP-ENC:Array id="ref-91" SOAP-ENC:arrayType="xsd:float[3]">
<item>2104.35718</item>
<item>1353.548</item>
<item>51.91682</item>
</SOAP-ENC:Array>
<SOAP-ENC:Array id="ref-92" SOAP-ENC:arrayType="xsd:anyType[4]">
<item href="#ref-28"/>
<item href="#ref-29"/>
</SOAP-ENC:Array>
<SOAP-ENC:Array id="ref-93" SOAP-ENC:arrayType="xsd:anyType[4]">
<item href="#ref-27"/>
<item href="#ref-30"/>
</SOAP-ENC:Array>
<SOAP-ENC:Array id="ref-94" SOAP-ENC:arrayType="xsd:float[3]">
<item>2107.33276</item>
<item>1354.80872</item>
<item>51.91682</item>
</SOAP-ENC:Array>
<SOAP-ENC:Array id="ref-95" SOAP-ENC:arrayType="xsd:anyType[4]">
<item href="#ref-30"/>
<item href="#ref-31"/>
</SOAP-ENC:Array>
<SOAP-ENC:Array id="ref-96" SOAP-ENC:arrayType="xsd:anyType[4]">
<item href="#ref-29"/>
<item href="#ref-32"/>
</SOAP-ENC:Array>
<SOAP-ENC:Array id="ref-97" SOAP-ENC:arrayType="xsd:float[3]">
<item>2107.89185</item>
<item>1357.91772</item>
<item>51.91682</item>
</SOAP-ENC:Array>
<SOAP-ENC:Array id="ref-98" SOAP-ENC:arrayType="xsd:anyType[4]">
<item href="#ref-32"/>
<item href="#ref-33"/>
</SOAP-ENC:Array>
<SOAP-ENC:Array id="ref-99" SOAP-ENC:arrayType="xsd:anyType[4]">
<item href="#ref-31"/>
<item href="#ref-34"/>
</SOAP-ENC:Array>
<SOAP-ENC:Array id="ref-100" SOAP-ENC:arrayType="xsd:float[3]">
<item>2107.6792</item>
<item>1361.268</item>
<item>51.91682</item>
</SOAP-ENC:Array>
<SOAP-ENC:Array id="ref-101" SOAP-ENC:arrayType="xsd:anyType[4]">
<item href="#ref-34"/>
<item href="#ref-35"/>
</SOAP-ENC:Array>
<SOAP-ENC:Array id="ref-102" SOAP-ENC:arrayType="xsd:anyType[4]">
<item href="#ref-33"/>
<item href="#ref-36"/>
</SOAP-ENC:Array>
<SOAP-ENC:Array id="ref-103" SOAP-ENC:arrayType="xsd:float[3]">
<item>2107.47754</item>
<item>1364.618</item>
<item>51.91682</item>
</SOAP-ENC:Array>
<SOAP-ENC:Array id="ref-104" SOAP-ENC:arrayType="xsd:anyType[4]">
<item href="#ref-36"/>
<item href="#ref-37"/>
</SOAP-ENC:Array>
<SOAP-ENC:Array id="ref-105" SOAP-ENC:arrayType="xsd:anyType[4]">
<item href="#ref-35"/>
<item href="#ref-38"/>
</SOAP-ENC:Array>
<SOAP-ENC:Array id="ref-106" SOAP-ENC:arrayType="xsd:float[3]">
<item>2106.99</item>
<item>1367.94</item>
<item>51.91682</item>
</SOAP-ENC:Array>
<SOAP-ENC:Array id="ref-107" SOAP-ENC:arrayType="xsd:anyType[4]">
<item href="#ref-38"/>
<item href="#ref-39"/>
<item href="#ref-113"/>
</SOAP-ENC:Array>
<SOAP-ENC:Array id="ref-108" SOAP-ENC:arrayType="xsd:anyType[4]">
<item href="#ref-37"/>
<item href="#ref-40"/>
<item href="#ref-114"/>
</SOAP-ENC:Array>
<SOAP-ENC:Array id="ref-109" SOAP-ENC:arrayType="xsd:float[3]">
<item>2106.89185</item>
<item>1371.17993</item>
<item>51.91682</item>
</SOAP-ENC:Array>
<SOAP-ENC:Array id="ref-110" SOAP-ENC:arrayType="xsd:anyType[4]">
<item href="#ref-40"/>
<item href="#ref-114"/>
</SOAP-ENC:Array>
<SOAP-ENC:Array id="ref-111" SOAP-ENC:arrayType="xsd:anyType[4]">
<item href="#ref-39"/>
<item href="#ref-113"/>
</SOAP-ENC:Array>
<SOAP-ENC:Array id="ref-112" SOAP-ENC:arrayType="xsd:float[3]">
<item>2103.61646</item>
<item>1374.93433</item>
<item>51.90449</item>
</SOAP-ENC:Array>
<a1:Arc id="ref-113" xmlns:a1="http://schemas.microsoft.com/clr/nsassem/AStar/XMLHelper%2C%20Version%3D1.0.0.0%2C%20Culture%3Dneutral%2C%20PublicKeyToken%3Dnull">
<_EndNode href="#ref-17"/>
<_Length>0</_Length>
<_LengthUpdated>false</_LengthUpdated>
<_Passable>true</_Passable>
<_StartNode href="#ref-18"/>
<_Weight>1</_Weight>
</a1:Arc>
<a1:Arc id="ref-114" xmlns:a1="http://schemas.microsoft.com/clr/nsassem/AStar/XMLHelper%2C%20Version%3D1.0.0.0%2C%20Culture%3Dneutral%2C%20PublicKeyToken%3Dnull">
<_EndNode href="#ref-18"/>
<_Length>0</_Length>
<_LengthUpdated>false</_LengthUpdated>
<_Passable>true</_Passable>
<_StartNode href="#ref-17"/>
<_Weight>1</_Weight>
</a1:Arc>
</SOAP-ENV:Body>
</SOAP-ENV:Envelope>
39"/>
</SOAP-ENC:Array>
<SOAP-ENC:Array id="ref-112" SOAP-ENC:arrayType="xsd:float[3]">
<item>2093.19946</item>
<item>1370.4032</item>
<item>51.9087</item>
</SOAP-ENC:Array>
<SOAP-ENC:Array id="ref-113" SOAP-ENC:arrayType="xsd:anyType[4]">
<item href="#ref-39"/>
<item href="#ref-40"/>
</SOAP-ENC:Array>
<SOAP-ENC:Array id="ref-114" SOAP-ENC:arrayType="xsd:anyType[4]">
<item href="#ref-38"/>
<item href="#ref-41"/>
</SOAP-ENC:Array>
<SOAP-ENC:Array id="ref-115" SOAP-ENC:arrayType="xsd:float[3]">
<item>2096.385</item>
<item>1369.344</item>
<item>51.9087</item>
</SOAP-ENC:Array>
<SOAP-ENC:Array id="ref-116" SOAP-ENC:arrayType="xsd:anyType[4]">
<item href="#ref-41"/>
<item href="#ref-42"/>
</SOAP-ENC:Array>
<SOAP-ENC:Array id="ref-117" SOAP-ENC:arrayType="xsd:anyType[4]">
<item href="#ref-40"/>
<item href="#ref-43"/>
</SOAP-ENC:Array>
<SOAP-ENC:Array id="ref-118" SOAP-ENC:arrayType="xsd:float[3]">
<item>2099.33081</item>
<item>1368.046</item>
<item>51.9087</item>
</SOAP-ENC:Array>
<SOAP-ENC:Array id="ref-119" SOAP-ENC:arrayType="xsd:anyType[4]">
<item href="#ref-43"/>
</SOAP-ENC:Array>
<SOAP-ENC:Array id="ref-120" SOAP-ENC:arrayType="xsd:anyType[4]">
<item href="#ref-42"/>
</SOAP-ENC:Array>
<SOAP-ENC:Array id="ref-121" SOAP-ENC:arrayType="xsd:float[3]">
<item>2102.50977</item>
<item>1366.852</item>
<item>51.9087</item>
</SOAP-ENC:Array>
<a1:Arc id="ref-122" xmlns:a1="http://schemas.microsoft.com/clr/nsassem/AStar/XMLHelper%2C%20Version%3D1.0.0.0%2C%20Culture%3Dneutral%2C%20PublicKeyToken%3Dnull">
<_EndNode href="#ref-7"/>
<_Length>3.0823997596350545</_Length>
<_LengthUpdated>true</_LengthUpdated>
<_Passable>true</_Passable>
<_StartNode href="#ref-8"/>
<_Weight>1</_Weight>
</a1:Arc>
<a1:Arc id="ref-123" xmlns:a1="http://schemas.microsoft.com/clr/nsassem/AStar/XMLHelper%2C%20Version%3D1.0.0.0%2C%20Culture%3Dneutral%2C%20PublicKeyToken%3Dnull">
<_EndNode href="#ref-8"/>
<_Length>3.0823997596350545</_Length>
<_LengthUpdated>true</_LengthUpdated>
<_Passable>true</_Passable>
<_StartNode href="#ref-7"/>
<_Weight>1</_Weight>
</a1:Arc>
</SOAP-ENV:Body>
</SOAP-ENV:Envelope>
