<SOAP-ENV:Envelope xmlns:xsi="http://www.w3.org/2001/XMLSchema-instance" xmlns:xsd="http://www.w3.org/2001/XMLSchema" xmlns:SOAP-ENC="http://schemas.xmlsoap.org/soap/encoding/" xmlns:SOAP-ENV="http://schemas.xmlsoap.org/soap/envelope/" xmlns:clr="http://schemas.microsoft.com/soap/encoding/clr/1.0" SOAP-ENV:encodingStyle="http://schemas.xmlsoap.org/soap/encoding/">
<SOAP-ENV:Body>
<a1:Graph id="ref-1" xmlns:a1="http://schemas.microsoft.com/clr/nsassem/AStar/XMLHelper%2C%20Version%3D1.0.0.0%2C%20Culture%3Dneutral%2C%20PublicKeyToken%3Dnull">
<NodeArray href="#ref-3"/>
<ArcArray href="#ref-4"/>
<NodeSize>3</NodeSize>
<NodeConnectSize>6</NodeConnectSize>
</a1:Graph>
<a2:ArrayList id="ref-3" xmlns:a2="http://schemas.microsoft.com/clr/ns/System.Collections">
<_items href="#ref-5"/>
<_size>15</_size>
<_version>67</_version>
</a2:ArrayList>
<a2:ArrayList id="ref-4" xmlns:a2="http://schemas.microsoft.com/clr/ns/System.Collections">
<_items href="#ref-6"/>
<_size>30</_size>
<_version>130</_version>
</a2:ArrayList>
<SOAP-ENC:Array id="ref-5" SOAP-ENC:arrayType="xsd:anyType[16]">
<item href="#ref-7"/>
<item href="#ref-8"/>
<item href="#ref-9"/>
<item href="#ref-10"/>
<item href="#ref-11"/>
<item href="#ref-12"/>
<item href="#ref-13"/>
<item href="#ref-14"/>
<item href="#ref-15"/>
<item href="#ref-16"/>
<item href="#ref-17"/>
<item href="#ref-18"/>
<item href="#ref-19"/>
<item href="#ref-20"/>
<item href="#ref-21"/>
</SOAP-ENC:Array>
<SOAP-ENC:Array id="ref-6" SOAP-ENC:arrayType="xsd:anyType[32]">
<item href="#ref-22"/>
<item href="#ref-23"/>
<item href="#ref-24"/>
<item href="#ref-25"/>
<item href="#ref-26"/>
<item href="#ref-27"/>
<item href="#ref-28"/>
<item href="#ref-29"/>
<item href="#ref-30"/>
<item href="#ref-31"/>
<item href="#ref-32"/>
<item href="#ref-33"/>
<item href="#ref-34"/>
<item href="#ref-35"/>
<item href="#ref-36"/>
<item href="#ref-37"/>
<item href="#ref-38"/>
<item href="#ref-39"/>
<item href="#ref-40"/>
<item href="#ref-41"/>
<item href="#ref-42"/>
<item href="#ref-43"/>
<item href="#ref-44"/>
<item href="#ref-45"/>
<item href="#ref-46"/>
<item href="#ref-47"/>
<item href="#ref-48"/>
<item href="#ref-49"/>
<item href="#ref-50"/>
<item href="#ref-51"/>
</SOAP-ENC:Array>
<a1:Node id="ref-7" xmlns:a1="http://schemas.microsoft.com/clr/nsassem/AStar/XMLHelper%2C%20Version%3D1.0.0.0%2C%20Culture%3Dneutral%2C%20PublicKeyToken%3Dnull">
<_IncomingArcs href="#ref-52"/>
<_OutgoingArcs href="#ref-53"/>
<_Passable>true</_Passable>
<_Position href="#ref-54"/>
</a1:Node>
<a1:Node id="ref-8" xmlns:a1="http://schemas.microsoft.com/clr/nsassem/AStar/XMLHelper%2C%20Version%3D1.0.0.0%2C%20Culture%3Dneutral%2C%20PublicKeyToken%3Dnull">
<_IncomingArcs href="#ref-55"/>
<_OutgoingArcs href="#ref-56"/>
<_Passable>true</_Passable>
<_Position href="#ref-57"/>
</a1:Node>
<a1:Node id="ref-9" xmlns:a1="http://schemas.microsoft.com/clr/nsassem/AStar/XMLHelper%2C%20Version%3D1.0.0.0%2C%20Culture%3Dneutral%2C%20PublicKeyToken%3Dnull">
<_IncomingArcs href="#ref-58"/>
<_OutgoingArcs href="#ref-59"/>
<_Passable>true</_Passable>
<_Position href="#ref-60"/>
</a1:Node>
<a1:Node id="ref-10" xmlns:a1="http://schemas.microsoft.com/clr/nsassem/AStar/XMLHelper%2C%20Version%3D1.0.0.0%2C%20Culture%3Dneutral%2C%20PublicKeyToken%3Dnull">
<_IncomingArcs href="#ref-61"/>
<_OutgoingArcs href="#ref-62"/>
<_Passable>true</_Passable>
<_Position href="#ref-63"/>
</a1:Node>
<a1:Node id="ref-11" xmlns:a1="http://schemas.microsoft.com/clr/nsassem/AStar/XMLHelper%2C%20Version%3D1.0.0.0%2C%20Culture%3Dneutral%2C%20PublicKeyToken%3Dnull">
<_IncomingArcs href="#ref-64"/>
<_OutgoingArcs href="#ref-65"/>
<_Passable>true</_Passable>
<_Position href="#ref-66"/>
</a1:Node>
<a1:Node id="ref-12" xmlns:a1="http://schemas.microsoft.com/clr/nsassem/AStar/XMLHelper%2C%20Version%3D1.0.0.0%2C%20Culture%3Dneutral%2C%20PublicKeyToken%3Dnull">
<_IncomingArcs href="#ref-67"/>
<_OutgoingArcs href="#ref-68"/>
<_Passable>true</_Passable>
<_Position href="#ref-69"/>
</a1:Node>
<a1:Node id="ref-13" xmlns:a1="http://schemas.microsoft.com/clr/nsassem/AStar/XMLHelper%2C%20Version%3D1.0.0.0%2C%20Culture%3Dneutral%2C%20PublicKeyToken%3Dnull">
<_IncomingArcs href="#ref-70"/>
<_OutgoingArcs href="#ref-71"/>
<_Passable>true</_Passable>
<_Position href="#ref-72"/>
</a1:Node>
<a1:Node id="ref-14" xmlns:a1="http://schemas.microsoft.com/clr/nsassem/AStar/XMLHelper%2C%20Version%3D1.0.0.0%2C%20Culture%3Dneutral%2C%20PublicKeyToken%3Dnull">
<_IncomingArcs href="#ref-73"/>
<_OutgoingArcs href="#ref-74"/>
<_Passable>true</_Passable>
<_Position href="#ref-75"/>
</a1:Node>
<a1:Node id="ref-15" xmlns:a1="http://schemas.microsoft.com/clr/nsassem/AStar/XMLHelper%2C%20Version%3D1.0.0.0%2C%20Culture%3Dneutral%2C%20PublicKeyToken%3Dnull">
<_IncomingArcs href="#ref-76"/>
<_OutgoingArcs href="#ref-77"/>
<_Passable>true</_Passable>
<_Position href="#ref-78"/>
</a1:Node>
<a1:Node id="ref-16" xmlns:a1="http://schemas.microsoft.com/clr/nsassem/AStar/XMLHelper%2C%20Version%3D1.0.0.0%2C%20Culture%3Dneutral%2C%20PublicKeyToken%3Dnull">
<_IncomingArcs href="#ref-79"/>
<_OutgoingArcs href="#ref-80"/>
<_Passable>true</_Passable>
<_Position href="#ref-81"/>
</a1:Node>
<a1:Node id="ref-17" xmlns:a1="http://schemas.microsoft.com/clr/nsassem/AStar/XMLHelper%2C%20Version%3D1.0.0.0%2C%20Culture%3Dneutral%2C%20PublicKeyToken%3Dnull">
<_IncomingArcs href="#ref-82"/>
<_OutgoingArcs href="#ref-83"/>
<_Passable>true</_Passable>
<_Position href="#ref-84"/>
</a1:Node>
<a1:Node id="ref-18" xmlns:a1="http://schemas.microsoft.com/clr/nsassem/AStar/XMLHelper%2C%20Version%3D1.0.0.0%2C%20Culture%3Dneutral%2C%20PublicKeyToken%3Dnull">
<_IncomingArcs href="#ref-85"/>
<_OutgoingArcs href="#ref-86"/>
<_Passable>true</_Passable>
<_Position href="#ref-87"/>
</a1:Node>
<a1:Node id="ref-19" xmlns:a1="http://schemas.microsoft.com/clr/nsassem/AStar/XMLHelper%2C%20Version%3D1.0.0.0%2C%20Culture%3Dneutral%2C%20PublicKeyToken%3Dnull">
<_IncomingArcs href="#ref-88"/>
<_OutgoingArcs href="#ref-89"/>
<_Passable>true</_Passable>
<_Position href="#ref-90"/>
</a1:Node>
<a1:Node id="ref-20" xmlns:a1="http://schemas.microsoft.com/clr/nsassem/AStar/XMLHelper%2C%20Version%3D1.0.0.0%2C%20Culture%3Dneutral%2C%20PublicKeyToken%3Dnull">
<_IncomingArcs href="#ref-91"/>
<_OutgoingArcs href="#ref-92"/>
<_Passable>true</_Passable>
<_Position href="#ref-93"/>
</a1:Node>
<a1:Node id="ref-21" xmlns:a1="http://schemas.microsoft.com/clr/nsassem/AStar/XMLHelper%2C%20Version%3D1.0.0.0%2C%20Culture%3Dneutral%2C%20PublicKeyToken%3Dnull">
<_IncomingArcs href="#ref-94"/>
<_OutgoingArcs href="#ref-95"/>
<_Passable>true</_Passable>
<_Position href="#ref-96"/>
</a1:Node>
<a1:Arc id="ref-22" xmlns:a1="http://schemas.microsoft.com/clr/nsassem/AStar/XMLHelper%2C%20Version%3D1.0.0.0%2C%20Culture%3Dneutral%2C%20PublicKeyToken%3Dnull">
<_EndNode href="#ref-7"/>
<_Length>3.4382424679792032</_Length>
<_LengthUpdated>true</_LengthUpdated>
<_Passable>true</_Passable>
<_StartNode href="#ref-8"/>
<_Weight>1</_Weight>
</a1:Arc>
<a1:Arc id="ref-23" xmlns:a1="http://schemas.microsoft.com/clr/nsassem/AStar/XMLHelper%2C%20Version%3D1.0.0.0%2C%20Culture%3Dneutral%2C%20PublicKeyToken%3Dnull">
<_EndNode href="#ref-8"/>
<_Length>3.4382424679792032</_Length>
<_LengthUpdated>true</_LengthUpdated>
<_Passable>true</_Passable>
<_StartNode href="#ref-7"/>
<_Weight>1</_Weight>
</a1:Arc>
<a1:Arc id="ref-24" xmlns:a1="http://schemas.microsoft.com/clr/nsassem/AStar/XMLHelper%2C%20Version%3D1.0.0.0%2C%20Culture%3Dneutral%2C%20PublicKeyToken%3Dnull">
<_EndNode href="#ref-8"/>
<_Length>3.36188473656275</_Length>
<_LengthUpdated>true</_LengthUpdated>
<_Passable>true</_Passable>
<_StartNode href="#ref-9"/>
<_Weight>1</_Weight>
</a1:Arc>
<a1:Arc id="ref-25" xmlns:a1="http://schemas.microsoft.com/clr/nsassem/AStar/XMLHelper%2C%20Version%3D1.0.0.0%2C%20Culture%3Dneutral%2C%20PublicKeyToken%3Dnull">
<_EndNode href="#ref-9"/>
<_Length>3.36188473656275</_Length>
<_LengthUpdated>true</_LengthUpdated>
<_Passable>true</_Passable>
<_StartNode href="#ref-8"/>
<_Weight>1</_Weight>
</a1:Arc>
<a1:Arc id="ref-26" xmlns:a1="http://schemas.microsoft.com/clr/nsassem/AStar/XMLHelper%2C%20Version%3D1.0.0.0%2C%20Culture%3Dneutral%2C%20PublicKeyToken%3Dnull">
<_EndNode href="#ref-9"/>
<_Length>3.5123735778429932</_Length>
<_LengthUpdated>true</_LengthUpdated>
<_Passable>true</_Passable>
<_StartNode href="#ref-10"/>
<_Weight>1</_Weight>
</a1:Arc>
<a1:Arc id="ref-27" xmlns:a1="http://schemas.microsoft.com/clr/nsassem/AStar/XMLHelper%2C%20Version%3D1.0.0.0%2C%20Culture%3Dneutral%2C%20PublicKeyToken%3Dnull">
<_EndNode href="#ref-10"/>
<_Length>3.5123735778429932</_Length>
<_LengthUpdated>true</_LengthUpdated>
<_Passable>true</_Passable>
<_StartNode href="#ref-9"/>
<_Weight>1</_Weight>
</a1:Arc>
<a1:Arc id="ref-28" xmlns:a1="http://schemas.microsoft.com/clr/nsassem/AStar/XMLHelper%2C%20Version%3D1.0.0.0%2C%20Culture%3Dneutral%2C%20PublicKeyToken%3Dnull">
<_EndNode href="#ref-10"/>
<_Length>3.3657444386377144</_Length>
<_LengthUpdated>true</_LengthUpdated>
<_Passable>true</_Passable>
<_StartNode href="#ref-11"/>
<_Weight>1</_Weight>
</a1:Arc>
<a1:Arc id="ref-29" xmlns:a1="http://schemas.microsoft.com/clr/nsassem/AStar/XMLHelper%2C%20Version%3D1.0.0.0%2C%20Culture%3Dneutral%2C%20PublicKeyToken%3Dnull">
<_EndNode href="#ref-11"/>
<_Length>3.3657444386377144</_Length>
<_LengthUpdated>true</_LengthUpdated>
<_Passable>true</_Passable>
<_StartNode href="#ref-10"/>
<_Weight>1</_Weight>
</a1:Arc>
<a1:Arc id="ref-30" xmlns:a1="http://schemas.microsoft.com/clr/nsassem/AStar/XMLHelper%2C%20Version%3D1.0.0.0%2C%20Culture%3Dneutral%2C%20PublicKeyToken%3Dnull">
<_EndNode href="#ref-11"/>
<_Length>3.2316532200701915</_Length>
<_LengthUpdated>true</_LengthUpdated>
<_Passable>true</_Passable>
<_StartNode href="#ref-12"/>
<_Weight>1</_Weight>
</a1:Arc>
<a1:Arc id="ref-31" xmlns:a1="http://schemas.microsoft.com/clr/nsassem/AStar/XMLHelper%2C%20Version%3D1.0.0.0%2C%20Culture%3Dneutral%2C%20PublicKeyToken%3Dnull">
<_EndNode href="#ref-12"/>
<_Length>3.2316532200701915</_Length>
<_LengthUpdated>true</_LengthUpdated>
<_Passable>true</_Passable>
<_StartNode href="#ref-11"/>
<_Weight>1</_Weight>
</a1:Arc>
<a1:Arc id="ref-32" xmlns:a1="http://schemas.microsoft.com/clr/nsassem/AStar/XMLHelper%2C%20Version%3D1.0.0.0%2C%20Culture%3Dneutral%2C%20PublicKeyToken%3Dnull">
<_EndNode href="#ref-12"/>
<_Length>3.1588776480904524</_Length>
<_LengthUpdated>true</_LengthUpdated>
<_Passable>true</_Passable>
<_StartNode href="#ref-13"/>
<_Weight>1</_Weight>
</a1:Arc>
<a1:Arc id="ref-33" xmlns:a1="http://schemas.microsoft.com/clr/nsassem/AStar/XMLHelper%2C%20Version%3D1.0.0.0%2C%20Culture%3Dneutral%2C%20PublicKeyToken%3Dnull">
<_EndNode href="#ref-13"/>
<_Length>3.1588776480904524</_Length>
<_LengthUpdated>true</_LengthUpdated>
<_Passable>true</_Passable>
<_StartNode href="#ref-12"/>
<_Weight>1</_Weight>
</a1:Arc>
<a1:Arc id="ref-34" xmlns:a1="http://schemas.microsoft.com/clr/nsassem/AStar/XMLHelper%2C%20Version%3D1.0.0.0%2C%20Culture%3Dneutral%2C%20PublicKeyToken%3Dnull">
<_EndNode href="#ref-13"/>
<_Length>3.3569615410768474</_Length>
<_LengthUpdated>true</_LengthUpdated>
<_Passable>true</_Passable>
<_StartNode href="#ref-14"/>
<_Weight>1</_Weight>
</a1:Arc>
<a1:Arc id="ref-35" xmlns:a1="http://schemas.microsoft.com/clr/nsassem/AStar/XMLHelper%2C%20Version%3D1.0.0.0%2C%20Culture%3Dneutral%2C%20PublicKeyToken%3Dnull">
<_EndNode href="#ref-14"/>
<_Length>3.3569615410768474</_Length>
<_LengthUpdated>true</_LengthUpdated>
<_Passable>true</_Passable>
<_StartNode href="#ref-13"/>
<_Weight>1</_Weight>
</a1:Arc>
<a1:Arc id="ref-36" xmlns:a1="http://schemas.microsoft.com/clr/nsassem/AStar/XMLHelper%2C%20Version%3D1.0.0.0%2C%20Culture%3Dneutral%2C%20PublicKeyToken%3Dnull">
<_EndNode href="#ref-14"/>
<_Length>3.3561615944696941</_Length>
<_LengthUpdated>true</_LengthUpdated>
<_Passable>true</_Passable>
<_StartNode href="#ref-15"/>
<_Weight>1</_Weight>
</a1:Arc>
<a1:Arc id="ref-37" xmlns:a1="http://schemas.microsoft.com/clr/nsassem/AStar/XMLHelper%2C%20Version%3D1.0.0.0%2C%20Culture%3Dneutral%2C%20PublicKeyToken%3Dnull">
<_EndNode href="#ref-15"/>
<_Length>3.3561615944696941</_Length>
<_LengthUpdated>true</_LengthUpdated>
<_Passable>true</_Passable>
<_StartNode href="#ref-14"/>
<_Weight>1</_Weight>
</a1:Arc>
<a1:Arc id="ref-38" xmlns:a1="http://schemas.microsoft.com/clr/nsassem/AStar/XMLHelper%2C%20Version%3D1.0.0.0%2C%20Culture%3Dneutral%2C%20PublicKeyToken%3Dnull">
<_EndNode href="#ref-15"/>
<_Length>3.3574872057707177</_Length>
<_LengthUpdated>true</_LengthUpdated>
<_Passable>true</_Passable>
<_StartNode href="#ref-16"/>
<_Weight>1</_Weight>
</a1:Arc>
<a1:Arc id="ref-39" xmlns:a1="http://schemas.microsoft.com/clr/nsassem/AStar/XMLHelper%2C%20Version%3D1.0.0.0%2C%20Culture%3Dneutral%2C%20PublicKeyToken%3Dnull">
<_EndNode href="#ref-16"/>
<_Length>3.3574872057707177</_Length>
<_LengthUpdated>true</_LengthUpdated>
<_Passable>true</_Passable>
<_StartNode href="#ref-15"/>
<_Weight>1</_Weight>
</a1:Arc>
<a1:Arc id="ref-40" xmlns:a1="http://schemas.microsoft.com/clr/nsassem/AStar/XMLHelper%2C%20Version%3D1.0.0.0%2C%20Culture%3Dneutral%2C%20PublicKeyToken%3Dnull">
<_EndNode href="#ref-16"/>
<_Length>3.24147632566342</_Length>
<_LengthUpdated>true</_LengthUpdated>
<_Passable>true</_Passable>
<_StartNode href="#ref-17"/>
<_Weight>1</_Weight>
</a1:Arc>
<a1:Arc id="ref-41" xmlns:a1="http://schemas.microsoft.com/clr/nsassem/AStar/XMLHelper%2C%20Version%3D1.0.0.0%2C%20Culture%3Dneutral%2C%20PublicKeyToken%3Dnull">
<_EndNode href="#ref-17"/>
<_Length>3.24147632566342</_Length>
<_LengthUpdated>true</_LengthUpdated>
<_Passable>true</_Passable>
<_StartNode href="#ref-16"/>
<_Weight>1</_Weight>
</a1:Arc>
<a1:Arc id="ref-42" xmlns:a1="http://schemas.microsoft.com/clr/nsassem/AStar/XMLHelper%2C%20Version%3D1.0.0.0%2C%20Culture%3Dneutral%2C%20PublicKeyToken%3Dnull">
<_EndNode href="#ref-17"/>
<_Length>4.98235028797553</_Length>
<_LengthUpdated>true</_LengthUpdated>
<_Passable>true</_Passable>
<_StartNode href="#ref-18"/>
<_Weight>1</_Weight>
</a1:Arc>
<a1:Arc id="ref-43" xmlns:a1="http://schemas.microsoft.com/clr/nsassem/AStar/XMLHelper%2C%20Version%3D1.0.0.0%2C%20Culture%3Dneutral%2C%20PublicKeyToken%3Dnull">
<_EndNode href="#ref-18"/>
<_Length>4.98235028797553</_Length>
<_LengthUpdated>true</_LengthUpdated>
<_Passable>true</_Passable>
<_StartNode href="#ref-17"/>
<_Weight>1</_Weight>
</a1:Arc>
<a1:Arc id="ref-44" xmlns:a1="http://schemas.microsoft.com/clr/nsassem/AStar/XMLHelper%2C%20Version%3D1.0.0.0%2C%20Culture%3Dneutral%2C%20PublicKeyToken%3Dnull">
<_EndNode href="#ref-7"/>
<_Length>3.9780538044662026</_Length>
<_LengthUpdated>true</_LengthUpdated>
<_Passable>true</_Passable>
<_StartNode href="#ref-19"/>
<_Weight>1</_Weight>
</a1:Arc>
<a1:Arc id="ref-45" xmlns:a1="http://schemas.microsoft.com/clr/nsassem/AStar/XMLHelper%2C%20Version%3D1.0.0.0%2C%20Culture%3Dneutral%2C%20PublicKeyToken%3Dnull">
<_EndNode href="#ref-19"/>
<_Length>3.9780538044662026</_Length>
<_LengthUpdated>true</_LengthUpdated>
<_Passable>true</_Passable>
<_StartNode href="#ref-7"/>
<_Weight>1</_Weight>
</a1:Arc>
<a1:Arc id="ref-46" xmlns:a1="http://schemas.microsoft.com/clr/nsassem/AStar/XMLHelper%2C%20Version%3D1.0.0.0%2C%20Culture%3Dneutral%2C%20PublicKeyToken%3Dnull">
<_EndNode href="#ref-19"/>
<_Length>3.23364146294868</_Length>
<_LengthUpdated>true</_LengthUpdated>
<_Passable>true</_Passable>
<_StartNode href="#ref-20"/>
<_Weight>1</_Weight>
</a1:Arc>
<a1:Arc id="ref-47" xmlns:a1="http://schemas.microsoft.com/clr/nsassem/AStar/XMLHelper%2C%20Version%3D1.0.0.0%2C%20Culture%3Dneutral%2C%20PublicKeyToken%3Dnull">
<_EndNode href="#ref-20"/>
<_Length>3.23364146294868</_Length>
<_LengthUpdated>true</_LengthUpdated>
<_Passable>true</_Passable>
<_StartNode href="#ref-19"/>
<_Weight>1</_Weight>
</a1:Arc>
<a1:Arc id="ref-48" xmlns:a1="http://schemas.microsoft.com/clr/nsassem/AStar/XMLHelper%2C%20Version%3D1.0.0.0%2C%20Culture%3Dneutral%2C%20PublicKeyToken%3Dnull">
<_EndNode href="#ref-19"/>
<_Length>4.1180043866883116</_Length>
<_LengthUpdated>true</_LengthUpdated>
<_Passable>true</_Passable>
<_StartNode href="#ref-21"/>
<_Weight>1</_Weight>
</a1:Arc>
<a1:Arc id="ref-49" xmlns:a1="http://schemas.microsoft.com/clr/nsassem/AStar/XMLHelper%2C%20Version%3D1.0.0.0%2C%20Culture%3Dneutral%2C%20PublicKeyToken%3Dnull">
<_EndNode href="#ref-21"/>
<_Length>4.1180043866883116</_Length>
<_LengthUpdated>true</_LengthUpdated>
<_Passable>true</_Passable>
<_StartNode href="#ref-19"/>
<_Weight>1</_Weight>
</a1:Arc>
<a1:Arc id="ref-50" xmlns:a1="http://schemas.microsoft.com/clr/nsassem/AStar/XMLHelper%2C%20Version%3D1.0.0.0%2C%20Culture%3Dneutral%2C%20PublicKeyToken%3Dnull">
<_EndNode href="#ref-7"/>
<_Length>4.3276124506135112</_Length>
<_LengthUpdated>true</_LengthUpdated>
<_Passable>true</_Passable>
<_StartNode href="#ref-21"/>
<_Weight>1</_Weight>
</a1:Arc>
<a1:Arc id="ref-51" xmlns:a1="http://schemas.microsoft.com/clr/nsassem/AStar/XMLHelper%2C%20Version%3D1.0.0.0%2C%20Culture%3Dneutral%2C%20PublicKeyToken%3Dnull">
<_EndNode href="#ref-21"/>
<_Length>4.3276124506135112</_Length>
<_LengthUpdated>true</_LengthUpdated>
<_Passable>true</_Passable>
<_StartNode href="#ref-7"/>
<_Weight>1</_Weight>
</a1:Arc>
<a2:ArrayList id="ref-52" xmlns:a2="http://schemas.microsoft.com/clr/ns/System.Collections">
<_items href="#ref-97"/>
<_size>5</_size>
<_version>5</_version>
</a2:ArrayList>
<a2:ArrayList id="ref-53" xmlns:a2="http://schemas.microsoft.com/clr/ns/System.Collections">
<_items href="#ref-98"/>
<_size>5</_size>
<_version>5</_version>
</a2:ArrayList>
<a4:Point3D id="ref-54" xmlns:a4="http://schemas.microsoft.com/clr/nsassem/Helpers/XMLHelper%2C%20Version%3D1.0.0.0%2C%20Culture%3Dneutral%2C%20PublicKeyToken%3Dnull">
<_Coordinates href="#ref-99"/>
</a4:Point3D>
<a2:ArrayList id="ref-55" xmlns:a2="http://schemas.microsoft.com/clr/ns/System.Collections">
<_items href="#ref-100"/>
<_size>2</_size>
<_version>2</_version>
</a2:ArrayList>
<a2:ArrayList id="ref-56" xmlns:a2="http://schemas.microsoft.com/clr/ns/System.Collections">
<_items href="#ref-101"/>
<_size>2</_size>
<_version>2</_version>
</a2:ArrayList>
<a4:Point3D id="ref-57" xmlns:a4="http://schemas.microsoft.com/clr/nsassem/Helpers/XMLHelper%2C%20Version%3D1.0.0.0%2C%20Culture%3Dneutral%2C%20PublicKeyToken%3Dnull">
<_Coordinates href="#ref-102"/>
</a4:Point3D>
<a2:ArrayList id="ref-58" xmlns:a2="http://schemas.microsoft.com/clr/ns/System.Collections">
<_items href="#ref-103"/>
<_size>2</_size>
<_version>2</_version>
</a2:ArrayList>
<a2:ArrayList id="ref-59" xmlns:a2="http://schemas.microsoft.com/clr/ns/System.Collections">
<_items href="#ref-104"/>
<_size>2</_size>
<_version>2</_version>
</a2:ArrayList>
<a4:Point3D id="ref-60" xmlns:a4="http://schemas.microsoft.com/clr/nsassem/Helpers/XMLHelper%2C%20Version%3D1.0.0.0%2C%20Culture%3Dneutral%2C%20PublicKeyToken%3Dnull">
<_Coordinates href="#ref-105"/>
</a4:Point3D>
<a2:ArrayList id="ref-61" xmlns:a2="http://schemas.microsoft.com/clr/ns/System.Collections">
<_items href="#ref-106"/>
<_size>2</_size>
<_version>2</_version>
</a2:ArrayList>
<a2:ArrayList id="ref-62" xmlns:a2="http://schemas.microsoft.com/clr/ns/System.Collections">
<_items href="#ref-107"/>
<_size>2</_size>
<_version>2</_version>
</a2:ArrayList>
<a4:Point3D id="ref-63" xmlns:a4="http://schemas.microsoft.com/clr/nsassem/Helpers/XMLHelper%2C%20Version%3D1.0.0.0%2C%20Culture%3Dneutral%2C%20PublicKeyToken%3Dnull">
<_Coordinates href="#ref-108"/>
</a4:Point3D>
<a2:ArrayList id="ref-64" xmlns:a2="http://schemas.microsoft.com/clr/ns/System.Collections">
<_items href="#ref-109"/>
<_size>2</_size>
<_version>2</_version>
</a2:ArrayList>
<a2:ArrayList id="ref-65" xmlns:a2="http://schemas.microsoft.com/clr/ns/System.Collections">
<_items href="#ref-110"/>
<_size>2</_size>
<_version>2</_version>
</a2:ArrayList>
<a4:Point3D id="ref-66" xmlns:a4="http://schemas.microsoft.com/clr/nsassem/Helpers/XMLHelper%2C%20Version%3D1.0.0.0%2C%20Culture%3Dneutral%2C%20PublicKeyToken%3Dnull">
<_Coordinates href="#ref-111"/>
</a4:Point3D>
<a2:ArrayList id="ref-67" xmlns:a2="http://schemas.microsoft.com/clr/ns/System.Collections">
<_items href="#ref-112"/>
<_size>2</_size>
<_version>2</_version>
</a2:ArrayList>
<a2:ArrayList id="ref-68" xmlns:a2="http://schemas.microsoft.com/clr/ns/System.Collections">
<_items href="#ref-113"/>
<_size>2</_size>
<_version>2</_version>
</a2:ArrayList>
<a4:Point3D id="ref-69" xmlns:a4="http://schemas.microsoft.com/clr/nsassem/Helpers/XMLHelper%2C%20Version%3D1.0.0.0%2C%20Culture%3Dneutral%2C%20PublicKeyToken%3Dnull">
<_Coordinates href="#ref-114"/>
</a4:Point3D>
<a2:ArrayList id="ref-70" xmlns:a2="http://schemas.microsoft.com/clr/ns/System.Collections">
<_items href="#ref-115"/>
<_size>2</_size>
<_version>2</_version>
</a2:ArrayList>
<a2:ArrayList id="ref-71" xmlns:a2="http://schemas.microsoft.com/clr/ns/System.Collections">
<_items href="#ref-116"/>
<_size>2</_size>
<_version>2</_version>
</a2:ArrayList>
<a4:Point3D id="ref-72" xmlns:a4="http://schemas.microsoft.com/clr/nsassem/Helpers/XMLHelper%2C%20Version%3D1.0.0.0%2C%20Culture%3Dneutral%2C%20PublicKeyToken%3Dnull">
<_Coordinates href="#ref-117"/>
</a4:Point3D>
<a2:ArrayList id="ref-73" xmlns:a2="http://schemas.microsoft.com/clr/ns/System.Collections">
<_items href="#ref-118"/>
<_size>2</_size>
<_version>2</_version>
</a2:ArrayList>
<a2:ArrayList id="ref-74" xmlns:a2="http://schemas.microsoft.com/clr/ns/System.Collections">
<_items href="#ref-119"/>
<_size>2</_size>
<_version>2</_version>
</a2:ArrayList>
<a4:Point3D id="ref-75" xmlns:a4="http://schemas.microsoft.com/clr/nsassem/Helpers/XMLHelper%2C%20Version%3D1.0.0.0%2C%20Culture%3Dneutral%2C%20PublicKeyToken%3Dnull">
<_Coordinates href="#ref-120"/>
</a4:Point3D>
<a2:ArrayList id="ref-76" xmlns:a2="http://schemas.microsoft.com/clr/ns/System.Collections">
<_items href="#ref-121"/>
<_size>2</_size>
<_version>2</_version>
</a2:ArrayList>
<a2:ArrayList id="ref-77" xmlns:a2="http://schemas.microsoft.com/clr/ns/System.Collections">
<_items href="#ref-122"/>
<_size>2</_size>
<_version>2</_version>
</a2:ArrayList>
<a4:Point3D id="ref-78" xmlns:a4="http://schemas.microsoft.com/clr/nsassem/Helpers/XMLHelper%2C%20Version%3D1.0.0.0%2C%20Culture%3Dneutral%2C%20PublicKeyToken%3Dnull">
<_Coordinates href="#ref-123"/>
</a4:Point3D>
<a2:ArrayList id="ref-79" xmlns:a2="http://schemas.microsoft.com/clr/ns/System.Collections">
<_items href="#ref-124"/>
<_size>2</_size>
<_version>2</_version>
</a2:ArrayList>
<a2:ArrayList id="ref-80" xmlns:a2="http://schemas.microsoft.com/clr/ns/System.Collections">
<_items href="#ref-125"/>
<_size>2</_size>
<_version>2</_version>
</a2:ArrayList>
<a4:Point3D id="ref-81" xmlns:a4="http://schemas.microsoft.com/clr/nsassem/Helpers/XMLHelper%2C%20Version%3D1.0.0.0%2C%20Culture%3Dneutral%2C%20PublicKeyToken%3Dnull">
<_Coordinates href="#ref-126"/>
</a4:Point3D>
<a2:ArrayList id="ref-82" xmlns:a2="http://schemas.microsoft.com/clr/ns/System.Collections">
<_items href="#ref-127"/>
<_size>3</_size>
<_version>3</_version>
</a2:ArrayList>
<a2:ArrayList id="ref-83" xmlns:a2="http://schemas.microsoft.com/clr/ns/System.Collections">
<_items href="#ref-128"/>
<_size>3</_size>
<_version>3</_version>
</a2:ArrayList>
<a4:Point3D id="ref-84" xmlns:a4="http://schemas.microsoft.com/clr/nsassem/Helpers/XMLHelper%2C%20Version%3D1.0.0.0%2C%20Culture%3Dneutral%2C%20PublicKeyToken%3Dnull">
<_Coordinates href="#ref-129"/>
</a4:Point3D>
<a2:ArrayList id="ref-85" xmlns:a2="http://schemas.microsoft.com/clr/ns/System.Collections">
<_items href="#ref-130"/>
<_size>2</_size>
<_version>2</_version>
</a2:ArrayList>
<a2:ArrayList id="ref-86" xmlns:a2="http://schemas.microsoft.com/clr/ns/System.Collections">
<_items href="#ref-131"/>
<_size>2</_size>
<_version>2</_version>
</a2:ArrayList>
<a4:Point3D id="ref-87" xmlns:a4="http://schemas.microsoft.com/clr/nsassem/Helpers/XMLHelper%2C%20Version%3D1.0.0.0%2C%20Culture%3Dneutral%2C%20PublicKeyToken%3Dnull">
<_Coordinates href="#ref-132"/>
</a4:Point3D>
<a2:ArrayList id="ref-88" xmlns:a2="http://schemas.microsoft.com/clr/ns/System.Collections">
<_items href="#ref-133"/>
<_size>13</_size>
<_version>13</_version>
</a2:ArrayList>
<a2:ArrayList id="ref-89" xmlns:a2="http://schemas.microsoft.com/clr/ns/System.Collections">
<_items href="#ref-134"/>
<_size>13</_size>
<_version>13</_version>
</a2:ArrayList>
<a4:Point3D id="ref-90" xmlns:a4="http://schemas.microsoft.com/clr/nsassem/Helpers/XMLHelper%2C%20Version%3D1.0.0.0%2C%20Culture%3Dneutral%2C%20PublicKeyToken%3Dnull">
<_Coordinates href="#ref-135"/>
</a4:Point3D>
<a2:ArrayList id="ref-91" xmlns:a2="http://schemas.microsoft.com/clr/ns/System.Collections">
<_items href="#ref-136"/>
<_size>4</_size>
<_version>4</_version>
</a2:ArrayList>
<a2:ArrayList id="ref-92" xmlns:a2="http://schemas.microsoft.com/clr/ns/System.Collections">
<_items href="#ref-137"/>
<_size>4</_size>
<_version>4</_version>
</a2:ArrayList>
<a4:Point3D id="ref-93" xmlns:a4="http://schemas.microsoft.com/clr/nsassem/Helpers/XMLHelper%2C%20Version%3D1.0.0.0%2C%20Culture%3Dneutral%2C%20PublicKeyToken%3Dnull">
<_Coordinates href="#ref-138"/>
</a4:Point3D>
<a2:ArrayList id="ref-94" xmlns:a2="http://schemas.microsoft.com/clr/ns/System.Collections">
<_items href="#ref-139"/>
<_size>7</_size>
<_version>7</_version>
</a2:ArrayList>
<a2:ArrayList id="ref-95" xmlns:a2="http://schemas.microsoft.com/clr/ns/System.Collections">
<_items href="#ref-140"/>
<_size>7</_size>
<_version>7</_version>
</a2:ArrayList>
<a4:Point3D id="ref-96" xmlns:a4="http://schemas.microsoft.com/clr/nsassem/Helpers/XMLHelper%2C%20Version%3D1.0.0.0%2C%20Culture%3Dneutral%2C%20PublicKeyToken%3Dnull">
<_Coordinates href="#ref-141"/>
</a4:Point3D>
<SOAP-ENC:Array id="ref-97" SOAP-ENC:arrayType="xsd:anyType[8]">
<item href="#ref-22"/>
<item href="#ref-44"/>
<item href="#ref-142"/>
<item href="#ref-143"/>
<item href="#ref-50"/>
</SOAP-ENC:Array>
<SOAP-ENC:Array id="ref-98" SOAP-ENC:arrayType="xsd:anyType[8]">
<item href="#ref-23"/>
<item href="#ref-45"/>
<item href="#ref-144"/>
<item href="#ref-145"/>
<item href="#ref-51"/>
</SOAP-ENC:Array>
<SOAP-ENC:Array id="ref-99" SOAP-ENC:arrayType="xsd:float[3]">
<item>2100.37158</item>
<item>1365.35</item>
<item>51.91088</item>
</SOAP-ENC:Array>
<SOAP-ENC:Array id="ref-100" SOAP-ENC:arrayType="xsd:anyType[4]">
<item href="#ref-23"/>
<item href="#ref-24"/>
</SOAP-ENC:Array>
<SOAP-ENC:Array id="ref-101" SOAP-ENC:arrayType="xsd:anyType[4]">
<item href="#ref-22"/>
<item href="#ref-25"/>
</SOAP-ENC:Array>
<SOAP-ENC:Array id="ref-102" SOAP-ENC:arrayType="xsd:float[3]">
<item>2099.89673</item>
<item>1361.99243</item>
<item>51.342617</item>
</SOAP-ENC:Array>
<SOAP-ENC:Array id="ref-103" SOAP-ENC:arrayType="xsd:anyType[4]">
<item href="#ref-25"/>
<item href="#ref-26"/>
</SOAP-ENC:Array>
<SOAP-ENC:Array id="ref-104" SOAP-ENC:arrayType="xsd:anyType[4]">
<item href="#ref-24"/>
<item href="#ref-27"/>
</SOAP-ENC:Array>
<SOAP-ENC:Array id="ref-105" SOAP-ENC:arrayType="xsd:float[3]">
<item>2101.05347</item>
<item>1358.83582</item>
<item>51.342617</item>
</SOAP-ENC:Array>
<SOAP-ENC:Array id="ref-106" SOAP-ENC:arrayType="xsd:anyType[4]">
<item href="#ref-27"/>
<item href="#ref-28"/>
</SOAP-ENC:Array>
<SOAP-ENC:Array id="ref-107" SOAP-ENC:arrayType="xsd:anyType[4]">
<item href="#ref-26"/>
<item href="#ref-29"/>
</SOAP-ENC:Array>
<SOAP-ENC:Array id="ref-108" SOAP-ENC:arrayType="xsd:float[3]">
<item>2101.58179</item>
<item>1355.3634</item>
<item>51.3426628</item>
</SOAP-ENC:Array>
<SOAP-ENC:Array id="ref-109" SOAP-ENC:arrayType="xsd:anyType[4]">
<item href="#ref-29"/>
<item href="#ref-30"/>
</SOAP-ENC:Array>
<SOAP-ENC:Array id="ref-110" SOAP-ENC:arrayType="xsd:anyType[4]">
<item href="#ref-28"/>
<item href="#ref-31"/>
</SOAP-ENC:Array>
<SOAP-ENC:Array id="ref-111" SOAP-ENC:arrayType="xsd:float[3]">
<item>2104.35718</item>
<item>1353.548</item>
<item>51.91682</item>
</SOAP-ENC:Array>
<SOAP-ENC:Array id="ref-112" SOAP-ENC:arrayType="xsd:anyType[4]">
<item href="#ref-31"/>
<item href="#ref-32"/>
</SOAP-ENC:Array>
<SOAP-ENC:Array id="ref-113" SOAP-ENC:arrayType="xsd:anyType[4]">
<item href="#ref-30"/>
<item href="#ref-33"/>
</SOAP-ENC:Array>
<SOAP-ENC:Array id="ref-114" SOAP-ENC:arrayType="xsd:float[3]">
<item>2107.33276</item>
<item>1354.80872</item>
<item>51.91682</item>
</SOAP-ENC:Array>
<SOAP-ENC:Array id="ref-115" SOAP-ENC:arrayType="xsd:anyType[4]">
<item href="#ref-33"/>
<item href="#ref-34"/>
</SOAP-ENC:Array>
<SOAP-ENC:Array id="ref-116" SOAP-ENC:arrayType="xsd:anyType[4]">
<item href="#ref-32"/>
<item href="#ref-35"/>
</SOAP-ENC:Array>
<SOAP-ENC:Array id="ref-117" SOAP-ENC:arrayType="xsd:float[3]">
<item>2107.89185</item>
<item>1357.91772</item>
<item>51.91682</item>
</SOAP-ENC:Array>
<SOAP-ENC:Array id="ref-118" SOAP-ENC:arrayType="xsd:anyType[4]">
<item href="#ref-35"/>
<item href="#ref-36"/>
</SOAP-ENC:Array>
<SOAP-ENC:Array id="ref-119" SOAP-ENC:arrayType="xsd:anyType[4]">
<item href="#ref-34"/>
<item href="#ref-37"/>
</SOAP-ENC:Array>
<SOAP-ENC:Array id="ref-120" SOAP-ENC:arrayType="xsd:float[3]">
<item>2107.6792</item>
<item>1361.268</item>
<item>51.91682</item>
</SOAP-ENC:Array>
<SOAP-ENC:Array id="ref-121" SOAP-ENC:arrayType="xsd:anyType[4]">
<item href="#ref-37"/>
<item href="#ref-38"/>
</SOAP-ENC:Array>
<SOAP-ENC:Array id="ref-122" SOAP-ENC:arrayType="xsd:anyType[4]">
<item href="#ref-36"/>
<item href="#ref-39"/>
</SOAP-ENC:Array>
<SOAP-ENC:Array id="ref-123" SOAP-ENC:arrayType="xsd:float[3]">
<item>2107.47754</item>
<item>1364.618</item>
<item>51.91682</item>
</SOAP-ENC:Array>
<SOAP-ENC:Array id="ref-124" SOAP-ENC:arrayType="xsd:anyType[4]">
<item href="#ref-39"/>
<item href="#ref-40"/>
</SOAP-ENC:Array>
<SOAP-ENC:Array id="ref-125" SOAP-ENC:arrayType="xsd:anyType[4]">
<item href="#ref-38"/>
<item href="#ref-41"/>
</SOAP-ENC:Array>
<SOAP-ENC:Array id="ref-126" SOAP-ENC:arrayType="xsd:float[3]">
<item>2106.99</item>
<item>1367.94</item>
<item>51.91682</item>
</SOAP-ENC:Array>
<SOAP-ENC:Array id="ref-127" SOAP-ENC:arrayType="xsd:anyType[4]">
<item href="#ref-41"/>
<item href="#ref-42"/>
<item href="#ref-146"/>
</SOAP-ENC:Array>
<SOAP-ENC:Array id="ref-128" SOAP-ENC:arrayType="xsd:anyType[4]">
<item href="#ref-40"/>
<item href="#ref-43"/>
<item href="#ref-147"/>
</SOAP-ENC:Array>
<SOAP-ENC:Array id="ref-129" SOAP-ENC:arrayType="xsd:float[3]">
<item>2106.89185</item>
<item>1371.17993</item>
<item>51.91682</item>
</SOAP-ENC:Array>
<SOAP-ENC:Array id="ref-130" SOAP-ENC:arrayType="xsd:anyType[4]">
<item href="#ref-43"/>
<item href="#ref-147"/>
</SOAP-ENC:Array>
<SOAP-ENC:Array id="ref-131" SOAP-ENC:arrayType="xsd:anyType[4]">
<item href="#ref-42"/>
<item href="#ref-146"/>
</SOAP-ENC:Array>
<SOAP-ENC:Array id="ref-132" SOAP-ENC:arrayType="xsd:float[3]">
<item>2103.61646</item>
<item>1374.93433</item>
<item>51.90449</item>
</SOAP-ENC:Array>
<SOAP-ENC:Array id="ref-133" SOAP-ENC:arrayType="xsd:anyType[16]">
<item href="#ref-45"/>
<item href="#ref-46"/>
<item href="#ref-148"/>
<item href="#ref-48"/>
<item href="#ref-149"/>
<item href="#ref-144"/>
<item href="#ref-145"/>
<item href="#ref-150"/>
<item href="#ref-151"/>
<item href="#ref-152"/>
<item href="#ref-153"/>
<item href="#ref-154"/>
<item href="#ref-155"/>
</SOAP-ENC:Array>
<SOAP-ENC:Array id="ref-134" SOAP-ENC:arrayType="xsd:anyType[16]">
<item href="#ref-44"/>
<item href="#ref-47"/>
<item href="#ref-156"/>
<item href="#ref-49"/>
<item href="#ref-157"/>
<item href="#ref-142"/>
<item href="#ref-143"/>
<item href="#ref-158"/>
<item href="#ref-159"/>
<item href="#ref-160"/>
<item href="#ref-161"/>
<item href="#ref-162"/>
<item href="#ref-163"/>
</SOAP-ENC:Array>
<SOAP-ENC:Array id="ref-135" SOAP-ENC:arrayType="xsd:float[3]">
<item>2099.90063</item>
<item>1369.3</item>
<item>51.904377</item>
</SOAP-ENC:Array>
<SOAP-ENC:Array id="ref-136" SOAP-ENC:arrayType="xsd:anyType[4]">
<item href="#ref-47"/>
<item href="#ref-156"/>
<item href="#ref-161"/>
<item href="#ref-162"/>
</SOAP-ENC:Array>
<SOAP-ENC:Array id="ref-137" SOAP-ENC:arrayType="xsd:anyType[4]">
<item href="#ref-46"/>
<item href="#ref-148"/>
<item href="#ref-153"/>
<item href="#ref-154"/>
</SOAP-ENC:Array>
<SOAP-ENC:Array id="ref-138" SOAP-ENC:arrayType="xsd:float[3]">
<item>2099.51</item>
<item>1372.51</item>
<item>51.904377</item>
</SOAP-ENC:Array>
<SOAP-ENC:Array id="ref-139" SOAP-ENC:arrayType="xsd:anyType[8]">
<item href="#ref-49"/>
<item href="#ref-157"/>
<item href="#ref-158"/>
<item href="#ref-51"/>
<item href="#ref-159"/>
<item href="#ref-160"/>
<item href="#ref-163"/>
</SOAP-ENC:Array>
<SOAP-ENC:Array id="ref-140" SOAP-ENC:arrayType="xsd:anyType[8]">
<item href="#ref-48"/>
<item href="#ref-149"/>
<item href="#ref-150"/>
<item href="#ref-50"/>
<item href="#ref-151"/>
<item href="#ref-152"/>
<item href="#ref-155"/>
</SOAP-ENC:Array>
<SOAP-ENC:Array id="ref-141" SOAP-ENC:arrayType="xsd:float[3]">
<item>2103.80347</item>
<item>1367.98633</item>
<item>51.904377</item>
</SOAP-ENC:Array>
<a1:Arc id="ref-142" xmlns:a1="http://schemas.microsoft.com/clr/nsassem/AStar/XMLHelper%2C%20Version%3D1.0.0.0%2C%20Culture%3Dneutral%2C%20PublicKeyToken%3Dnull">
<_EndNode href="#ref-7"/>
<_Length>3.9780538044662026</_Length>
<_LengthUpdated>true</_LengthUpdated>
<_Passable>true</_Passable>
<_StartNode href="#ref-19"/>
<_Weight>1</_Weight>
</a1:Arc>
<a1:Arc id="ref-143" xmlns:a1="http://schemas.microsoft.com/clr/nsassem/AStar/XMLHelper%2C%20Version%3D1.0.0.0%2C%20Culture%3Dneutral%2C%20PublicKeyToken%3Dnull">
<_EndNode href="#ref-7"/>
<_Length>3.9780538044662026</_Length>
<_LengthUpdated>true</_LengthUpdated>
<_Passable>true</_Passable>
<_StartNode href="#ref-19"/>
<_Weight>1</_Weight>
</a1:Arc>
<a1:Arc id="ref-144" xmlns:a1="http://schemas.microsoft.com/clr/nsassem/AStar/XMLHelper%2C%20Version%3D1.0.0.0%2C%20Culture%3Dneutral%2C%20PublicKeyToken%3Dnull">
<_EndNode href="#ref-19"/>
<_Length>3.9780538044662026</_Length>
<_LengthUpdated>true</_LengthUpdated>
<_Passable>true</_Passable>
<_StartNode href="#ref-7"/>
<_Weight>1</_Weight>
</a1:Arc>
<a1:Arc id="ref-145" xmlns:a1="http://schemas.microsoft.com/clr/nsassem/AStar/XMLHelper%2C%20Version%3D1.0.0.0%2C%20Culture%3Dneutral%2C%20PublicKeyToken%3Dnull">
<_EndNode href="#ref-19"/>
<_Length>3.9780538044662026</_Length>
<_LengthUpdated>true</_LengthUpdated>
<_Passable>true</_Passable>
<_StartNode href="#ref-7"/>
<_Weight>1</_Weight>
</a1:Arc>
<a1:Arc id="ref-146" xmlns:a1="http://schemas.microsoft.com/clr/nsassem/AStar/XMLHelper%2C%20Version%3D1.0.0.0%2C%20Culture%3Dneutral%2C%20PublicKeyToken%3Dnull">
<_EndNode href="#ref-17"/>
<_Length>4.98235028797553</_Length>
<_LengthUpdated>true</_LengthUpdated>
<_Passable>true</_Passable>
<_StartNode href="#ref-18"/>
<_Weight>1</_Weight>
</a1:Arc>
<a1:Arc id="ref-147" xmlns:a1="http://schemas.microsoft.com/clr/nsassem/AStar/XMLHelper%2C%20Version%3D1.0.0.0%2C%20Culture%3Dneutral%2C%20PublicKeyToken%3Dnull">
<_EndNode href="#ref-18"/>
<_Length>4.98235028797553</_Length>
<_LengthUpdated>true</_LengthUpdated>
<_Passable>true</_Passable>
<_StartNode href="#ref-17"/>
<_Weight>1</_Weight>
</a1:Arc>
<a1:Arc id="ref-148" xmlns:a1="http://schemas.microsoft.com/clr/nsassem/AStar/XMLHelper%2C%20Version%3D1.0.0.0%2C%20Culture%3Dneutral%2C%20PublicKeyToken%3Dnull">
<_EndNode href="#ref-19"/>
<_Length>3.23364146294868</_Length>
<_LengthUpdated>true</_LengthUpdated>
<_Passable>true</_Passable>
<_StartNode href="#ref-20"/>
<_Weight>1</_Weight>
</a1:Arc>
<a1:Arc id="ref-149" xmlns:a1="http://schemas.microsoft.com/clr/nsassem/AStar/XMLHelper%2C%20Version%3D1.0.0.0%2C%20Culture%3Dneutral%2C%20PublicKeyToken%3Dnull">
<_EndNode href="#ref-19"/>
<_Length>4.1180043866883116</_Length>
<_LengthUpdated>true</_LengthUpdated>
<_Passable>true</_Passable>
<_StartNode href="#ref-21"/>
<_Weight>1</_Weight>
</a1:Arc>
<a1:Arc id="ref-150" xmlns:a1="http://schemas.microsoft.com/clr/nsassem/AStar/XMLHelper%2C%20Version%3D1.0.0.0%2C%20Culture%3Dneutral%2C%20PublicKeyToken%3Dnull">
<_EndNode href="#ref-19"/>
<_Length>4.1180043866883116</_Length>
<_LengthUpdated>true</_LengthUpdated>
<_Passable>true</_Passable>
<_StartNode href="#ref-21"/>
<_Weight>1</_Weight>
</a1:Arc>
<a1:Arc id="ref-151" xmlns:a1="http://schemas.microsoft.com/clr/nsassem/AStar/XMLHelper%2C%20Version%3D1.0.0.0%2C%20Culture%3Dneutral%2C%20PublicKeyToken%3Dnull">
<_EndNode href="#ref-19"/>
<_Length>4.1180043866883116</_Length>
<_LengthUpdated>true</_LengthUpdated>
<_Passable>true</_Passable>
<_StartNode href="#ref-21"/>
<_Weight>1</_Weight>
</a1:Arc>
<a1:Arc id="ref-152" xmlns:a1="http://schemas.microsoft.com/clr/nsassem/AStar/XMLHelper%2C%20Version%3D1.0.0.0%2C%20Culture%3Dneutral%2C%20PublicKeyToken%3Dnull">
<_EndNode href="#ref-19"/>
<_Length>4.1180043866883116</_Length>
<_LengthUpdated>true</_LengthUpdated>
<_Passable>true</_Passable>
<_StartNode href="#ref-21"/>
<_Weight>1</_Weight>
</a1:Arc>
<a1:Arc id="ref-153" xmlns:a1="http://schemas.microsoft.com/clr/nsassem/AStar/XMLHelper%2C%20Version%3D1.0.0.0%2C%20Culture%3Dneutral%2C%20PublicKeyToken%3Dnull">
<_EndNode href="#ref-19"/>
<_Length>3.23364146294868</_Length>
<_LengthUpdated>true</_LengthUpdated>
<_Passable>true</_Passable>
<_StartNode href="#ref-20"/>
<_Weight>1</_Weight>
</a1:Arc>
<a1:Arc id="ref-154" xmlns:a1="http://schemas.microsoft.com/clr/nsassem/AStar/XMLHelper%2C%20Version%3D1.0.0.0%2C%20Culture%3Dneutral%2C%20PublicKeyToken%3Dnull">
<_EndNode href="#ref-19"/>
<_Length>3.23364146294868</_Length>
<_LengthUpdated>true</_LengthUpdated>
<_Passable>true</_Passable>
<_StartNode href="#ref-20"/>
<_Weight>1</_Weight>
</a1:Arc>
<a1:Arc id="ref-155" xmlns:a1="http://schemas.microsoft.com/clr/nsassem/AStar/XMLHelper%2C%20Version%3D1.0.0.0%2C%20Culture%3Dneutral%2C%20PublicKeyToken%3Dnull">
<_EndNode href="#ref-19"/>
<_Length>4.1180043866883116</_Length>
<_LengthUpdated>true</_LengthUpdated>
<_Passable>true</_Passable>
<_StartNode href="#ref-21"/>
<_Weight>1</_Weight>
</a1:Arc>
<a1:Arc id="ref-156" xmlns:a1="http://schemas.microsoft.com/clr/nsassem/AStar/XMLHelper%2C%20Version%3D1.0.0.0%2C%20Culture%3Dneutral%2C%20PublicKeyToken%3Dnull">
<_EndNode href="#ref-20"/>
<_Length>3.23364146294868</_Length>
<_LengthUpdated>true</_LengthUpdated>
<_Passable>true</_Passable>
<_StartNode href="#ref-19"/>
<_Weight>1</_Weight>
</a1:Arc>
<a1:Arc id="ref-157" xmlns:a1="http://schemas.microsoft.com/clr/nsassem/AStar/XMLHelper%2C%20Version%3D1.0.0.0%2C%20Culture%3Dneutral%2C%20PublicKeyToken%3Dnull">
<_EndNode href="#ref-21"/>
<_Length>4.1180043866883116</_Length>
<_LengthUpdated>true</_LengthUpdated>
<_Passable>true</_Passable>
<_StartNode href="#ref-19"/>
<_Weight>1</_Weight>
</a1:Arc>
<a1:Arc id="ref-158" xmlns:a1="http://schemas.microsoft.com/clr/nsassem/AStar/XMLHelper%2C%20Version%3D1.0.0.0%2C%20Culture%3Dneutral%2C%20PublicKeyToken%3Dnull">
<_EndNode href="#ref-21"/>
<_Length>4.1180043866883116</_Length>
<_LengthUpdated>true</_LengthUpdated>
<_Passable>true</_Passable>
<_StartNode href="#ref-19"/>
<_Weight>1</_Weight>
</a1:Arc>
<a1:Arc id="ref-159" xmlns:a1="http://schemas.microsoft.com/clr/nsassem/AStar/XMLHelper%2C%20Version%3D1.0.0.0%2C%20Culture%3Dneutral%2C%20PublicKeyToken%3Dnull">
<_EndNode href="#ref-21"/>
<_Length>4.1180043866883116</_Length>
<_LengthUpdated>true</_LengthUpdated>
<_Passable>true</_Passable>
<_StartNode href="#ref-19"/>
<_Weight>1</_Weight>
</a1:Arc>
<a1:Arc id="ref-160" xmlns:a1="http://schemas.microsoft.com/clr/nsassem/AStar/XMLHelper%2C%20Version%3D1.0.0.0%2C%20Culture%3Dneutral%2C%20PublicKeyToken%3Dnull">
<_EndNode href="#ref-21"/>
<_Length>4.1180043866883116</_Length>
<_LengthUpdated>true</_LengthUpdated>
<_Passable>true</_Passable>
<_StartNode href="#ref-19"/>
<_Weight>1</_Weight>
</a1:Arc>
<a1:Arc id="ref-161" xmlns:a1="http://schemas.microsoft.com/clr/nsassem/AStar/XMLHelper%2C%20Version%3D1.0.0.0%2C%20Culture%3Dneutral%2C%20PublicKeyToken%3Dnull">
<_EndNode href="#ref-20"/>
<_Length>3.23364146294868</_Length>
<_LengthUpdated>true</_LengthUpdated>
<_Passable>true</_Passable>
<_StartNode href="#ref-19"/>
<_Weight>1</_Weight>
</a1:Arc>
<a1:Arc id="ref-162" xmlns:a1="http://schemas.microsoft.com/clr/nsassem/AStar/XMLHelper%2C%20Version%3D1.0.0.0%2C%20Culture%3Dneutral%2C%20PublicKeyToken%3Dnull">
<_EndNode href="#ref-20"/>
<_Length>3.23364146294868</_Length>
<_LengthUpdated>true</_LengthUpdated>
<_Passable>true</_Passable>
<_StartNode href="#ref-19"/>
<_Weight>1</_Weight>
</a1:Arc>
<a1:Arc id="ref-163" xmlns:a1="http://schemas.microsoft.com/clr/nsassem/AStar/XMLHelper%2C%20Version%3D1.0.0.0%2C%20Culture%3Dneutral%2C%20PublicKeyToken%3Dnull">
<_EndNode href="#ref-21"/>
<_Length>4.1180043866883116</_Length>
<_LengthUpdated>true</_LengthUpdated>
<_Passable>true</_Passable>
<_StartNode href="#ref-19"/>
<_Weight>1</_Weight>
</a1:Arc>
</SOAP-ENV:Body>
</SOAP-ENV:Envelope>
