<SOAP-ENV:Envelope xmlns:xsi="http://www.w3.org/2001/XMLSchema-instance" xmlns:xsd="http://www.w3.org/2001/XMLSchema" xmlns:SOAP-ENC="http://schemas.xmlsoap.org/soap/encoding/" xmlns:SOAP-ENV="http://schemas.xmlsoap.org/soap/envelope/" xmlns:clr="http://schemas.microsoft.com/soap/encoding/clr/1.0" SOAP-ENV:encodingStyle="http://schemas.xmlsoap.org/soap/encoding/">
<SOAP-ENV:Body>
<a1:Graph id="ref-1" xmlns:a1="http://schemas.microsoft.com/clr/nsassem/AStar/XMLHelper%2C%20Version%3D1.0.0.0%2C%20Culture%3Dneutral%2C%20PublicKeyToken%3Dnull">
<NodeArray href="#ref-3"/>
<ArcArray href="#ref-4"/>
<NodeSize>3</NodeSize>
<NodeConnectSize>6</NodeConnectSize>
</a1:Graph>
<a2:ArrayList id="ref-3" xmlns:a2="http://schemas.microsoft.com/clr/ns/System.Collections">
<_items href="#ref-5"/>
<_size>21</_size>
<_version>21</_version>
</a2:ArrayList>
<a2:ArrayList id="ref-4" xmlns:a2="http://schemas.microsoft.com/clr/ns/System.Collections">
<_items href="#ref-6"/>
<_size>40</_size>
<_version>40</_version>
</a2:ArrayList>
<SOAP-ENC:Array id="ref-5" SOAP-ENC:arrayType="xsd:anyType[32]">
<item href="#ref-7"/>
<item href="#ref-8"/>
<item href="#ref-9"/>
<item href="#ref-10"/>
<item href="#ref-11"/>
<item href="#ref-12"/>
<item href="#ref-13"/>
<item href="#ref-14"/>
<item href="#ref-15"/>
<item href="#ref-16"/>
<item href="#ref-17"/>
<item href="#ref-18"/>
<item href="#ref-19"/>
<item href="#ref-20"/>
<item href="#ref-21"/>
<item href="#ref-22"/>
<item href="#ref-23"/>
<item href="#ref-24"/>
<item href="#ref-25"/>
<item href="#ref-26"/>
<item href="#ref-27"/>
</SOAP-ENC:Array>
<SOAP-ENC:Array id="ref-6" SOAP-ENC:arrayType="xsd:anyType[64]">
<item href="#ref-28"/>
<item href="#ref-29"/>
<item href="#ref-30"/>
<item href="#ref-31"/>
<item href="#ref-32"/>
<item href="#ref-33"/>
<item href="#ref-34"/>
<item href="#ref-35"/>
<item href="#ref-36"/>
<item href="#ref-37"/>
<item href="#ref-38"/>
<item href="#ref-39"/>
<item href="#ref-40"/>
<item href="#ref-41"/>
<item href="#ref-42"/>
<item href="#ref-43"/>
<item href="#ref-44"/>
<item href="#ref-45"/>
<item href="#ref-46"/>
<item href="#ref-47"/>
<item href="#ref-48"/>
<item href="#ref-49"/>
<item href="#ref-50"/>
<item href="#ref-51"/>
<item href="#ref-52"/>
<item href="#ref-53"/>
<item href="#ref-54"/>
<item href="#ref-55"/>
<item href="#ref-56"/>
<item href="#ref-57"/>
<item href="#ref-58"/>
<item href="#ref-59"/>
<item href="#ref-60"/>
<item href="#ref-61"/>
<item href="#ref-62"/>
<item href="#ref-63"/>
<item href="#ref-64"/>
<item href="#ref-65"/>
<item href="#ref-66"/>
<item href="#ref-67"/>
</SOAP-ENC:Array>
<a1:Node id="ref-7" xmlns:a1="http://schemas.microsoft.com/clr/nsassem/AStar/XMLHelper%2C%20Version%3D1.0.0.0%2C%20Culture%3Dneutral%2C%20PublicKeyToken%3Dnull">
<_IncomingArcs href="#ref-68"/>
<_OutgoingArcs href="#ref-69"/>
<_Passable>true</_Passable>
<_Position href="#ref-70"/>
</a1:Node>
<a1:Node id="ref-8" xmlns:a1="http://schemas.microsoft.com/clr/nsassem/AStar/XMLHelper%2C%20Version%3D1.0.0.0%2C%20Culture%3Dneutral%2C%20PublicKeyToken%3Dnull">
<_IncomingArcs href="#ref-71"/>
<_OutgoingArcs href="#ref-72"/>
<_Passable>true</_Passable>
<_Position href="#ref-73"/>
</a1:Node>
<a1:Node id="ref-9" xmlns:a1="http://schemas.microsoft.com/clr/nsassem/AStar/XMLHelper%2C%20Version%3D1.0.0.0%2C%20Culture%3Dneutral%2C%20PublicKeyToken%3Dnull">
<_IncomingArcs href="#ref-74"/>
<_OutgoingArcs href="#ref-75"/>
<_Passable>true</_Passable>
<_Position href="#ref-76"/>
</a1:Node>
<a1:Node id="ref-10" xmlns:a1="http://schemas.microsoft.com/clr/nsassem/AStar/XMLHelper%2C%20Version%3D1.0.0.0%2C%20Culture%3Dneutral%2C%20PublicKeyToken%3Dnull">
<_IncomingArcs href="#ref-77"/>
<_OutgoingArcs href="#ref-78"/>
<_Passable>true</_Passable>
<_Position href="#ref-79"/>
</a1:Node>
<a1:Node id="ref-11" xmlns:a1="http://schemas.microsoft.com/clr/nsassem/AStar/XMLHelper%2C%20Version%3D1.0.0.0%2C%20Culture%3Dneutral%2C%20PublicKeyToken%3Dnull">
<_IncomingArcs href="#ref-80"/>
<_OutgoingArcs href="#ref-81"/>
<_Passable>true</_Passable>
<_Position href="#ref-82"/>
</a1:Node>
<a1:Node id="ref-12" xmlns:a1="http://schemas.microsoft.com/clr/nsassem/AStar/XMLHelper%2C%20Version%3D1.0.0.0%2C%20Culture%3Dneutral%2C%20PublicKeyToken%3Dnull">
<_IncomingArcs href="#ref-83"/>
<_OutgoingArcs href="#ref-84"/>
<_Passable>true</_Passable>
<_Position href="#ref-85"/>
</a1:Node>
<a1:Node id="ref-13" xmlns:a1="http://schemas.microsoft.com/clr/nsassem/AStar/XMLHelper%2C%20Version%3D1.0.0.0%2C%20Culture%3Dneutral%2C%20PublicKeyToken%3Dnull">
<_IncomingArcs href="#ref-86"/>
<_OutgoingArcs href="#ref-87"/>
<_Passable>true</_Passable>
<_Position href="#ref-88"/>
</a1:Node>
<a1:Node id="ref-14" xmlns:a1="http://schemas.microsoft.com/clr/nsassem/AStar/XMLHelper%2C%20Version%3D1.0.0.0%2C%20Culture%3Dneutral%2C%20PublicKeyToken%3Dnull">
<_IncomingArcs href="#ref-89"/>
<_OutgoingArcs href="#ref-90"/>
<_Passable>true</_Passable>
<_Position href="#ref-91"/>
</a1:Node>
<a1:Node id="ref-15" xmlns:a1="http://schemas.microsoft.com/clr/nsassem/AStar/XMLHelper%2C%20Version%3D1.0.0.0%2C%20Culture%3Dneutral%2C%20PublicKeyToken%3Dnull">
<_IncomingArcs href="#ref-92"/>
<_OutgoingArcs href="#ref-93"/>
<_Passable>true</_Passable>
<_Position href="#ref-94"/>
</a1:Node>
<a1:Node id="ref-16" xmlns:a1="http://schemas.microsoft.com/clr/nsassem/AStar/XMLHelper%2C%20Version%3D1.0.0.0%2C%20Culture%3Dneutral%2C%20PublicKeyToken%3Dnull">
<_IncomingArcs href="#ref-95"/>
<_OutgoingArcs href="#ref-96"/>
<_Passable>true</_Passable>
<_Position href="#ref-97"/>
</a1:Node>
<a1:Node id="ref-17" xmlns:a1="http://schemas.microsoft.com/clr/nsassem/AStar/XMLHelper%2C%20Version%3D1.0.0.0%2C%20Culture%3Dneutral%2C%20PublicKeyToken%3Dnull">
<_IncomingArcs href="#ref-98"/>
<_OutgoingArcs href="#ref-99"/>
<_Passable>true</_Passable>
<_Position href="#ref-100"/>
</a1:Node>
<a1:Node id="ref-18" xmlns:a1="http://schemas.microsoft.com/clr/nsassem/AStar/XMLHelper%2C%20Version%3D1.0.0.0%2C%20Culture%3Dneutral%2C%20PublicKeyToken%3Dnull">
<_IncomingArcs href="#ref-101"/>
<_OutgoingArcs href="#ref-102"/>
<_Passable>true</_Passable>
<_Position href="#ref-103"/>
</a1:Node>
<a1:Node id="ref-19" xmlns:a1="http://schemas.microsoft.com/clr/nsassem/AStar/XMLHelper%2C%20Version%3D1.0.0.0%2C%20Culture%3Dneutral%2C%20PublicKeyToken%3Dnull">
<_IncomingArcs href="#ref-104"/>
<_OutgoingArcs href="#ref-105"/>
<_Passable>true</_Passable>
<_Position href="#ref-106"/>
</a1:Node>
<a1:Node id="ref-20" xmlns:a1="http://schemas.microsoft.com/clr/nsassem/AStar/XMLHelper%2C%20Version%3D1.0.0.0%2C%20Culture%3Dneutral%2C%20PublicKeyToken%3Dnull">
<_IncomingArcs href="#ref-107"/>
<_OutgoingArcs href="#ref-108"/>
<_Passable>true</_Passable>
<_Position href="#ref-109"/>
</a1:Node>
<a1:Node id="ref-21" xmlns:a1="http://schemas.microsoft.com/clr/nsassem/AStar/XMLHelper%2C%20Version%3D1.0.0.0%2C%20Culture%3Dneutral%2C%20PublicKeyToken%3Dnull">
<_IncomingArcs href="#ref-110"/>
<_OutgoingArcs href="#ref-111"/>
<_Passable>true</_Passable>
<_Position href="#ref-112"/>
</a1:Node>
<a1:Node id="ref-22" xmlns:a1="http://schemas.microsoft.com/clr/nsassem/AStar/XMLHelper%2C%20Version%3D1.0.0.0%2C%20Culture%3Dneutral%2C%20PublicKeyToken%3Dnull">
<_IncomingArcs href="#ref-113"/>
<_OutgoingArcs href="#ref-114"/>
<_Passable>true</_Passable>
<_Position href="#ref-115"/>
</a1:Node>
<a1:Node id="ref-23" xmlns:a1="http://schemas.microsoft.com/clr/nsassem/AStar/XMLHelper%2C%20Version%3D1.0.0.0%2C%20Culture%3Dneutral%2C%20PublicKeyToken%3Dnull">
<_IncomingArcs href="#ref-116"/>
<_OutgoingArcs href="#ref-117"/>
<_Passable>true</_Passable>
<_Position href="#ref-118"/>
</a1:Node>
<a1:Node id="ref-24" xmlns:a1="http://schemas.microsoft.com/clr/nsassem/AStar/XMLHelper%2C%20Version%3D1.0.0.0%2C%20Culture%3Dneutral%2C%20PublicKeyToken%3Dnull">
<_IncomingArcs href="#ref-119"/>
<_OutgoingArcs href="#ref-120"/>
<_Passable>true</_Passable>
<_Position href="#ref-121"/>
</a1:Node>
<a1:Node id="ref-25" xmlns:a1="http://schemas.microsoft.com/clr/nsassem/AStar/XMLHelper%2C%20Version%3D1.0.0.0%2C%20Culture%3Dneutral%2C%20PublicKeyToken%3Dnull">
<_IncomingArcs href="#ref-122"/>
<_OutgoingArcs href="#ref-123"/>
<_Passable>true</_Passable>
<_Position href="#ref-124"/>
</a1:Node>
<a1:Node id="ref-26" xmlns:a1="http://schemas.microsoft.com/clr/nsassem/AStar/XMLHelper%2C%20Version%3D1.0.0.0%2C%20Culture%3Dneutral%2C%20PublicKeyToken%3Dnull">
<_IncomingArcs href="#ref-125"/>
<_OutgoingArcs href="#ref-126"/>
<_Passable>true</_Passable>
<_Position href="#ref-127"/>
</a1:Node>
<a1:Node id="ref-27" xmlns:a1="http://schemas.microsoft.com/clr/nsassem/AStar/XMLHelper%2C%20Version%3D1.0.0.0%2C%20Culture%3Dneutral%2C%20PublicKeyToken%3Dnull">
<_IncomingArcs href="#ref-128"/>
<_OutgoingArcs href="#ref-129"/>
<_Passable>true</_Passable>
<_Position href="#ref-130"/>
</a1:Node>
<a1:Arc id="ref-28" xmlns:a1="http://schemas.microsoft.com/clr/nsassem/AStar/XMLHelper%2C%20Version%3D1.0.0.0%2C%20Culture%3Dneutral%2C%20PublicKeyToken%3Dnull">
<_EndNode href="#ref-7"/>
<_Length>0</_Length>
<_LengthUpdated>false</_LengthUpdated>
<_Passable>true</_Passable>
<_StartNode href="#ref-8"/>
<_Weight>1</_Weight>
</a1:Arc>
<a1:Arc id="ref-29" xmlns:a1="http://schemas.microsoft.com/clr/nsassem/AStar/XMLHelper%2C%20Version%3D1.0.0.0%2C%20Culture%3Dneutral%2C%20PublicKeyToken%3Dnull">
<_EndNode href="#ref-8"/>
<_Length>0</_Length>
<_LengthUpdated>false</_LengthUpdated>
<_Passable>true</_Passable>
<_StartNode href="#ref-7"/>
<_Weight>1</_Weight>
</a1:Arc>
<a1:Arc id="ref-30" xmlns:a1="http://schemas.microsoft.com/clr/nsassem/AStar/XMLHelper%2C%20Version%3D1.0.0.0%2C%20Culture%3Dneutral%2C%20PublicKeyToken%3Dnull">
<_EndNode href="#ref-8"/>
<_Length>0</_Length>
<_LengthUpdated>false</_LengthUpdated>
<_Passable>true</_Passable>
<_StartNode href="#ref-9"/>
<_Weight>1</_Weight>
</a1:Arc>
<a1:Arc id="ref-31" xmlns:a1="http://schemas.microsoft.com/clr/nsassem/AStar/XMLHelper%2C%20Version%3D1.0.0.0%2C%20Culture%3Dneutral%2C%20PublicKeyToken%3Dnull">
<_EndNode href="#ref-9"/>
<_Length>0</_Length>
<_LengthUpdated>false</_LengthUpdated>
<_Passable>true</_Passable>
<_StartNode href="#ref-8"/>
<_Weight>1</_Weight>
</a1:Arc>
<a1:Arc id="ref-32" xmlns:a1="http://schemas.microsoft.com/clr/nsassem/AStar/XMLHelper%2C%20Version%3D1.0.0.0%2C%20Culture%3Dneutral%2C%20PublicKeyToken%3Dnull">
<_EndNode href="#ref-9"/>
<_Length>0</_Length>
<_LengthUpdated>false</_LengthUpdated>
<_Passable>true</_Passable>
<_StartNode href="#ref-10"/>
<_Weight>1</_Weight>
</a1:Arc>
<a1:Arc id="ref-33" xmlns:a1="http://schemas.microsoft.com/clr/nsassem/AStar/XMLHelper%2C%20Version%3D1.0.0.0%2C%20Culture%3Dneutral%2C%20PublicKeyToken%3Dnull">
<_EndNode href="#ref-10"/>
<_Length>0</_Length>
<_LengthUpdated>false</_LengthUpdated>
<_Passable>true</_Passable>
<_StartNode href="#ref-9"/>
<_Weight>1</_Weight>
</a1:Arc>
<a1:Arc id="ref-34" xmlns:a1="http://schemas.microsoft.com/clr/nsassem/AStar/XMLHelper%2C%20Version%3D1.0.0.0%2C%20Culture%3Dneutral%2C%20PublicKeyToken%3Dnull">
<_EndNode href="#ref-10"/>
<_Length>0</_Length>
<_LengthUpdated>false</_LengthUpdated>
<_Passable>true</_Passable>
<_StartNode href="#ref-11"/>
<_Weight>1</_Weight>
</a1:Arc>
<a1:Arc id="ref-35" xmlns:a1="http://schemas.microsoft.com/clr/nsassem/AStar/XMLHelper%2C%20Version%3D1.0.0.0%2C%20Culture%3Dneutral%2C%20PublicKeyToken%3Dnull">
<_EndNode href="#ref-11"/>
<_Length>0</_Length>
<_LengthUpdated>false</_LengthUpdated>
<_Passable>true</_Passable>
<_StartNode href="#ref-10"/>
<_Weight>1</_Weight>
</a1:Arc>
<a1:Arc id="ref-36" xmlns:a1="http://schemas.microsoft.com/clr/nsassem/AStar/XMLHelper%2C%20Version%3D1.0.0.0%2C%20Culture%3Dneutral%2C%20PublicKeyToken%3Dnull">
<_EndNode href="#ref-11"/>
<_Length>0</_Length>
<_LengthUpdated>false</_LengthUpdated>
<_Passable>true</_Passable>
<_StartNode href="#ref-12"/>
<_Weight>1</_Weight>
</a1:Arc>
<a1:Arc id="ref-37" xmlns:a1="http://schemas.microsoft.com/clr/nsassem/AStar/XMLHelper%2C%20Version%3D1.0.0.0%2C%20Culture%3Dneutral%2C%20PublicKeyToken%3Dnull">
<_EndNode href="#ref-12"/>
<_Length>0</_Length>
<_LengthUpdated>false</_LengthUpdated>
<_Passable>true</_Passable>
<_StartNode href="#ref-11"/>
<_Weight>1</_Weight>
</a1:Arc>
<a1:Arc id="ref-38" xmlns:a1="http://schemas.microsoft.com/clr/nsassem/AStar/XMLHelper%2C%20Version%3D1.0.0.0%2C%20Culture%3Dneutral%2C%20PublicKeyToken%3Dnull">
<_EndNode href="#ref-12"/>
<_Length>0</_Length>
<_LengthUpdated>false</_LengthUpdated>
<_Passable>true</_Passable>
<_StartNode href="#ref-13"/>
<_Weight>1</_Weight>
</a1:Arc>
<a1:Arc id="ref-39" xmlns:a1="http://schemas.microsoft.com/clr/nsassem/AStar/XMLHelper%2C%20Version%3D1.0.0.0%2C%20Culture%3Dneutral%2C%20PublicKeyToken%3Dnull">
<_EndNode href="#ref-13"/>
<_Length>0</_Length>
<_LengthUpdated>false</_LengthUpdated>
<_Passable>true</_Passable>
<_StartNode href="#ref-12"/>
<_Weight>1</_Weight>
</a1:Arc>
<a1:Arc id="ref-40" xmlns:a1="http://schemas.microsoft.com/clr/nsassem/AStar/XMLHelper%2C%20Version%3D1.0.0.0%2C%20Culture%3Dneutral%2C%20PublicKeyToken%3Dnull">
<_EndNode href="#ref-13"/>
<_Length>0</_Length>
<_LengthUpdated>false</_LengthUpdated>
<_Passable>true</_Passable>
<_StartNode href="#ref-14"/>
<_Weight>1</_Weight>
</a1:Arc>
<a1:Arc id="ref-41" xmlns:a1="http://schemas.microsoft.com/clr/nsassem/AStar/XMLHelper%2C%20Version%3D1.0.0.0%2C%20Culture%3Dneutral%2C%20PublicKeyToken%3Dnull">
<_EndNode href="#ref-14"/>
<_Length>0</_Length>
<_LengthUpdated>false</_LengthUpdated>
<_Passable>true</_Passable>
<_StartNode href="#ref-13"/>
<_Weight>1</_Weight>
</a1:Arc>
<a1:Arc id="ref-42" xmlns:a1="http://schemas.microsoft.com/clr/nsassem/AStar/XMLHelper%2C%20Version%3D1.0.0.0%2C%20Culture%3Dneutral%2C%20PublicKeyToken%3Dnull">
<_EndNode href="#ref-14"/>
<_Length>0</_Length>
<_LengthUpdated>false</_LengthUpdated>
<_Passable>true</_Passable>
<_StartNode href="#ref-15"/>
<_Weight>1</_Weight>
</a1:Arc>
<a1:Arc id="ref-43" xmlns:a1="http://schemas.microsoft.com/clr/nsassem/AStar/XMLHelper%2C%20Version%3D1.0.0.0%2C%20Culture%3Dneutral%2C%20PublicKeyToken%3Dnull">
<_EndNode href="#ref-15"/>
<_Length>0</_Length>
<_LengthUpdated>false</_LengthUpdated>
<_Passable>true</_Passable>
<_StartNode href="#ref-14"/>
<_Weight>1</_Weight>
</a1:Arc>
<a1:Arc id="ref-44" xmlns:a1="http://schemas.microsoft.com/clr/nsassem/AStar/XMLHelper%2C%20Version%3D1.0.0.0%2C%20Culture%3Dneutral%2C%20PublicKeyToken%3Dnull">
<_EndNode href="#ref-15"/>
<_Length>0</_Length>
<_LengthUpdated>false</_LengthUpdated>
<_Passable>true</_Passable>
<_StartNode href="#ref-16"/>
<_Weight>1</_Weight>
</a1:Arc>
<a1:Arc id="ref-45" xmlns:a1="http://schemas.microsoft.com/clr/nsassem/AStar/XMLHelper%2C%20Version%3D1.0.0.0%2C%20Culture%3Dneutral%2C%20PublicKeyToken%3Dnull">
<_EndNode href="#ref-16"/>
<_Length>0</_Length>
<_LengthUpdated>false</_LengthUpdated>
<_Passable>true</_Passable>
<_StartNode href="#ref-15"/>
<_Weight>1</_Weight>
</a1:Arc>
<a1:Arc id="ref-46" xmlns:a1="http://schemas.microsoft.com/clr/nsassem/AStar/XMLHelper%2C%20Version%3D1.0.0.0%2C%20Culture%3Dneutral%2C%20PublicKeyToken%3Dnull">
<_EndNode href="#ref-16"/>
<_Length>0</_Length>
<_LengthUpdated>false</_LengthUpdated>
<_Passable>true</_Passable>
<_StartNode href="#ref-17"/>
<_Weight>1</_Weight>
</a1:Arc>
<a1:Arc id="ref-47" xmlns:a1="http://schemas.microsoft.com/clr/nsassem/AStar/XMLHelper%2C%20Version%3D1.0.0.0%2C%20Culture%3Dneutral%2C%20PublicKeyToken%3Dnull">
<_EndNode href="#ref-17"/>
<_Length>0</_Length>
<_LengthUpdated>false</_LengthUpdated>
<_Passable>true</_Passable>
<_StartNode href="#ref-16"/>
<_Weight>1</_Weight>
</a1:Arc>
<a1:Arc id="ref-48" xmlns:a1="http://schemas.microsoft.com/clr/nsassem/AStar/XMLHelper%2C%20Version%3D1.0.0.0%2C%20Culture%3Dneutral%2C%20PublicKeyToken%3Dnull">
<_EndNode href="#ref-17"/>
<_Length>0</_Length>
<_LengthUpdated>false</_LengthUpdated>
<_Passable>true</_Passable>
<_StartNode href="#ref-18"/>
<_Weight>1</_Weight>
</a1:Arc>
<a1:Arc id="ref-49" xmlns:a1="http://schemas.microsoft.com/clr/nsassem/AStar/XMLHelper%2C%20Version%3D1.0.0.0%2C%20Culture%3Dneutral%2C%20PublicKeyToken%3Dnull">
<_EndNode href="#ref-18"/>
<_Length>0</_Length>
<_LengthUpdated>false</_LengthUpdated>
<_Passable>true</_Passable>
<_StartNode href="#ref-17"/>
<_Weight>1</_Weight>
</a1:Arc>
<a1:Arc id="ref-50" xmlns:a1="http://schemas.microsoft.com/clr/nsassem/AStar/XMLHelper%2C%20Version%3D1.0.0.0%2C%20Culture%3Dneutral%2C%20PublicKeyToken%3Dnull">
<_EndNode href="#ref-18"/>
<_Length>0</_Length>
<_LengthUpdated>false</_LengthUpdated>
<_Passable>true</_Passable>
<_StartNode href="#ref-19"/>
<_Weight>1</_Weight>
</a1:Arc>
<a1:Arc id="ref-51" xmlns:a1="http://schemas.microsoft.com/clr/nsassem/AStar/XMLHelper%2C%20Version%3D1.0.0.0%2C%20Culture%3Dneutral%2C%20PublicKeyToken%3Dnull">
<_EndNode href="#ref-19"/>
<_Length>0</_Length>
<_LengthUpdated>false</_LengthUpdated>
<_Passable>true</_Passable>
<_StartNode href="#ref-18"/>
<_Weight>1</_Weight>
</a1:Arc>
<a1:Arc id="ref-52" xmlns:a1="http://schemas.microsoft.com/clr/nsassem/AStar/XMLHelper%2C%20Version%3D1.0.0.0%2C%20Culture%3Dneutral%2C%20PublicKeyToken%3Dnull">
<_EndNode href="#ref-19"/>
<_Length>0</_Length>
<_LengthUpdated>false</_LengthUpdated>
<_Passable>true</_Passable>
<_StartNode href="#ref-20"/>
<_Weight>1</_Weight>
</a1:Arc>
<a1:Arc id="ref-53" xmlns:a1="http://schemas.microsoft.com/clr/nsassem/AStar/XMLHelper%2C%20Version%3D1.0.0.0%2C%20Culture%3Dneutral%2C%20PublicKeyToken%3Dnull">
<_EndNode href="#ref-20"/>
<_Length>0</_Length>
<_LengthUpdated>false</_LengthUpdated>
<_Passable>true</_Passable>
<_StartNode href="#ref-19"/>
<_Weight>1</_Weight>
</a1:Arc>
<a1:Arc id="ref-54" xmlns:a1="http://schemas.microsoft.com/clr/nsassem/AStar/XMLHelper%2C%20Version%3D1.0.0.0%2C%20Culture%3Dneutral%2C%20PublicKeyToken%3Dnull">
<_EndNode href="#ref-20"/>
<_Length>0</_Length>
<_LengthUpdated>false</_LengthUpdated>
<_Passable>true</_Passable>
<_StartNode href="#ref-21"/>
<_Weight>1</_Weight>
</a1:Arc>
<a1:Arc id="ref-55" xmlns:a1="http://schemas.microsoft.com/clr/nsassem/AStar/XMLHelper%2C%20Version%3D1.0.0.0%2C%20Culture%3Dneutral%2C%20PublicKeyToken%3Dnull">
<_EndNode href="#ref-21"/>
<_Length>0</_Length>
<_LengthUpdated>false</_LengthUpdated>
<_Passable>true</_Passable>
<_StartNode href="#ref-20"/>
<_Weight>1</_Weight>
</a1:Arc>
<a1:Arc id="ref-56" xmlns:a1="http://schemas.microsoft.com/clr/nsassem/AStar/XMLHelper%2C%20Version%3D1.0.0.0%2C%20Culture%3Dneutral%2C%20PublicKeyToken%3Dnull">
<_EndNode href="#ref-21"/>
<_Length>0</_Length>
<_LengthUpdated>false</_LengthUpdated>
<_Passable>true</_Passable>
<_StartNode href="#ref-22"/>
<_Weight>1</_Weight>
</a1:Arc>
<a1:Arc id="ref-57" xmlns:a1="http://schemas.microsoft.com/clr/nsassem/AStar/XMLHelper%2C%20Version%3D1.0.0.0%2C%20Culture%3Dneutral%2C%20PublicKeyToken%3Dnull">
<_EndNode href="#ref-22"/>
<_Length>0</_Length>
<_LengthUpdated>false</_LengthUpdated>
<_Passable>true</_Passable>
<_StartNode href="#ref-21"/>
<_Weight>1</_Weight>
</a1:Arc>
<a1:Arc id="ref-58" xmlns:a1="http://schemas.microsoft.com/clr/nsassem/AStar/XMLHelper%2C%20Version%3D1.0.0.0%2C%20Culture%3Dneutral%2C%20PublicKeyToken%3Dnull">
<_EndNode href="#ref-22"/>
<_Length>0</_Length>
<_LengthUpdated>false</_LengthUpdated>
<_Passable>true</_Passable>
<_StartNode href="#ref-23"/>
<_Weight>1</_Weight>
</a1:Arc>
<a1:Arc id="ref-59" xmlns:a1="http://schemas.microsoft.com/clr/nsassem/AStar/XMLHelper%2C%20Version%3D1.0.0.0%2C%20Culture%3Dneutral%2C%20PublicKeyToken%3Dnull">
<_EndNode href="#ref-23"/>
<_Length>0</_Length>
<_LengthUpdated>false</_LengthUpdated>
<_Passable>true</_Passable>
<_StartNode href="#ref-22"/>
<_Weight>1</_Weight>
</a1:Arc>
<a1:Arc id="ref-60" xmlns:a1="http://schemas.microsoft.com/clr/nsassem/AStar/XMLHelper%2C%20Version%3D1.0.0.0%2C%20Culture%3Dneutral%2C%20PublicKeyToken%3Dnull">
<_EndNode href="#ref-23"/>
<_Length>0</_Length>
<_LengthUpdated>false</_LengthUpdated>
<_Passable>true</_Passable>
<_StartNode href="#ref-24"/>
<_Weight>1</_Weight>
</a1:Arc>
<a1:Arc id="ref-61" xmlns:a1="http://schemas.microsoft.com/clr/nsassem/AStar/XMLHelper%2C%20Version%3D1.0.0.0%2C%20Culture%3Dneutral%2C%20PublicKeyToken%3Dnull">
<_EndNode href="#ref-24"/>
<_Length>0</_Length>
<_LengthUpdated>false</_LengthUpdated>
<_Passable>true</_Passable>
<_StartNode href="#ref-23"/>
<_Weight>1</_Weight>
</a1:Arc>
<a1:Arc id="ref-62" xmlns:a1="http://schemas.microsoft.com/clr/nsassem/AStar/XMLHelper%2C%20Version%3D1.0.0.0%2C%20Culture%3Dneutral%2C%20PublicKeyToken%3Dnull">
<_EndNode href="#ref-24"/>
<_Length>0</_Length>
<_LengthUpdated>false</_LengthUpdated>
<_Passable>true</_Passable>
<_StartNode href="#ref-25"/>
<_Weight>1</_Weight>
</a1:Arc>
<a1:Arc id="ref-63" xmlns:a1="http://schemas.microsoft.com/clr/nsassem/AStar/XMLHelper%2C%20Version%3D1.0.0.0%2C%20Culture%3Dneutral%2C%20PublicKeyToken%3Dnull">
<_EndNode href="#ref-25"/>
<_Length>0</_Length>
<_LengthUpdated>false</_LengthUpdated>
<_Passable>true</_Passable>
<_StartNode href="#ref-24"/>
<_Weight>1</_Weight>
</a1:Arc>
<a1:Arc id="ref-64" xmlns:a1="http://schemas.microsoft.com/clr/nsassem/AStar/XMLHelper%2C%20Version%3D1.0.0.0%2C%20Culture%3Dneutral%2C%20PublicKeyToken%3Dnull">
<_EndNode href="#ref-25"/>
<_Length>0</_Length>
<_LengthUpdated>false</_LengthUpdated>
<_Passable>true</_Passable>
<_StartNode href="#ref-26"/>
<_Weight>1</_Weight>
</a1:Arc>
<a1:Arc id="ref-65" xmlns:a1="http://schemas.microsoft.com/clr/nsassem/AStar/XMLHelper%2C%20Version%3D1.0.0.0%2C%20Culture%3Dneutral%2C%20PublicKeyToken%3Dnull">
<_EndNode href="#ref-26"/>
<_Length>0</_Length>
<_LengthUpdated>false</_LengthUpdated>
<_Passable>true</_Passable>
<_StartNode href="#ref-25"/>
<_Weight>1</_Weight>
</a1:Arc>
<a1:Arc id="ref-66" xmlns:a1="http://schemas.microsoft.com/clr/nsassem/AStar/XMLHelper%2C%20Version%3D1.0.0.0%2C%20Culture%3Dneutral%2C%20PublicKeyToken%3Dnull">
<_EndNode href="#ref-26"/>
<_Length>0</_Length>
<_LengthUpdated>false</_LengthUpdated>
<_Passable>true</_Passable>
<_StartNode href="#ref-27"/>
<_Weight>1</_Weight>
</a1:Arc>
<a1:Arc id="ref-67" xmlns:a1="http://schemas.microsoft.com/clr/nsassem/AStar/XMLHelper%2C%20Version%3D1.0.0.0%2C%20Culture%3Dneutral%2C%20PublicKeyToken%3Dnull">
<_EndNode href="#ref-27"/>
<_Length>0</_Length>
<_LengthUpdated>false</_LengthUpdated>
<_Passable>true</_Passable>
<_StartNode href="#ref-26"/>
<_Weight>1</_Weight>
</a1:Arc>
<a2:ArrayList id="ref-68" xmlns:a2="http://schemas.microsoft.com/clr/ns/System.Collections">
<_items href="#ref-131"/>
<_size>1</_size>
<_version>1</_version>
</a2:ArrayList>
<a2:ArrayList id="ref-69" xmlns:a2="http://schemas.microsoft.com/clr/ns/System.Collections">
<_items href="#ref-132"/>
<_size>1</_size>
<_version>1</_version>
</a2:ArrayList>
<a4:Point3D id="ref-70" xmlns:a4="http://schemas.microsoft.com/clr/nsassem/Helpers/XMLHelper%2C%20Version%3D1.0.0.0%2C%20Culture%3Dneutral%2C%20PublicKeyToken%3Dnull">
<_Coordinates href="#ref-133"/>
</a4:Point3D>
<a2:ArrayList id="ref-71" xmlns:a2="http://schemas.microsoft.com/clr/ns/System.Collections">
<_items href="#ref-134"/>
<_size>2</_size>
<_version>2</_version>
</a2:ArrayList>
<a2:ArrayList id="ref-72" xmlns:a2="http://schemas.microsoft.com/clr/ns/System.Collections">
<_items href="#ref-135"/>
<_size>2</_size>
<_version>2</_version>
</a2:ArrayList>
<a4:Point3D id="ref-73" xmlns:a4="http://schemas.microsoft.com/clr/nsassem/Helpers/XMLHelper%2C%20Version%3D1.0.0.0%2C%20Culture%3Dneutral%2C%20PublicKeyToken%3Dnull">
<_Coordinates href="#ref-136"/>
</a4:Point3D>
<a2:ArrayList id="ref-74" xmlns:a2="http://schemas.microsoft.com/clr/ns/System.Collections">
<_items href="#ref-137"/>
<_size>2</_size>
<_version>2</_version>
</a2:ArrayList>
<a2:ArrayList id="ref-75" xmlns:a2="http://schemas.microsoft.com/clr/ns/System.Collections">
<_items href="#ref-138"/>
<_size>2</_size>
<_version>2</_version>
</a2:ArrayList>
<a4:Point3D id="ref-76" xmlns:a4="http://schemas.microsoft.com/clr/nsassem/Helpers/XMLHelper%2C%20Version%3D1.0.0.0%2C%20Culture%3Dneutral%2C%20PublicKeyToken%3Dnull">
<_Coordinates href="#ref-139"/>
</a4:Point3D>
<a2:ArrayList id="ref-77" xmlns:a2="http://schemas.microsoft.com/clr/ns/System.Collections">
<_items href="#ref-140"/>
<_size>2</_size>
<_version>2</_version>
</a2:ArrayList>
<a2:ArrayList id="ref-78" xmlns:a2="http://schemas.microsoft.com/clr/ns/System.Collections">
<_items href="#ref-141"/>
<_size>2</_size>
<_version>2</_version>
</a2:ArrayList>
<a4:Point3D id="ref-79" xmlns:a4="http://schemas.microsoft.com/clr/nsassem/Helpers/XMLHelper%2C%20Version%3D1.0.0.0%2C%20Culture%3Dneutral%2C%20PublicKeyToken%3Dnull">
<_Coordinates href="#ref-142"/>
</a4:Point3D>
<a2:ArrayList id="ref-80" xmlns:a2="http://schemas.microsoft.com/clr/ns/System.Collections">
<_items href="#ref-143"/>
<_size>2</_size>
<_version>2</_version>
</a2:ArrayList>
<a2:ArrayList id="ref-81" xmlns:a2="http://schemas.microsoft.com/clr/ns/System.Collections">
<_items href="#ref-144"/>
<_size>2</_size>
<_version>2</_version>
</a2:ArrayList>
<a4:Point3D id="ref-82" xmlns:a4="http://schemas.microsoft.com/clr/nsassem/Helpers/XMLHelper%2C%20Version%3D1.0.0.0%2C%20Culture%3Dneutral%2C%20PublicKeyToken%3Dnull">
<_Coordinates href="#ref-145"/>
</a4:Point3D>
<a2:ArrayList id="ref-83" xmlns:a2="http://schemas.microsoft.com/clr/ns/System.Collections">
<_items href="#ref-146"/>
<_size>2</_size>
<_version>2</_version>
</a2:ArrayList>
<a2:ArrayList id="ref-84" xmlns:a2="http://schemas.microsoft.com/clr/ns/System.Collections">
<_items href="#ref-147"/>
<_size>2</_size>
<_version>2</_version>
</a2:ArrayList>
<a4:Point3D id="ref-85" xmlns:a4="http://schemas.microsoft.com/clr/nsassem/Helpers/XMLHelper%2C%20Version%3D1.0.0.0%2C%20Culture%3Dneutral%2C%20PublicKeyToken%3Dnull">
<_Coordinates href="#ref-148"/>
</a4:Point3D>
<a2:ArrayList id="ref-86" xmlns:a2="http://schemas.microsoft.com/clr/ns/System.Collections">
<_items href="#ref-149"/>
<_size>2</_size>
<_version>2</_version>
</a2:ArrayList>
<a2:ArrayList id="ref-87" xmlns:a2="http://schemas.microsoft.com/clr/ns/System.Collections">
<_items href="#ref-150"/>
<_size>2</_size>
<_version>2</_version>
</a2:ArrayList>
<a4:Point3D id="ref-88" xmlns:a4="http://schemas.microsoft.com/clr/nsassem/Helpers/XMLHelper%2C%20Version%3D1.0.0.0%2C%20Culture%3Dneutral%2C%20PublicKeyToken%3Dnull">
<_Coordinates href="#ref-151"/>
</a4:Point3D>
<a2:ArrayList id="ref-89" xmlns:a2="http://schemas.microsoft.com/clr/ns/System.Collections">
<_items href="#ref-152"/>
<_size>2</_size>
<_version>2</_version>
</a2:ArrayList>
<a2:ArrayList id="ref-90" xmlns:a2="http://schemas.microsoft.com/clr/ns/System.Collections">
<_items href="#ref-153"/>
<_size>2</_size>
<_version>2</_version>
</a2:ArrayList>
<a4:Point3D id="ref-91" xmlns:a4="http://schemas.microsoft.com/clr/nsassem/Helpers/XMLHelper%2C%20Version%3D1.0.0.0%2C%20Culture%3Dneutral%2C%20PublicKeyToken%3Dnull">
<_Coordinates href="#ref-154"/>
</a4:Point3D>
<a2:ArrayList id="ref-92" xmlns:a2="http://schemas.microsoft.com/clr/ns/System.Collections">
<_items href="#ref-155"/>
<_size>2</_size>
<_version>2</_version>
</a2:ArrayList>
<a2:ArrayList id="ref-93" xmlns:a2="http://schemas.microsoft.com/clr/ns/System.Collections">
<_items href="#ref-156"/>
<_size>2</_size>
<_version>2</_version>
</a2:ArrayList>
<a4:Point3D id="ref-94" xmlns:a4="http://schemas.microsoft.com/clr/nsassem/Helpers/XMLHelper%2C%20Version%3D1.0.0.0%2C%20Culture%3Dneutral%2C%20PublicKeyToken%3Dnull">
<_Coordinates href="#ref-157"/>
</a4:Point3D>
<a2:ArrayList id="ref-95" xmlns:a2="http://schemas.microsoft.com/clr/ns/System.Collections">
<_items href="#ref-158"/>
<_size>2</_size>
<_version>2</_version>
</a2:ArrayList>
<a2:ArrayList id="ref-96" xmlns:a2="http://schemas.microsoft.com/clr/ns/System.Collections">
<_items href="#ref-159"/>
<_size>2</_size>
<_version>2</_version>
</a2:ArrayList>
<a4:Point3D id="ref-97" xmlns:a4="http://schemas.microsoft.com/clr/nsassem/Helpers/XMLHelper%2C%20Version%3D1.0.0.0%2C%20Culture%3Dneutral%2C%20PublicKeyToken%3Dnull">
<_Coordinates href="#ref-160"/>
</a4:Point3D>
<a2:ArrayList id="ref-98" xmlns:a2="http://schemas.microsoft.com/clr/ns/System.Collections">
<_items href="#ref-161"/>
<_size>2</_size>
<_version>2</_version>
</a2:ArrayList>
<a2:ArrayList id="ref-99" xmlns:a2="http://schemas.microsoft.com/clr/ns/System.Collections">
<_items href="#ref-162"/>
<_size>2</_size>
<_version>2</_version>
</a2:ArrayList>
<a4:Point3D id="ref-100" xmlns:a4="http://schemas.microsoft.com/clr/nsassem/Helpers/XMLHelper%2C%20Version%3D1.0.0.0%2C%20Culture%3Dneutral%2C%20PublicKeyToken%3Dnull">
<_Coordinates href="#ref-163"/>
</a4:Point3D>
<a2:ArrayList id="ref-101" xmlns:a2="http://schemas.microsoft.com/clr/ns/System.Collections">
<_items href="#ref-164"/>
<_size>2</_size>
<_version>2</_version>
</a2:ArrayList>
<a2:ArrayList id="ref-102" xmlns:a2="http://schemas.microsoft.com/clr/ns/System.Collections">
<_items href="#ref-165"/>
<_size>2</_size>
<_version>2</_version>
</a2:ArrayList>
<a4:Point3D id="ref-103" xmlns:a4="http://schemas.microsoft.com/clr/nsassem/Helpers/XMLHelper%2C%20Version%3D1.0.0.0%2C%20Culture%3Dneutral%2C%20PublicKeyToken%3Dnull">
<_Coordinates href="#ref-166"/>
</a4:Point3D>
<a2:ArrayList id="ref-104" xmlns:a2="http://schemas.microsoft.com/clr/ns/System.Collections">
<_items href="#ref-167"/>
<_size>2</_size>
<_version>2</_version>
</a2:ArrayList>
<a2:ArrayList id="ref-105" xmlns:a2="http://schemas.microsoft.com/clr/ns/System.Collections">
<_items href="#ref-168"/>
<_size>2</_size>
<_version>2</_version>
</a2:ArrayList>
<a4:Point3D id="ref-106" xmlns:a4="http://schemas.microsoft.com/clr/nsassem/Helpers/XMLHelper%2C%20Version%3D1.0.0.0%2C%20Culture%3Dneutral%2C%20PublicKeyToken%3Dnull">
<_Coordinates href="#ref-169"/>
</a4:Point3D>
<a2:ArrayList id="ref-107" xmlns:a2="http://schemas.microsoft.com/clr/ns/System.Collections">
<_items href="#ref-170"/>
<_size>2</_size>
<_version>2</_version>
</a2:ArrayList>
<a2:ArrayList id="ref-108" xmlns:a2="http://schemas.microsoft.com/clr/ns/System.Collections">
<_items href="#ref-171"/>
<_size>2</_size>
<_version>2</_version>
</a2:ArrayList>
<a4:Point3D id="ref-109" xmlns:a4="http://schemas.microsoft.com/clr/nsassem/Helpers/XMLHelper%2C%20Version%3D1.0.0.0%2C%20Culture%3Dneutral%2C%20PublicKeyToken%3Dnull">
<_Coordinates href="#ref-172"/>
</a4:Point3D>
<a2:ArrayList id="ref-110" xmlns:a2="http://schemas.microsoft.com/clr/ns/System.Collections">
<_items href="#ref-173"/>
<_size>2</_size>
<_version>2</_version>
</a2:ArrayList>
<a2:ArrayList id="ref-111" xmlns:a2="http://schemas.microsoft.com/clr/ns/System.Collections">
<_items href="#ref-174"/>
<_size>2</_size>
<_version>2</_version>
</a2:ArrayList>
<a4:Point3D id="ref-112" xmlns:a4="http://schemas.microsoft.com/clr/nsassem/Helpers/XMLHelper%2C%20Version%3D1.0.0.0%2C%20Culture%3Dneutral%2C%20PublicKeyToken%3Dnull">
<_Coordinates href="#ref-175"/>
</a4:Point3D>
<a2:ArrayList id="ref-113" xmlns:a2="http://schemas.microsoft.com/clr/ns/System.Collections">
<_items href="#ref-176"/>
<_size>2</_size>
<_version>2</_version>
</a2:ArrayList>
<a2:ArrayList id="ref-114" xmlns:a2="http://schemas.microsoft.com/clr/ns/System.Collections">
<_items href="#ref-177"/>
<_size>2</_size>
<_version>2</_version>
</a2:ArrayList>
<a4:Point3D id="ref-115" xmlns:a4="http://schemas.microsoft.com/clr/nsassem/Helpers/XMLHelper%2C%20Version%3D1.0.0.0%2C%20Culture%3Dneutral%2C%20PublicKeyToken%3Dnull">
<_Coordinates href="#ref-178"/>
</a4:Point3D>
<a2:ArrayList id="ref-116" xmlns:a2="http://schemas.microsoft.com/clr/ns/System.Collections">
<_items href="#ref-179"/>
<_size>2</_size>
<_version>2</_version>
</a2:ArrayList>
<a2:ArrayList id="ref-117" xmlns:a2="http://schemas.microsoft.com/clr/ns/System.Collections">
<_items href="#ref-180"/>
<_size>2</_size>
<_version>2</_version>
</a2:ArrayList>
<a4:Point3D id="ref-118" xmlns:a4="http://schemas.microsoft.com/clr/nsassem/Helpers/XMLHelper%2C%20Version%3D1.0.0.0%2C%20Culture%3Dneutral%2C%20PublicKeyToken%3Dnull">
<_Coordinates href="#ref-181"/>
</a4:Point3D>
<a2:ArrayList id="ref-119" xmlns:a2="http://schemas.microsoft.com/clr/ns/System.Collections">
<_items href="#ref-182"/>
<_size>2</_size>
<_version>2</_version>
</a2:ArrayList>
<a2:ArrayList id="ref-120" xmlns:a2="http://schemas.microsoft.com/clr/ns/System.Collections">
<_items href="#ref-183"/>
<_size>2</_size>
<_version>2</_version>
</a2:ArrayList>
<a4:Point3D id="ref-121" xmlns:a4="http://schemas.microsoft.com/clr/nsassem/Helpers/XMLHelper%2C%20Version%3D1.0.0.0%2C%20Culture%3Dneutral%2C%20PublicKeyToken%3Dnull">
<_Coordinates href="#ref-184"/>
</a4:Point3D>
<a2:ArrayList id="ref-122" xmlns:a2="http://schemas.microsoft.com/clr/ns/System.Collections">
<_items href="#ref-185"/>
<_size>2</_size>
<_version>2</_version>
</a2:ArrayList>
<a2:ArrayList id="ref-123" xmlns:a2="http://schemas.microsoft.com/clr/ns/System.Collections">
<_items href="#ref-186"/>
<_size>2</_size>
<_version>2</_version>
</a2:ArrayList>
<a4:Point3D id="ref-124" xmlns:a4="http://schemas.microsoft.com/clr/nsassem/Helpers/XMLHelper%2C%20Version%3D1.0.0.0%2C%20Culture%3Dneutral%2C%20PublicKeyToken%3Dnull">
<_Coordinates href="#ref-187"/>
</a4:Point3D>
<a2:ArrayList id="ref-125" xmlns:a2="http://schemas.microsoft.com/clr/ns/System.Collections">
<_items href="#ref-188"/>
<_size>2</_size>
<_version>2</_version>
</a2:ArrayList>
<a2:ArrayList id="ref-126" xmlns:a2="http://schemas.microsoft.com/clr/ns/System.Collections">
<_items href="#ref-189"/>
<_size>2</_size>
<_version>2</_version>
</a2:ArrayList>
<a4:Point3D id="ref-127" xmlns:a4="http://schemas.microsoft.com/clr/nsassem/Helpers/XMLHelper%2C%20Version%3D1.0.0.0%2C%20Culture%3Dneutral%2C%20PublicKeyToken%3Dnull">
<_Coordinates href="#ref-190"/>
</a4:Point3D>
<a2:ArrayList id="ref-128" xmlns:a2="http://schemas.microsoft.com/clr/ns/System.Collections">
<_items href="#ref-191"/>
<_size>1</_size>
<_version>1</_version>
</a2:ArrayList>
<a2:ArrayList id="ref-129" xmlns:a2="http://schemas.microsoft.com/clr/ns/System.Collections">
<_items href="#ref-192"/>
<_size>1</_size>
<_version>1</_version>
</a2:ArrayList>
<a4:Point3D id="ref-130" xmlns:a4="http://schemas.microsoft.com/clr/nsassem/Helpers/XMLHelper%2C%20Version%3D1.0.0.0%2C%20Culture%3Dneutral%2C%20PublicKeyToken%3Dnull">
<_Coordinates href="#ref-193"/>
</a4:Point3D>
<SOAP-ENC:Array id="ref-131" SOAP-ENC:arrayType="xsd:anyType[4]">
<item href="#ref-28"/>
</SOAP-ENC:Array>
<SOAP-ENC:Array id="ref-132" SOAP-ENC:arrayType="xsd:anyType[4]">
<item href="#ref-29"/>
</SOAP-ENC:Array>
<SOAP-ENC:Array id="ref-133" SOAP-ENC:arrayType="xsd:float[3]">
<item>1005.23218</item>
<item>3016.51538</item>
<item>166.20694</item>
</SOAP-ENC:Array>
<SOAP-ENC:Array id="ref-134" SOAP-ENC:arrayType="xsd:anyType[4]">
<item href="#ref-29"/>
<item href="#ref-30"/>
</SOAP-ENC:Array>
<SOAP-ENC:Array id="ref-135" SOAP-ENC:arrayType="xsd:anyType[4]">
<item href="#ref-28"/>
<item href="#ref-31"/>
</SOAP-ENC:Array>
<SOAP-ENC:Array id="ref-136" SOAP-ENC:arrayType="xsd:float[3]">
<item>1006.31769</item>
<item>3013.34766</item>
<item>166.358032</item>
</SOAP-ENC:Array>
<SOAP-ENC:Array id="ref-137" SOAP-ENC:arrayType="xsd:anyType[4]">
<item href="#ref-31"/>
<item href="#ref-32"/>
</SOAP-ENC:Array>
<SOAP-ENC:Array id="ref-138" SOAP-ENC:arrayType="xsd:anyType[4]">
<item href="#ref-30"/>
<item href="#ref-33"/>
</SOAP-ENC:Array>
<SOAP-ENC:Array id="ref-139" SOAP-ENC:arrayType="xsd:float[3]">
<item>1007.37463</item>
<item>3010.21118</item>
<item>166.655441</item>
</SOAP-ENC:Array>
<SOAP-ENC:Array id="ref-140" SOAP-ENC:arrayType="xsd:anyType[4]">
<item href="#ref-33"/>
<item href="#ref-34"/>
</SOAP-ENC:Array>
<SOAP-ENC:Array id="ref-141" SOAP-ENC:arrayType="xsd:anyType[4]">
<item href="#ref-32"/>
<item href="#ref-35"/>
</SOAP-ENC:Array>
<SOAP-ENC:Array id="ref-142" SOAP-ENC:arrayType="xsd:float[3]">
<item>1008.48462</item>
<item>3007.13574</item>
<item>166.432922</item>
</SOAP-ENC:Array>
<SOAP-ENC:Array id="ref-143" SOAP-ENC:arrayType="xsd:anyType[4]">
<item href="#ref-35"/>
<item href="#ref-36"/>
</SOAP-ENC:Array>
<SOAP-ENC:Array id="ref-144" SOAP-ENC:arrayType="xsd:anyType[4]">
<item href="#ref-34"/>
<item href="#ref-37"/>
</SOAP-ENC:Array>
<SOAP-ENC:Array id="ref-145" SOAP-ENC:arrayType="xsd:float[3]">
<item>1009.71185</item>
<item>3003.96484</item>
<item>166.69838</item>
</SOAP-ENC:Array>
<SOAP-ENC:Array id="ref-146" SOAP-ENC:arrayType="xsd:anyType[4]">
<item href="#ref-37"/>
<item href="#ref-38"/>
</SOAP-ENC:Array>
<SOAP-ENC:Array id="ref-147" SOAP-ENC:arrayType="xsd:anyType[4]">
<item href="#ref-36"/>
<item href="#ref-39"/>
</SOAP-ENC:Array>
<SOAP-ENC:Array id="ref-148" SOAP-ENC:arrayType="xsd:float[3]">
<item>1011.3139</item>
<item>3001.041</item>
<item>166.864685</item>
</SOAP-ENC:Array>
<SOAP-ENC:Array id="ref-149" SOAP-ENC:arrayType="xsd:anyType[4]">
<item href="#ref-39"/>
<item href="#ref-40"/>
</SOAP-ENC:Array>
<SOAP-ENC:Array id="ref-150" SOAP-ENC:arrayType="xsd:anyType[4]">
<item href="#ref-38"/>
<item href="#ref-41"/>
</SOAP-ENC:Array>
<SOAP-ENC:Array id="ref-151" SOAP-ENC:arrayType="xsd:float[3]">
<item>1013.66229</item>
<item>2998.53</item>
<item>166.891083</item>
</SOAP-ENC:Array>
<SOAP-ENC:Array id="ref-152" SOAP-ENC:arrayType="xsd:anyType[4]">
<item href="#ref-41"/>
<item href="#ref-42"/>
</SOAP-ENC:Array>
<SOAP-ENC:Array id="ref-153" SOAP-ENC:arrayType="xsd:anyType[4]">
<item href="#ref-40"/>
<item href="#ref-43"/>
</SOAP-ENC:Array>
<SOAP-ENC:Array id="ref-154" SOAP-ENC:arrayType="xsd:float[3]">
<item>1016.28638</item>
<item>2996.67065</item>
<item>166.944168</item>
</SOAP-ENC:Array>
<SOAP-ENC:Array id="ref-155" SOAP-ENC:arrayType="xsd:anyType[4]">
<item href="#ref-43"/>
<item href="#ref-44"/>
</SOAP-ENC:Array>
<SOAP-ENC:Array id="ref-156" SOAP-ENC:arrayType="xsd:anyType[4]">
<item href="#ref-42"/>
<item href="#ref-45"/>
</SOAP-ENC:Array>
<SOAP-ENC:Array id="ref-157" SOAP-ENC:arrayType="xsd:float[3]">
<item>1019.10742</item>
<item>2994.85962</item>
<item>167.142761</item>
</SOAP-ENC:Array>
<SOAP-ENC:Array id="ref-158" SOAP-ENC:arrayType="xsd:anyType[4]">
<item href="#ref-45"/>
<item href="#ref-46"/>
</SOAP-ENC:Array>
<SOAP-ENC:Array id="ref-159" SOAP-ENC:arrayType="xsd:anyType[4]">
<item href="#ref-44"/>
<item href="#ref-47"/>
</SOAP-ENC:Array>
<SOAP-ENC:Array id="ref-160" SOAP-ENC:arrayType="xsd:float[3]">
<item>1022.0434</item>
<item>2993.25586</item>
<item>167.476578</item>
</SOAP-ENC:Array>
<SOAP-ENC:Array id="ref-161" SOAP-ENC:arrayType="xsd:anyType[4]">
<item href="#ref-47"/>
<item href="#ref-48"/>
</SOAP-ENC:Array>
<SOAP-ENC:Array id="ref-162" SOAP-ENC:arrayType="xsd:anyType[4]">
<item href="#ref-46"/>
<item href="#ref-49"/>
</SOAP-ENC:Array>
<SOAP-ENC:Array id="ref-163" SOAP-ENC:arrayType="xsd:float[3]">
<item>1025.157</item>
<item>2991.6875</item>
<item>167.568451</item>
</SOAP-ENC:Array>
<SOAP-ENC:Array id="ref-164" SOAP-ENC:arrayType="xsd:anyType[4]">
<item href="#ref-49"/>
<item href="#ref-50"/>
</SOAP-ENC:Array>
<SOAP-ENC:Array id="ref-165" SOAP-ENC:arrayType="xsd:anyType[4]">
<item href="#ref-48"/>
<item href="#ref-51"/>
</SOAP-ENC:Array>
<SOAP-ENC:Array id="ref-166" SOAP-ENC:arrayType="xsd:float[3]">
<item>1028.15015</item>
<item>2990.545</item>
<item>167.685211</item>
</SOAP-ENC:Array>
<SOAP-ENC:Array id="ref-167" SOAP-ENC:arrayType="xsd:anyType[4]">
<item href="#ref-51"/>
<item href="#ref-52"/>
</SOAP-ENC:Array>
<SOAP-ENC:Array id="ref-168" SOAP-ENC:arrayType="xsd:anyType[4]">
<item href="#ref-50"/>
<item href="#ref-53"/>
</SOAP-ENC:Array>
<SOAP-ENC:Array id="ref-169" SOAP-ENC:arrayType="xsd:float[3]">
<item>1031.25745</item>
<item>2989.3667</item>
<item>167.804733</item>
</SOAP-ENC:Array>
<SOAP-ENC:Array id="ref-170" SOAP-ENC:arrayType="xsd:anyType[4]">
<item href="#ref-53"/>
<item href="#ref-54"/>
</SOAP-ENC:Array>
<SOAP-ENC:Array id="ref-171" SOAP-ENC:arrayType="xsd:anyType[4]">
<item href="#ref-52"/>
<item href="#ref-55"/>
</SOAP-ENC:Array>
<SOAP-ENC:Array id="ref-172" SOAP-ENC:arrayType="xsd:float[3]">
<item>1034.39526</item>
<item>2988.10815</item>
<item>167.847092</item>
</SOAP-ENC:Array>
<SOAP-ENC:Array id="ref-173" SOAP-ENC:arrayType="xsd:anyType[4]">
<item href="#ref-55"/>
<item href="#ref-56"/>
</SOAP-ENC:Array>
<SOAP-ENC:Array id="ref-174" SOAP-ENC:arrayType="xsd:anyType[4]">
<item href="#ref-54"/>
<item href="#ref-57"/>
</SOAP-ENC:Array>
<SOAP-ENC:Array id="ref-175" SOAP-ENC:arrayType="xsd:float[3]">
<item>1037.06677</item>
<item>2986.23657</item>
<item>167.761566</item>
</SOAP-ENC:Array>
<SOAP-ENC:Array id="ref-176" SOAP-ENC:arrayType="xsd:anyType[4]">
<item href="#ref-57"/>
<item href="#ref-58"/>
</SOAP-ENC:Array>
<SOAP-ENC:Array id="ref-177" SOAP-ENC:arrayType="xsd:anyType[4]">
<item href="#ref-56"/>
<item href="#ref-59"/>
</SOAP-ENC:Array>
<SOAP-ENC:Array id="ref-178" SOAP-ENC:arrayType="xsd:float[3]">
<item>1039.05762</item>
<item>2983.4502</item>
<item>167.92392</item>
</SOAP-ENC:Array>
<SOAP-ENC:Array id="ref-179" SOAP-ENC:arrayType="xsd:anyType[4]">
<item href="#ref-59"/>
<item href="#ref-60"/>
</SOAP-ENC:Array>
<SOAP-ENC:Array id="ref-180" SOAP-ENC:arrayType="xsd:anyType[4]">
<item href="#ref-58"/>
<item href="#ref-61"/>
</SOAP-ENC:Array>
<SOAP-ENC:Array id="ref-181" SOAP-ENC:arrayType="xsd:float[3]">
<item>1039.73</item>
<item>2980.16</item>
<item>167.726135</item>
</SOAP-ENC:Array>
<SOAP-ENC:Array id="ref-182" SOAP-ENC:arrayType="xsd:anyType[4]">
<item href="#ref-61"/>
<item href="#ref-62"/>
</SOAP-ENC:Array>
<SOAP-ENC:Array id="ref-183" SOAP-ENC:arrayType="xsd:anyType[4]">
<item href="#ref-60"/>
<item href="#ref-63"/>
</SOAP-ENC:Array>
<SOAP-ENC:Array id="ref-184" SOAP-ENC:arrayType="xsd:float[3]">
<item>1037.39063</item>
<item>2977.912</item>
<item>167.5779</item>
</SOAP-ENC:Array>
<SOAP-ENC:Array id="ref-185" SOAP-ENC:arrayType="xsd:anyType[4]">
<item href="#ref-63"/>
<item href="#ref-64"/>
</SOAP-ENC:Array>
<SOAP-ENC:Array id="ref-186" SOAP-ENC:arrayType="xsd:anyType[4]">
<item href="#ref-62"/>
<item href="#ref-65"/>
</SOAP-ENC:Array>
<SOAP-ENC:Array id="ref-187" SOAP-ENC:arrayType="xsd:float[3]">
<item>1035.04871</item>
<item>2975.56714</item>
<item>167.634811</item>
</SOAP-ENC:Array>
<SOAP-ENC:Array id="ref-188" SOAP-ENC:arrayType="xsd:anyType[4]">
<item href="#ref-65"/>
<item href="#ref-66"/>
</SOAP-ENC:Array>
<SOAP-ENC:Array id="ref-189" SOAP-ENC:arrayType="xsd:anyType[4]">
<item href="#ref-64"/>
<item href="#ref-67"/>
</SOAP-ENC:Array>
<SOAP-ENC:Array id="ref-190" SOAP-ENC:arrayType="xsd:float[3]">
<item>1032.8042</item>
<item>2973.06787</item>
<item>167.6515</item>
</SOAP-ENC:Array>
<SOAP-ENC:Array id="ref-191" SOAP-ENC:arrayType="xsd:anyType[4]">
<item href="#ref-67"/>
</SOAP-ENC:Array>
<SOAP-ENC:Array id="ref-192" SOAP-ENC:arrayType="xsd:anyType[4]">
<item href="#ref-66"/>
</SOAP-ENC:Array>
<SOAP-ENC:Array id="ref-193" SOAP-ENC:arrayType="xsd:float[3]">
<item>1030.56177</item>
<item>2970.64966</item>
<item>167.8429</item>
</SOAP-ENC:Array>
</SOAP-ENV:Body>
</SOAP-ENV:Envelope>
