<SOAP-ENV:Envelope xmlns:xsi="http://www.w3.org/2001/XMLSchema-instance" xmlns:xsd="http://www.w3.org/2001/XMLSchema" xmlns:SOAP-ENC="http://schemas.xmlsoap.org/soap/encoding/" xmlns:SOAP-ENV="http://schemas.xmlsoap.org/soap/envelope/" xmlns:clr="http://schemas.microsoft.com/soap/encoding/clr/1.0" SOAP-ENV:encodingStyle="http://schemas.xmlsoap.org/soap/encoding/">
<SOAP-ENV:Body>
<a1:Graph id="ref-1" xmlns:a1="http://schemas.microsoft.com/clr/nsassem/AStar/XMLHelper%2C%20Version%3D1.0.0.0%2C%20Culture%3Dneutral%2C%20PublicKeyToken%3Dnull">
<NodeArray href="#ref-3"/>
<ArcArray href="#ref-4"/>
<NodeSize>3</NodeSize>
<NodeConnectSize>6</NodeConnectSize>
</a1:Graph>
<a2:ArrayList id="ref-3" xmlns:a2="http://schemas.microsoft.com/clr/ns/System.Collections">
<_items href="#ref-5"/>
<_size>18</_size>
<_version>18</_version>
</a2:ArrayList>
<a2:ArrayList id="ref-4" xmlns:a2="http://schemas.microsoft.com/clr/ns/System.Collections">
<_items href="#ref-6"/>
<_size>34</_size>
<_version>34</_version>
</a2:ArrayList>
<SOAP-ENC:Array id="ref-5" SOAP-ENC:arrayType="xsd:anyType[32]">
<item href="#ref-7"/>
<item href="#ref-8"/>
<item href="#ref-9"/>
<item href="#ref-10"/>
<item href="#ref-11"/>
<item href="#ref-12"/>
<item href="#ref-13"/>
<item href="#ref-14"/>
<item href="#ref-15"/>
<item href="#ref-16"/>
<item href="#ref-17"/>
<item href="#ref-18"/>
<item href="#ref-19"/>
<item href="#ref-20"/>
<item href="#ref-21"/>
<item href="#ref-22"/>
<item href="#ref-23"/>
<item href="#ref-24"/>
</SOAP-ENC:Array>
<SOAP-ENC:Array id="ref-6" SOAP-ENC:arrayType="xsd:anyType[64]">
<item href="#ref-25"/>
<item href="#ref-26"/>
<item href="#ref-27"/>
<item href="#ref-28"/>
<item href="#ref-29"/>
<item href="#ref-30"/>
<item href="#ref-31"/>
<item href="#ref-32"/>
<item href="#ref-33"/>
<item href="#ref-34"/>
<item href="#ref-35"/>
<item href="#ref-36"/>
<item href="#ref-37"/>
<item href="#ref-38"/>
<item href="#ref-39"/>
<item href="#ref-40"/>
<item href="#ref-41"/>
<item href="#ref-42"/>
<item href="#ref-43"/>
<item href="#ref-44"/>
<item href="#ref-45"/>
<item href="#ref-46"/>
<item href="#ref-47"/>
<item href="#ref-48"/>
<item href="#ref-49"/>
<item href="#ref-50"/>
<item href="#ref-51"/>
<item href="#ref-52"/>
<item href="#ref-53"/>
<item href="#ref-54"/>
<item href="#ref-55"/>
<item href="#ref-56"/>
<item href="#ref-57"/>
<item href="#ref-58"/>
</SOAP-ENC:Array>
<a1:Node id="ref-7" xmlns:a1="http://schemas.microsoft.com/clr/nsassem/AStar/XMLHelper%2C%20Version%3D1.0.0.0%2C%20Culture%3Dneutral%2C%20PublicKeyToken%3Dnull">
<_IncomingArcs href="#ref-59"/>
<_OutgoingArcs href="#ref-60"/>
<_Passable>true</_Passable>
<_Position href="#ref-61"/>
</a1:Node>
<a1:Node id="ref-8" xmlns:a1="http://schemas.microsoft.com/clr/nsassem/AStar/XMLHelper%2C%20Version%3D1.0.0.0%2C%20Culture%3Dneutral%2C%20PublicKeyToken%3Dnull">
<_IncomingArcs href="#ref-62"/>
<_OutgoingArcs href="#ref-63"/>
<_Passable>true</_Passable>
<_Position href="#ref-64"/>
</a1:Node>
<a1:Node id="ref-9" xmlns:a1="http://schemas.microsoft.com/clr/nsassem/AStar/XMLHelper%2C%20Version%3D1.0.0.0%2C%20Culture%3Dneutral%2C%20PublicKeyToken%3Dnull">
<_IncomingArcs href="#ref-65"/>
<_OutgoingArcs href="#ref-66"/>
<_Passable>true</_Passable>
<_Position href="#ref-67"/>
</a1:Node>
<a1:Node id="ref-10" xmlns:a1="http://schemas.microsoft.com/clr/nsassem/AStar/XMLHelper%2C%20Version%3D1.0.0.0%2C%20Culture%3Dneutral%2C%20PublicKeyToken%3Dnull">
<_IncomingArcs href="#ref-68"/>
<_OutgoingArcs href="#ref-69"/>
<_Passable>true</_Passable>
<_Position href="#ref-70"/>
</a1:Node>
<a1:Node id="ref-11" xmlns:a1="http://schemas.microsoft.com/clr/nsassem/AStar/XMLHelper%2C%20Version%3D1.0.0.0%2C%20Culture%3Dneutral%2C%20PublicKeyToken%3Dnull">
<_IncomingArcs href="#ref-71"/>
<_OutgoingArcs href="#ref-72"/>
<_Passable>true</_Passable>
<_Position href="#ref-73"/>
</a1:Node>
<a1:Node id="ref-12" xmlns:a1="http://schemas.microsoft.com/clr/nsassem/AStar/XMLHelper%2C%20Version%3D1.0.0.0%2C%20Culture%3Dneutral%2C%20PublicKeyToken%3Dnull">
<_IncomingArcs href="#ref-74"/>
<_OutgoingArcs href="#ref-75"/>
<_Passable>true</_Passable>
<_Position href="#ref-76"/>
</a1:Node>
<a1:Node id="ref-13" xmlns:a1="http://schemas.microsoft.com/clr/nsassem/AStar/XMLHelper%2C%20Version%3D1.0.0.0%2C%20Culture%3Dneutral%2C%20PublicKeyToken%3Dnull">
<_IncomingArcs href="#ref-77"/>
<_OutgoingArcs href="#ref-78"/>
<_Passable>true</_Passable>
<_Position href="#ref-79"/>
</a1:Node>
<a1:Node id="ref-14" xmlns:a1="http://schemas.microsoft.com/clr/nsassem/AStar/XMLHelper%2C%20Version%3D1.0.0.0%2C%20Culture%3Dneutral%2C%20PublicKeyToken%3Dnull">
<_IncomingArcs href="#ref-80"/>
<_OutgoingArcs href="#ref-81"/>
<_Passable>true</_Passable>
<_Position href="#ref-82"/>
</a1:Node>
<a1:Node id="ref-15" xmlns:a1="http://schemas.microsoft.com/clr/nsassem/AStar/XMLHelper%2C%20Version%3D1.0.0.0%2C%20Culture%3Dneutral%2C%20PublicKeyToken%3Dnull">
<_IncomingArcs href="#ref-83"/>
<_OutgoingArcs href="#ref-84"/>
<_Passable>true</_Passable>
<_Position href="#ref-85"/>
</a1:Node>
<a1:Node id="ref-16" xmlns:a1="http://schemas.microsoft.com/clr/nsassem/AStar/XMLHelper%2C%20Version%3D1.0.0.0%2C%20Culture%3Dneutral%2C%20PublicKeyToken%3Dnull">
<_IncomingArcs href="#ref-86"/>
<_OutgoingArcs href="#ref-87"/>
<_Passable>true</_Passable>
<_Position href="#ref-88"/>
</a1:Node>
<a1:Node id="ref-17" xmlns:a1="http://schemas.microsoft.com/clr/nsassem/AStar/XMLHelper%2C%20Version%3D1.0.0.0%2C%20Culture%3Dneutral%2C%20PublicKeyToken%3Dnull">
<_IncomingArcs href="#ref-89"/>
<_OutgoingArcs href="#ref-90"/>
<_Passable>true</_Passable>
<_Position href="#ref-91"/>
</a1:Node>
<a1:Node id="ref-18" xmlns:a1="http://schemas.microsoft.com/clr/nsassem/AStar/XMLHelper%2C%20Version%3D1.0.0.0%2C%20Culture%3Dneutral%2C%20PublicKeyToken%3Dnull">
<_IncomingArcs href="#ref-92"/>
<_OutgoingArcs href="#ref-93"/>
<_Passable>true</_Passable>
<_Position href="#ref-94"/>
</a1:Node>
<a1:Node id="ref-19" xmlns:a1="http://schemas.microsoft.com/clr/nsassem/AStar/XMLHelper%2C%20Version%3D1.0.0.0%2C%20Culture%3Dneutral%2C%20PublicKeyToken%3Dnull">
<_IncomingArcs href="#ref-95"/>
<_OutgoingArcs href="#ref-96"/>
<_Passable>true</_Passable>
<_Position href="#ref-97"/>
</a1:Node>
<a1:Node id="ref-20" xmlns:a1="http://schemas.microsoft.com/clr/nsassem/AStar/XMLHelper%2C%20Version%3D1.0.0.0%2C%20Culture%3Dneutral%2C%20PublicKeyToken%3Dnull">
<_IncomingArcs href="#ref-98"/>
<_OutgoingArcs href="#ref-99"/>
<_Passable>true</_Passable>
<_Position href="#ref-100"/>
</a1:Node>
<a1:Node id="ref-21" xmlns:a1="http://schemas.microsoft.com/clr/nsassem/AStar/XMLHelper%2C%20Version%3D1.0.0.0%2C%20Culture%3Dneutral%2C%20PublicKeyToken%3Dnull">
<_IncomingArcs href="#ref-101"/>
<_OutgoingArcs href="#ref-102"/>
<_Passable>true</_Passable>
<_Position href="#ref-103"/>
</a1:Node>
<a1:Node id="ref-22" xmlns:a1="http://schemas.microsoft.com/clr/nsassem/AStar/XMLHelper%2C%20Version%3D1.0.0.0%2C%20Culture%3Dneutral%2C%20PublicKeyToken%3Dnull">
<_IncomingArcs href="#ref-104"/>
<_OutgoingArcs href="#ref-105"/>
<_Passable>true</_Passable>
<_Position href="#ref-106"/>
</a1:Node>
<a1:Node id="ref-23" xmlns:a1="http://schemas.microsoft.com/clr/nsassem/AStar/XMLHelper%2C%20Version%3D1.0.0.0%2C%20Culture%3Dneutral%2C%20PublicKeyToken%3Dnull">
<_IncomingArcs href="#ref-107"/>
<_OutgoingArcs href="#ref-108"/>
<_Passable>true</_Passable>
<_Position href="#ref-109"/>
</a1:Node>
<a1:Node id="ref-24" xmlns:a1="http://schemas.microsoft.com/clr/nsassem/AStar/XMLHelper%2C%20Version%3D1.0.0.0%2C%20Culture%3Dneutral%2C%20PublicKeyToken%3Dnull">
<_IncomingArcs href="#ref-110"/>
<_OutgoingArcs href="#ref-111"/>
<_Passable>true</_Passable>
<_Position href="#ref-112"/>
</a1:Node>
<a1:Arc id="ref-25" xmlns:a1="http://schemas.microsoft.com/clr/nsassem/AStar/XMLHelper%2C%20Version%3D1.0.0.0%2C%20Culture%3Dneutral%2C%20PublicKeyToken%3Dnull">
<_EndNode href="#ref-7"/>
<_Length>3.3113948489944938</_Length>
<_LengthUpdated>true</_LengthUpdated>
<_Passable>true</_Passable>
<_StartNode href="#ref-8"/>
<_Weight>1</_Weight>
</a1:Arc>
<a1:Arc id="ref-26" xmlns:a1="http://schemas.microsoft.com/clr/nsassem/AStar/XMLHelper%2C%20Version%3D1.0.0.0%2C%20Culture%3Dneutral%2C%20PublicKeyToken%3Dnull">
<_EndNode href="#ref-8"/>
<_Length>3.3113948489944938</_Length>
<_LengthUpdated>true</_LengthUpdated>
<_Passable>true</_Passable>
<_StartNode href="#ref-7"/>
<_Weight>1</_Weight>
</a1:Arc>
<a1:Arc id="ref-27" xmlns:a1="http://schemas.microsoft.com/clr/nsassem/AStar/XMLHelper%2C%20Version%3D1.0.0.0%2C%20Culture%3Dneutral%2C%20PublicKeyToken%3Dnull">
<_EndNode href="#ref-8"/>
<_Length>3.7785204659120106</_Length>
<_LengthUpdated>true</_LengthUpdated>
<_Passable>true</_Passable>
<_StartNode href="#ref-9"/>
<_Weight>1</_Weight>
</a1:Arc>
<a1:Arc id="ref-28" xmlns:a1="http://schemas.microsoft.com/clr/nsassem/AStar/XMLHelper%2C%20Version%3D1.0.0.0%2C%20Culture%3Dneutral%2C%20PublicKeyToken%3Dnull">
<_EndNode href="#ref-9"/>
<_Length>3.7785204659120106</_Length>
<_LengthUpdated>true</_LengthUpdated>
<_Passable>true</_Passable>
<_StartNode href="#ref-8"/>
<_Weight>1</_Weight>
</a1:Arc>
<a1:Arc id="ref-29" xmlns:a1="http://schemas.microsoft.com/clr/nsassem/AStar/XMLHelper%2C%20Version%3D1.0.0.0%2C%20Culture%3Dneutral%2C%20PublicKeyToken%3Dnull">
<_EndNode href="#ref-9"/>
<_Length>3.4774018035341641</_Length>
<_LengthUpdated>true</_LengthUpdated>
<_Passable>true</_Passable>
<_StartNode href="#ref-10"/>
<_Weight>1</_Weight>
</a1:Arc>
<a1:Arc id="ref-30" xmlns:a1="http://schemas.microsoft.com/clr/nsassem/AStar/XMLHelper%2C%20Version%3D1.0.0.0%2C%20Culture%3Dneutral%2C%20PublicKeyToken%3Dnull">
<_EndNode href="#ref-10"/>
<_Length>3.4774018035341641</_Length>
<_LengthUpdated>true</_LengthUpdated>
<_Passable>true</_Passable>
<_StartNode href="#ref-9"/>
<_Weight>1</_Weight>
</a1:Arc>
<a1:Arc id="ref-31" xmlns:a1="http://schemas.microsoft.com/clr/nsassem/AStar/XMLHelper%2C%20Version%3D1.0.0.0%2C%20Culture%3Dneutral%2C%20PublicKeyToken%3Dnull">
<_EndNode href="#ref-10"/>
<_Length>3.5359325589268944</_Length>
<_LengthUpdated>true</_LengthUpdated>
<_Passable>true</_Passable>
<_StartNode href="#ref-11"/>
<_Weight>1</_Weight>
</a1:Arc>
<a1:Arc id="ref-32" xmlns:a1="http://schemas.microsoft.com/clr/nsassem/AStar/XMLHelper%2C%20Version%3D1.0.0.0%2C%20Culture%3Dneutral%2C%20PublicKeyToken%3Dnull">
<_EndNode href="#ref-11"/>
<_Length>3.5359325589268944</_Length>
<_LengthUpdated>true</_LengthUpdated>
<_Passable>true</_Passable>
<_StartNode href="#ref-10"/>
<_Weight>1</_Weight>
</a1:Arc>
<a1:Arc id="ref-33" xmlns:a1="http://schemas.microsoft.com/clr/nsassem/AStar/XMLHelper%2C%20Version%3D1.0.0.0%2C%20Culture%3Dneutral%2C%20PublicKeyToken%3Dnull">
<_EndNode href="#ref-11"/>
<_Length>4.4076923147081963</_Length>
<_LengthUpdated>true</_LengthUpdated>
<_Passable>true</_Passable>
<_StartNode href="#ref-12"/>
<_Weight>1</_Weight>
</a1:Arc>
<a1:Arc id="ref-34" xmlns:a1="http://schemas.microsoft.com/clr/nsassem/AStar/XMLHelper%2C%20Version%3D1.0.0.0%2C%20Culture%3Dneutral%2C%20PublicKeyToken%3Dnull">
<_EndNode href="#ref-12"/>
<_Length>4.4076923147081963</_Length>
<_LengthUpdated>true</_LengthUpdated>
<_Passable>true</_Passable>
<_StartNode href="#ref-11"/>
<_Weight>1</_Weight>
</a1:Arc>
<a1:Arc id="ref-35" xmlns:a1="http://schemas.microsoft.com/clr/nsassem/AStar/XMLHelper%2C%20Version%3D1.0.0.0%2C%20Culture%3Dneutral%2C%20PublicKeyToken%3Dnull">
<_EndNode href="#ref-12"/>
<_Length>3.3317069536463717</_Length>
<_LengthUpdated>true</_LengthUpdated>
<_Passable>true</_Passable>
<_StartNode href="#ref-13"/>
<_Weight>1</_Weight>
</a1:Arc>
<a1:Arc id="ref-36" xmlns:a1="http://schemas.microsoft.com/clr/nsassem/AStar/XMLHelper%2C%20Version%3D1.0.0.0%2C%20Culture%3Dneutral%2C%20PublicKeyToken%3Dnull">
<_EndNode href="#ref-13"/>
<_Length>3.3317069536463717</_Length>
<_LengthUpdated>true</_LengthUpdated>
<_Passable>true</_Passable>
<_StartNode href="#ref-12"/>
<_Weight>1</_Weight>
</a1:Arc>
<a1:Arc id="ref-37" xmlns:a1="http://schemas.microsoft.com/clr/nsassem/AStar/XMLHelper%2C%20Version%3D1.0.0.0%2C%20Culture%3Dneutral%2C%20PublicKeyToken%3Dnull">
<_EndNode href="#ref-13"/>
<_Length>3.0624073559508274</_Length>
<_LengthUpdated>true</_LengthUpdated>
<_Passable>true</_Passable>
<_StartNode href="#ref-14"/>
<_Weight>1</_Weight>
</a1:Arc>
<a1:Arc id="ref-38" xmlns:a1="http://schemas.microsoft.com/clr/nsassem/AStar/XMLHelper%2C%20Version%3D1.0.0.0%2C%20Culture%3Dneutral%2C%20PublicKeyToken%3Dnull">
<_EndNode href="#ref-14"/>
<_Length>3.0624073559508274</_Length>
<_LengthUpdated>true</_LengthUpdated>
<_Passable>true</_Passable>
<_StartNode href="#ref-13"/>
<_Weight>1</_Weight>
</a1:Arc>
<a1:Arc id="ref-39" xmlns:a1="http://schemas.microsoft.com/clr/nsassem/AStar/XMLHelper%2C%20Version%3D1.0.0.0%2C%20Culture%3Dneutral%2C%20PublicKeyToken%3Dnull">
<_EndNode href="#ref-14"/>
<_Length>3.7902237518611437</_Length>
<_LengthUpdated>true</_LengthUpdated>
<_Passable>true</_Passable>
<_StartNode href="#ref-15"/>
<_Weight>1</_Weight>
</a1:Arc>
<a1:Arc id="ref-40" xmlns:a1="http://schemas.microsoft.com/clr/nsassem/AStar/XMLHelper%2C%20Version%3D1.0.0.0%2C%20Culture%3Dneutral%2C%20PublicKeyToken%3Dnull">
<_EndNode href="#ref-15"/>
<_Length>3.7902237518611437</_Length>
<_LengthUpdated>true</_LengthUpdated>
<_Passable>true</_Passable>
<_StartNode href="#ref-14"/>
<_Weight>1</_Weight>
</a1:Arc>
<a1:Arc id="ref-41" xmlns:a1="http://schemas.microsoft.com/clr/nsassem/AStar/XMLHelper%2C%20Version%3D1.0.0.0%2C%20Culture%3Dneutral%2C%20PublicKeyToken%3Dnull">
<_EndNode href="#ref-15"/>
<_Length>3.3609372786730662</_Length>
<_LengthUpdated>true</_LengthUpdated>
<_Passable>true</_Passable>
<_StartNode href="#ref-16"/>
<_Weight>1</_Weight>
</a1:Arc>
<a1:Arc id="ref-42" xmlns:a1="http://schemas.microsoft.com/clr/nsassem/AStar/XMLHelper%2C%20Version%3D1.0.0.0%2C%20Culture%3Dneutral%2C%20PublicKeyToken%3Dnull">
<_EndNode href="#ref-16"/>
<_Length>3.3609372786730662</_Length>
<_LengthUpdated>true</_LengthUpdated>
<_Passable>true</_Passable>
<_StartNode href="#ref-15"/>
<_Weight>1</_Weight>
</a1:Arc>
<a1:Arc id="ref-43" xmlns:a1="http://schemas.microsoft.com/clr/nsassem/AStar/XMLHelper%2C%20Version%3D1.0.0.0%2C%20Culture%3Dneutral%2C%20PublicKeyToken%3Dnull">
<_EndNode href="#ref-16"/>
<_Length>3.2200717619487316</_Length>
<_LengthUpdated>true</_LengthUpdated>
<_Passable>true</_Passable>
<_StartNode href="#ref-17"/>
<_Weight>1</_Weight>
</a1:Arc>
<a1:Arc id="ref-44" xmlns:a1="http://schemas.microsoft.com/clr/nsassem/AStar/XMLHelper%2C%20Version%3D1.0.0.0%2C%20Culture%3Dneutral%2C%20PublicKeyToken%3Dnull">
<_EndNode href="#ref-17"/>
<_Length>3.2200717619487316</_Length>
<_LengthUpdated>true</_LengthUpdated>
<_Passable>true</_Passable>
<_StartNode href="#ref-16"/>
<_Weight>1</_Weight>
</a1:Arc>
<a1:Arc id="ref-45" xmlns:a1="http://schemas.microsoft.com/clr/nsassem/AStar/XMLHelper%2C%20Version%3D1.0.0.0%2C%20Culture%3Dneutral%2C%20PublicKeyToken%3Dnull">
<_EndNode href="#ref-17"/>
<_Length>3.3417837475998735</_Length>
<_LengthUpdated>true</_LengthUpdated>
<_Passable>true</_Passable>
<_StartNode href="#ref-18"/>
<_Weight>1</_Weight>
</a1:Arc>
<a1:Arc id="ref-46" xmlns:a1="http://schemas.microsoft.com/clr/nsassem/AStar/XMLHelper%2C%20Version%3D1.0.0.0%2C%20Culture%3Dneutral%2C%20PublicKeyToken%3Dnull">
<_EndNode href="#ref-18"/>
<_Length>3.3417837475998735</_Length>
<_LengthUpdated>true</_LengthUpdated>
<_Passable>true</_Passable>
<_StartNode href="#ref-17"/>
<_Weight>1</_Weight>
</a1:Arc>
<a1:Arc id="ref-47" xmlns:a1="http://schemas.microsoft.com/clr/nsassem/AStar/XMLHelper%2C%20Version%3D1.0.0.0%2C%20Culture%3Dneutral%2C%20PublicKeyToken%3Dnull">
<_EndNode href="#ref-18"/>
<_Length>3.6072188373424914</_Length>
<_LengthUpdated>true</_LengthUpdated>
<_Passable>true</_Passable>
<_StartNode href="#ref-19"/>
<_Weight>1</_Weight>
</a1:Arc>
<a1:Arc id="ref-48" xmlns:a1="http://schemas.microsoft.com/clr/nsassem/AStar/XMLHelper%2C%20Version%3D1.0.0.0%2C%20Culture%3Dneutral%2C%20PublicKeyToken%3Dnull">
<_EndNode href="#ref-19"/>
<_Length>3.6072188373424914</_Length>
<_LengthUpdated>true</_LengthUpdated>
<_Passable>true</_Passable>
<_StartNode href="#ref-18"/>
<_Weight>1</_Weight>
</a1:Arc>
<a1:Arc id="ref-49" xmlns:a1="http://schemas.microsoft.com/clr/nsassem/AStar/XMLHelper%2C%20Version%3D1.0.0.0%2C%20Culture%3Dneutral%2C%20PublicKeyToken%3Dnull">
<_EndNode href="#ref-19"/>
<_Length>4.4267092318575756</_Length>
<_LengthUpdated>true</_LengthUpdated>
<_Passable>true</_Passable>
<_StartNode href="#ref-20"/>
<_Weight>1</_Weight>
</a1:Arc>
<a1:Arc id="ref-50" xmlns:a1="http://schemas.microsoft.com/clr/nsassem/AStar/XMLHelper%2C%20Version%3D1.0.0.0%2C%20Culture%3Dneutral%2C%20PublicKeyToken%3Dnull">
<_EndNode href="#ref-20"/>
<_Length>4.4267092318575756</_Length>
<_LengthUpdated>true</_LengthUpdated>
<_Passable>true</_Passable>
<_StartNode href="#ref-19"/>
<_Weight>1</_Weight>
</a1:Arc>
<a1:Arc id="ref-51" xmlns:a1="http://schemas.microsoft.com/clr/nsassem/AStar/XMLHelper%2C%20Version%3D1.0.0.0%2C%20Culture%3Dneutral%2C%20PublicKeyToken%3Dnull">
<_EndNode href="#ref-20"/>
<_Length>4.3805661352063838</_Length>
<_LengthUpdated>true</_LengthUpdated>
<_Passable>true</_Passable>
<_StartNode href="#ref-21"/>
<_Weight>1</_Weight>
</a1:Arc>
<a1:Arc id="ref-52" xmlns:a1="http://schemas.microsoft.com/clr/nsassem/AStar/XMLHelper%2C%20Version%3D1.0.0.0%2C%20Culture%3Dneutral%2C%20PublicKeyToken%3Dnull">
<_EndNode href="#ref-21"/>
<_Length>4.3805661352063838</_Length>
<_LengthUpdated>true</_LengthUpdated>
<_Passable>true</_Passable>
<_StartNode href="#ref-20"/>
<_Weight>1</_Weight>
</a1:Arc>
<a1:Arc id="ref-53" xmlns:a1="http://schemas.microsoft.com/clr/nsassem/AStar/XMLHelper%2C%20Version%3D1.0.0.0%2C%20Culture%3Dneutral%2C%20PublicKeyToken%3Dnull">
<_EndNode href="#ref-21"/>
<_Length>3.7777489461608917</_Length>
<_LengthUpdated>true</_LengthUpdated>
<_Passable>true</_Passable>
<_StartNode href="#ref-22"/>
<_Weight>1</_Weight>
</a1:Arc>
<a1:Arc id="ref-54" xmlns:a1="http://schemas.microsoft.com/clr/nsassem/AStar/XMLHelper%2C%20Version%3D1.0.0.0%2C%20Culture%3Dneutral%2C%20PublicKeyToken%3Dnull">
<_EndNode href="#ref-22"/>
<_Length>3.7777489461608917</_Length>
<_LengthUpdated>true</_LengthUpdated>
<_Passable>true</_Passable>
<_StartNode href="#ref-21"/>
<_Weight>1</_Weight>
</a1:Arc>
<a1:Arc id="ref-55" xmlns:a1="http://schemas.microsoft.com/clr/nsassem/AStar/XMLHelper%2C%20Version%3D1.0.0.0%2C%20Culture%3Dneutral%2C%20PublicKeyToken%3Dnull">
<_EndNode href="#ref-22"/>
<_Length>0</_Length>
<_LengthUpdated>false</_LengthUpdated>
<_Passable>true</_Passable>
<_StartNode href="#ref-23"/>
<_Weight>1</_Weight>
</a1:Arc>
<a1:Arc id="ref-56" xmlns:a1="http://schemas.microsoft.com/clr/nsassem/AStar/XMLHelper%2C%20Version%3D1.0.0.0%2C%20Culture%3Dneutral%2C%20PublicKeyToken%3Dnull">
<_EndNode href="#ref-23"/>
<_Length>3.718343504158403</_Length>
<_LengthUpdated>true</_LengthUpdated>
<_Passable>true</_Passable>
<_StartNode href="#ref-22"/>
<_Weight>1</_Weight>
</a1:Arc>
<a1:Arc id="ref-57" xmlns:a1="http://schemas.microsoft.com/clr/nsassem/AStar/XMLHelper%2C%20Version%3D1.0.0.0%2C%20Culture%3Dneutral%2C%20PublicKeyToken%3Dnull">
<_EndNode href="#ref-23"/>
<_Length>0</_Length>
<_LengthUpdated>false</_LengthUpdated>
<_Passable>true</_Passable>
<_StartNode href="#ref-24"/>
<_Weight>1</_Weight>
</a1:Arc>
<a1:Arc id="ref-58" xmlns:a1="http://schemas.microsoft.com/clr/nsassem/AStar/XMLHelper%2C%20Version%3D1.0.0.0%2C%20Culture%3Dneutral%2C%20PublicKeyToken%3Dnull">
<_EndNode href="#ref-24"/>
<_Length>0</_Length>
<_LengthUpdated>false</_LengthUpdated>
<_Passable>true</_Passable>
<_StartNode href="#ref-23"/>
<_Weight>1</_Weight>
</a1:Arc>
<a2:ArrayList id="ref-59" xmlns:a2="http://schemas.microsoft.com/clr/ns/System.Collections">
<_items href="#ref-113"/>
<_size>1</_size>
<_version>1</_version>
</a2:ArrayList>
<a2:ArrayList id="ref-60" xmlns:a2="http://schemas.microsoft.com/clr/ns/System.Collections">
<_items href="#ref-114"/>
<_size>1</_size>
<_version>1</_version>
</a2:ArrayList>
<a4:Point3D id="ref-61" xmlns:a4="http://schemas.microsoft.com/clr/nsassem/Helpers/XMLHelper%2C%20Version%3D1.0.0.0%2C%20Culture%3Dneutral%2C%20PublicKeyToken%3Dnull">
<_Coordinates href="#ref-115"/>
</a4:Point3D>
<a2:ArrayList id="ref-62" xmlns:a2="http://schemas.microsoft.com/clr/ns/System.Collections">
<_items href="#ref-116"/>
<_size>2</_size>
<_version>2</_version>
</a2:ArrayList>
<a2:ArrayList id="ref-63" xmlns:a2="http://schemas.microsoft.com/clr/ns/System.Collections">
<_items href="#ref-117"/>
<_size>2</_size>
<_version>2</_version>
</a2:ArrayList>
<a4:Point3D id="ref-64" xmlns:a4="http://schemas.microsoft.com/clr/nsassem/Helpers/XMLHelper%2C%20Version%3D1.0.0.0%2C%20Culture%3Dneutral%2C%20PublicKeyToken%3Dnull">
<_Coordinates href="#ref-118"/>
</a4:Point3D>
<a2:ArrayList id="ref-65" xmlns:a2="http://schemas.microsoft.com/clr/ns/System.Collections">
<_items href="#ref-119"/>
<_size>2</_size>
<_version>2</_version>
</a2:ArrayList>
<a2:ArrayList id="ref-66" xmlns:a2="http://schemas.microsoft.com/clr/ns/System.Collections">
<_items href="#ref-120"/>
<_size>2</_size>
<_version>2</_version>
</a2:ArrayList>
<a4:Point3D id="ref-67" xmlns:a4="http://schemas.microsoft.com/clr/nsassem/Helpers/XMLHelper%2C%20Version%3D1.0.0.0%2C%20Culture%3Dneutral%2C%20PublicKeyToken%3Dnull">
<_Coordinates href="#ref-121"/>
</a4:Point3D>
<a2:ArrayList id="ref-68" xmlns:a2="http://schemas.microsoft.com/clr/ns/System.Collections">
<_items href="#ref-122"/>
<_size>2</_size>
<_version>2</_version>
</a2:ArrayList>
<a2:ArrayList id="ref-69" xmlns:a2="http://schemas.microsoft.com/clr/ns/System.Collections">
<_items href="#ref-123"/>
<_size>2</_size>
<_version>2</_version>
</a2:ArrayList>
<a4:Point3D id="ref-70" xmlns:a4="http://schemas.microsoft.com/clr/nsassem/Helpers/XMLHelper%2C%20Version%3D1.0.0.0%2C%20Culture%3Dneutral%2C%20PublicKeyToken%3Dnull">
<_Coordinates href="#ref-124"/>
</a4:Point3D>
<a2:ArrayList id="ref-71" xmlns:a2="http://schemas.microsoft.com/clr/ns/System.Collections">
<_items href="#ref-125"/>
<_size>2</_size>
<_version>2</_version>
</a2:ArrayList>
<a2:ArrayList id="ref-72" xmlns:a2="http://schemas.microsoft.com/clr/ns/System.Collections">
<_items href="#ref-126"/>
<_size>2</_size>
<_version>2</_version>
</a2:ArrayList>
<a4:Point3D id="ref-73" xmlns:a4="http://schemas.microsoft.com/clr/nsassem/Helpers/XMLHelper%2C%20Version%3D1.0.0.0%2C%20Culture%3Dneutral%2C%20PublicKeyToken%3Dnull">
<_Coordinates href="#ref-127"/>
</a4:Point3D>
<a2:ArrayList id="ref-74" xmlns:a2="http://schemas.microsoft.com/clr/ns/System.Collections">
<_items href="#ref-128"/>
<_size>2</_size>
<_version>2</_version>
</a2:ArrayList>
<a2:ArrayList id="ref-75" xmlns:a2="http://schemas.microsoft.com/clr/ns/System.Collections">
<_items href="#ref-129"/>
<_size>2</_size>
<_version>2</_version>
</a2:ArrayList>
<a4:Point3D id="ref-76" xmlns:a4="http://schemas.microsoft.com/clr/nsassem/Helpers/XMLHelper%2C%20Version%3D1.0.0.0%2C%20Culture%3Dneutral%2C%20PublicKeyToken%3Dnull">
<_Coordinates href="#ref-130"/>
</a4:Point3D>
<a2:ArrayList id="ref-77" xmlns:a2="http://schemas.microsoft.com/clr/ns/System.Collections">
<_items href="#ref-131"/>
<_size>2</_size>
<_version>2</_version>
</a2:ArrayList>
<a2:ArrayList id="ref-78" xmlns:a2="http://schemas.microsoft.com/clr/ns/System.Collections">
<_items href="#ref-132"/>
<_size>2</_size>
<_version>2</_version>
</a2:ArrayList>
<a4:Point3D id="ref-79" xmlns:a4="http://schemas.microsoft.com/clr/nsassem/Helpers/XMLHelper%2C%20Version%3D1.0.0.0%2C%20Culture%3Dneutral%2C%20PublicKeyToken%3Dnull">
<_Coordinates href="#ref-133"/>
</a4:Point3D>
<a2:ArrayList id="ref-80" xmlns:a2="http://schemas.microsoft.com/clr/ns/System.Collections">
<_items href="#ref-134"/>
<_size>2</_size>
<_version>2</_version>
</a2:ArrayList>
<a2:ArrayList id="ref-81" xmlns:a2="http://schemas.microsoft.com/clr/ns/System.Collections">
<_items href="#ref-135"/>
<_size>2</_size>
<_version>2</_version>
</a2:ArrayList>
<a4:Point3D id="ref-82" xmlns:a4="http://schemas.microsoft.com/clr/nsassem/Helpers/XMLHelper%2C%20Version%3D1.0.0.0%2C%20Culture%3Dneutral%2C%20PublicKeyToken%3Dnull">
<_Coordinates href="#ref-136"/>
</a4:Point3D>
<a2:ArrayList id="ref-83" xmlns:a2="http://schemas.microsoft.com/clr/ns/System.Collections">
<_items href="#ref-137"/>
<_size>2</_size>
<_version>2</_version>
</a2:ArrayList>
<a2:ArrayList id="ref-84" xmlns:a2="http://schemas.microsoft.com/clr/ns/System.Collections">
<_items href="#ref-138"/>
<_size>2</_size>
<_version>2</_version>
</a2:ArrayList>
<a4:Point3D id="ref-85" xmlns:a4="http://schemas.microsoft.com/clr/nsassem/Helpers/XMLHelper%2C%20Version%3D1.0.0.0%2C%20Culture%3Dneutral%2C%20PublicKeyToken%3Dnull">
<_Coordinates href="#ref-139"/>
</a4:Point3D>
<a2:ArrayList id="ref-86" xmlns:a2="http://schemas.microsoft.com/clr/ns/System.Collections">
<_items href="#ref-140"/>
<_size>2</_size>
<_version>2</_version>
</a2:ArrayList>
<a2:ArrayList id="ref-87" xmlns:a2="http://schemas.microsoft.com/clr/ns/System.Collections">
<_items href="#ref-141"/>
<_size>2</_size>
<_version>2</_version>
</a2:ArrayList>
<a4:Point3D id="ref-88" xmlns:a4="http://schemas.microsoft.com/clr/nsassem/Helpers/XMLHelper%2C%20Version%3D1.0.0.0%2C%20Culture%3Dneutral%2C%20PublicKeyToken%3Dnull">
<_Coordinates href="#ref-142"/>
</a4:Point3D>
<a2:ArrayList id="ref-89" xmlns:a2="http://schemas.microsoft.com/clr/ns/System.Collections">
<_items href="#ref-143"/>
<_size>2</_size>
<_version>2</_version>
</a2:ArrayList>
<a2:ArrayList id="ref-90" xmlns:a2="http://schemas.microsoft.com/clr/ns/System.Collections">
<_items href="#ref-144"/>
<_size>2</_size>
<_version>2</_version>
</a2:ArrayList>
<a4:Point3D id="ref-91" xmlns:a4="http://schemas.microsoft.com/clr/nsassem/Helpers/XMLHelper%2C%20Version%3D1.0.0.0%2C%20Culture%3Dneutral%2C%20PublicKeyToken%3Dnull">
<_Coordinates href="#ref-145"/>
</a4:Point3D>
<a2:ArrayList id="ref-92" xmlns:a2="http://schemas.microsoft.com/clr/ns/System.Collections">
<_items href="#ref-146"/>
<_size>2</_size>
<_version>2</_version>
</a2:ArrayList>
<a2:ArrayList id="ref-93" xmlns:a2="http://schemas.microsoft.com/clr/ns/System.Collections">
<_items href="#ref-147"/>
<_size>2</_size>
<_version>2</_version>
</a2:ArrayList>
<a4:Point3D id="ref-94" xmlns:a4="http://schemas.microsoft.com/clr/nsassem/Helpers/XMLHelper%2C%20Version%3D1.0.0.0%2C%20Culture%3Dneutral%2C%20PublicKeyToken%3Dnull">
<_Coordinates href="#ref-148"/>
</a4:Point3D>
<a2:ArrayList id="ref-95" xmlns:a2="http://schemas.microsoft.com/clr/ns/System.Collections">
<_items href="#ref-149"/>
<_size>2</_size>
<_version>2</_version>
</a2:ArrayList>
<a2:ArrayList id="ref-96" xmlns:a2="http://schemas.microsoft.com/clr/ns/System.Collections">
<_items href="#ref-150"/>
<_size>2</_size>
<_version>2</_version>
</a2:ArrayList>
<a4:Point3D id="ref-97" xmlns:a4="http://schemas.microsoft.com/clr/nsassem/Helpers/XMLHelper%2C%20Version%3D1.0.0.0%2C%20Culture%3Dneutral%2C%20PublicKeyToken%3Dnull">
<_Coordinates href="#ref-151"/>
</a4:Point3D>
<a2:ArrayList id="ref-98" xmlns:a2="http://schemas.microsoft.com/clr/ns/System.Collections">
<_items href="#ref-152"/>
<_size>2</_size>
<_version>2</_version>
</a2:ArrayList>
<a2:ArrayList id="ref-99" xmlns:a2="http://schemas.microsoft.com/clr/ns/System.Collections">
<_items href="#ref-153"/>
<_size>2</_size>
<_version>2</_version>
</a2:ArrayList>
<a4:Point3D id="ref-100" xmlns:a4="http://schemas.microsoft.com/clr/nsassem/Helpers/XMLHelper%2C%20Version%3D1.0.0.0%2C%20Culture%3Dneutral%2C%20PublicKeyToken%3Dnull">
<_Coordinates href="#ref-154"/>
</a4:Point3D>
<a2:ArrayList id="ref-101" xmlns:a2="http://schemas.microsoft.com/clr/ns/System.Collections">
<_items href="#ref-155"/>
<_size>2</_size>
<_version>2</_version>
</a2:ArrayList>
<a2:ArrayList id="ref-102" xmlns:a2="http://schemas.microsoft.com/clr/ns/System.Collections">
<_items href="#ref-156"/>
<_size>2</_size>
<_version>2</_version>
</a2:ArrayList>
<a4:Point3D id="ref-103" xmlns:a4="http://schemas.microsoft.com/clr/nsassem/Helpers/XMLHelper%2C%20Version%3D1.0.0.0%2C%20Culture%3Dneutral%2C%20PublicKeyToken%3Dnull">
<_Coordinates href="#ref-157"/>
</a4:Point3D>
<a2:ArrayList id="ref-104" xmlns:a2="http://schemas.microsoft.com/clr/ns/System.Collections">
<_items href="#ref-158"/>
<_size>2</_size>
<_version>2</_version>
</a2:ArrayList>
<a2:ArrayList id="ref-105" xmlns:a2="http://schemas.microsoft.com/clr/ns/System.Collections">
<_items href="#ref-159"/>
<_size>2</_size>
<_version>2</_version>
</a2:ArrayList>
<a4:Point3D id="ref-106" xmlns:a4="http://schemas.microsoft.com/clr/nsassem/Helpers/XMLHelper%2C%20Version%3D1.0.0.0%2C%20Culture%3Dneutral%2C%20PublicKeyToken%3Dnull">
<_Coordinates href="#ref-160"/>
</a4:Point3D>
<a2:ArrayList id="ref-107" xmlns:a2="http://schemas.microsoft.com/clr/ns/System.Collections">
<_items href="#ref-161"/>
<_size>2</_size>
<_version>2</_version>
</a2:ArrayList>
<a2:ArrayList id="ref-108" xmlns:a2="http://schemas.microsoft.com/clr/ns/System.Collections">
<_items href="#ref-162"/>
<_size>2</_size>
<_version>2</_version>
</a2:ArrayList>
<a4:Point3D id="ref-109" xmlns:a4="http://schemas.microsoft.com/clr/nsassem/Helpers/XMLHelper%2C%20Version%3D1.0.0.0%2C%20Culture%3Dneutral%2C%20PublicKeyToken%3Dnull">
<_Coordinates href="#ref-163"/>
</a4:Point3D>
<a2:ArrayList id="ref-110" xmlns:a2="http://schemas.microsoft.com/clr/ns/System.Collections">
<_items href="#ref-164"/>
<_size>1</_size>
<_version>1</_version>
</a2:ArrayList>
<a2:ArrayList id="ref-111" xmlns:a2="http://schemas.microsoft.com/clr/ns/System.Collections">
<_items href="#ref-165"/>
<_size>1</_size>
<_version>1</_version>
</a2:ArrayList>
<a4:Point3D id="ref-112" xmlns:a4="http://schemas.microsoft.com/clr/nsassem/Helpers/XMLHelper%2C%20Version%3D1.0.0.0%2C%20Culture%3Dneutral%2C%20PublicKeyToken%3Dnull">
<_Coordinates href="#ref-166"/>
</a4:Point3D>
<SOAP-ENC:Array id="ref-113" SOAP-ENC:arrayType="xsd:anyType[4]">
<item href="#ref-25"/>
</SOAP-ENC:Array>
<SOAP-ENC:Array id="ref-114" SOAP-ENC:arrayType="xsd:anyType[4]">
<item href="#ref-26"/>
</SOAP-ENC:Array>
<SOAP-ENC:Array id="ref-115" SOAP-ENC:arrayType="xsd:float[3]">
<item>1032.93726</item>
<item>2969.309</item>
<item>167.840485</item>
</SOAP-ENC:Array>
<SOAP-ENC:Array id="ref-116" SOAP-ENC:arrayType="xsd:anyType[4]">
<item href="#ref-26"/>
<item href="#ref-27"/>
</SOAP-ENC:Array>
<SOAP-ENC:Array id="ref-117" SOAP-ENC:arrayType="xsd:anyType[4]">
<item href="#ref-25"/>
<item href="#ref-28"/>
</SOAP-ENC:Array>
<SOAP-ENC:Array id="ref-118" SOAP-ENC:arrayType="xsd:float[3]">
<item>1035.75879</item>
<item>2971.033</item>
<item>167.66011</item>
</SOAP-ENC:Array>
<SOAP-ENC:Array id="ref-119" SOAP-ENC:arrayType="xsd:anyType[4]">
<item href="#ref-28"/>
<item href="#ref-29"/>
</SOAP-ENC:Array>
<SOAP-ENC:Array id="ref-120" SOAP-ENC:arrayType="xsd:anyType[4]">
<item href="#ref-27"/>
<item href="#ref-30"/>
</SOAP-ENC:Array>
<SOAP-ENC:Array id="ref-121" SOAP-ENC:arrayType="xsd:float[3]">
<item>1035.66553</item>
<item>2974.8103</item>
<item>167.64621</item>
</SOAP-ENC:Array>
<SOAP-ENC:Array id="ref-122" SOAP-ENC:arrayType="xsd:anyType[4]">
<item href="#ref-30"/>
<item href="#ref-31"/>
</SOAP-ENC:Array>
<SOAP-ENC:Array id="ref-123" SOAP-ENC:arrayType="xsd:anyType[4]">
<item href="#ref-29"/>
<item href="#ref-32"/>
</SOAP-ENC:Array>
<SOAP-ENC:Array id="ref-124" SOAP-ENC:arrayType="xsd:float[3]">
<item>1033.52234</item>
<item>2977.54785</item>
<item>167.576263</item>
</SOAP-ENC:Array>
<SOAP-ENC:Array id="ref-125" SOAP-ENC:arrayType="xsd:anyType[4]">
<item href="#ref-32"/>
<item href="#ref-33"/>
</SOAP-ENC:Array>
<SOAP-ENC:Array id="ref-126" SOAP-ENC:arrayType="xsd:anyType[4]">
<item href="#ref-31"/>
<item href="#ref-34"/>
</SOAP-ENC:Array>
<SOAP-ENC:Array id="ref-127" SOAP-ENC:arrayType="xsd:float[3]">
<item>1031.01428</item>
<item>2980.03564</item>
<item>167.423431</item>
</SOAP-ENC:Array>
<SOAP-ENC:Array id="ref-128" SOAP-ENC:arrayType="xsd:anyType[4]">
<item href="#ref-34"/>
<item href="#ref-35"/>
</SOAP-ENC:Array>
<SOAP-ENC:Array id="ref-129" SOAP-ENC:arrayType="xsd:anyType[4]">
<item href="#ref-33"/>
<item href="#ref-36"/>
</SOAP-ENC:Array>
<SOAP-ENC:Array id="ref-130" SOAP-ENC:arrayType="xsd:float[3]">
<item>1027.88318</item>
<item>2983.136</item>
<item>167.3147</item>
</SOAP-ENC:Array>
<SOAP-ENC:Array id="ref-131" SOAP-ENC:arrayType="xsd:anyType[4]">
<item href="#ref-36"/>
<item href="#ref-37"/>
</SOAP-ENC:Array>
<SOAP-ENC:Array id="ref-132" SOAP-ENC:arrayType="xsd:anyType[4]">
<item href="#ref-35"/>
<item href="#ref-38"/>
</SOAP-ENC:Array>
<SOAP-ENC:Array id="ref-133" SOAP-ENC:arrayType="xsd:float[3]">
<item>1025.52307</item>
<item>2985.48755</item>
<item>167.29686</item>
</SOAP-ENC:Array>
<SOAP-ENC:Array id="ref-134" SOAP-ENC:arrayType="xsd:anyType[4]">
<item href="#ref-38"/>
<item href="#ref-39"/>
</SOAP-ENC:Array>
<SOAP-ENC:Array id="ref-135" SOAP-ENC:arrayType="xsd:anyType[4]">
<item href="#ref-37"/>
<item href="#ref-40"/>
</SOAP-ENC:Array>
<SOAP-ENC:Array id="ref-136" SOAP-ENC:arrayType="xsd:float[3]">
<item>1023.35907</item>
<item>2987.653</item>
<item>167.219864</item>
</SOAP-ENC:Array>
<SOAP-ENC:Array id="ref-137" SOAP-ENC:arrayType="xsd:anyType[4]">
<item href="#ref-40"/>
<item href="#ref-41"/>
</SOAP-ENC:Array>
<SOAP-ENC:Array id="ref-138" SOAP-ENC:arrayType="xsd:anyType[4]">
<item href="#ref-39"/>
<item href="#ref-42"/>
</SOAP-ENC:Array>
<SOAP-ENC:Array id="ref-139" SOAP-ENC:arrayType="xsd:float[3]">
<item>1020.69006</item>
<item>2990.34</item>
<item>167.070969</item>
</SOAP-ENC:Array>
<SOAP-ENC:Array id="ref-140" SOAP-ENC:arrayType="xsd:anyType[4]">
<item href="#ref-42"/>
<item href="#ref-43"/>
</SOAP-ENC:Array>
<SOAP-ENC:Array id="ref-141" SOAP-ENC:arrayType="xsd:anyType[4]">
<item href="#ref-41"/>
<item href="#ref-44"/>
</SOAP-ENC:Array>
<SOAP-ENC:Array id="ref-142" SOAP-ENC:arrayType="xsd:float[3]">
<item>1018.33105</item>
<item>2992.72754</item>
<item>166.894745</item>
</SOAP-ENC:Array>
<SOAP-ENC:Array id="ref-143" SOAP-ENC:arrayType="xsd:anyType[4]">
<item href="#ref-44"/>
<item href="#ref-45"/>
</SOAP-ENC:Array>
<SOAP-ENC:Array id="ref-144" SOAP-ENC:arrayType="xsd:anyType[4]">
<item href="#ref-43"/>
<item href="#ref-46"/>
</SOAP-ENC:Array>
<SOAP-ENC:Array id="ref-145" SOAP-ENC:arrayType="xsd:float[3]">
<item>1016.09552</item>
<item>2995.04224</item>
<item>166.778885</item>
</SOAP-ENC:Array>
<SOAP-ENC:Array id="ref-146" SOAP-ENC:arrayType="xsd:anyType[4]">
<item href="#ref-46"/>
<item href="#ref-47"/>
</SOAP-ENC:Array>
<SOAP-ENC:Array id="ref-147" SOAP-ENC:arrayType="xsd:anyType[4]">
<item href="#ref-45"/>
<item href="#ref-48"/>
</SOAP-ENC:Array>
<SOAP-ENC:Array id="ref-148" SOAP-ENC:arrayType="xsd:float[3]">
<item>1013.864</item>
<item>2997.52954</item>
<item>166.813721</item>
</SOAP-ENC:Array>
<SOAP-ENC:Array id="ref-149" SOAP-ENC:arrayType="xsd:anyType[4]">
<item href="#ref-48"/>
<item href="#ref-49"/>
</SOAP-ENC:Array>
<SOAP-ENC:Array id="ref-150" SOAP-ENC:arrayType="xsd:anyType[4]">
<item href="#ref-47"/>
<item href="#ref-50"/>
</SOAP-ENC:Array>
<SOAP-ENC:Array id="ref-151" SOAP-ENC:arrayType="xsd:float[3]">
<item>1011.94745</item>
<item>3000.58447</item>
<item>166.892456</item>
</SOAP-ENC:Array>
<SOAP-ENC:Array id="ref-152" SOAP-ENC:arrayType="xsd:anyType[4]">
<item href="#ref-50"/>
<item href="#ref-51"/>
</SOAP-ENC:Array>
<SOAP-ENC:Array id="ref-153" SOAP-ENC:arrayType="xsd:anyType[4]">
<item href="#ref-49"/>
<item href="#ref-52"/>
</SOAP-ENC:Array>
<SOAP-ENC:Array id="ref-154" SOAP-ENC:arrayType="xsd:float[3]">
<item>1009.88464</item>
<item>3004.48462</item>
<item>166.532669</item>
</SOAP-ENC:Array>
<SOAP-ENC:Array id="ref-155" SOAP-ENC:arrayType="xsd:anyType[4]">
<item href="#ref-52"/>
<item href="#ref-53"/>
</SOAP-ENC:Array>
<SOAP-ENC:Array id="ref-156" SOAP-ENC:arrayType="xsd:anyType[4]">
<item href="#ref-51"/>
<item href="#ref-54"/>
</SOAP-ENC:Array>
<SOAP-ENC:Array id="ref-157" SOAP-ENC:arrayType="xsd:float[3]">
<item>1008.045</item>
<item>3008.45874</item>
<item>166.6393</item>
</SOAP-ENC:Array>
<SOAP-ENC:Array id="ref-158" SOAP-ENC:arrayType="xsd:anyType[4]">
<item href="#ref-54"/>
<item href="#ref-55"/>
</SOAP-ENC:Array>
<SOAP-ENC:Array id="ref-159" SOAP-ENC:arrayType="xsd:anyType[4]">
<item href="#ref-53"/>
<item href="#ref-56"/>
</SOAP-ENC:Array>
<SOAP-ENC:Array id="ref-160" SOAP-ENC:arrayType="xsd:float[3]">
<item>1006.69171</item>
<item>3011.97632</item>
<item>166.381058</item>
</SOAP-ENC:Array>
<SOAP-ENC:Array id="ref-161" SOAP-ENC:arrayType="xsd:anyType[4]">
<item href="#ref-56"/>
<item href="#ref-57"/>
</SOAP-ENC:Array>
<SOAP-ENC:Array id="ref-162" SOAP-ENC:arrayType="xsd:anyType[4]">
<item href="#ref-55"/>
<item href="#ref-58"/>
</SOAP-ENC:Array>
<SOAP-ENC:Array id="ref-163" SOAP-ENC:arrayType="xsd:float[3]">
<item>1005.66455</item>
<item>3015.54614</item>
<item>166.2156</item>
</SOAP-ENC:Array>
<SOAP-ENC:Array id="ref-164" SOAP-ENC:arrayType="xsd:anyType[4]">
<item href="#ref-58"/>
</SOAP-ENC:Array>
<SOAP-ENC:Array id="ref-165" SOAP-ENC:arrayType="xsd:anyType[4]">
<item href="#ref-57"/>
</SOAP-ENC:Array>
<SOAP-ENC:Array id="ref-166" SOAP-ENC:arrayType="xsd:float[3]">
<item>1004.67413</item>
<item>3018.71851</item>
<item>166.183472</item>
</SOAP-ENC:Array>
</SOAP-ENV:Body>
</SOAP-ENV:Envelope>
