<SOAP-ENV:Envelope xmlns:xsi="http://www.w3.org/2001/XMLSchema-instance" xmlns:xsd="http://www.w3.org/2001/XMLSchema" xmlns:SOAP-ENC="http://schemas.xmlsoap.org/soap/encoding/" xmlns:SOAP-ENV="http://schemas.xmlsoap.org/soap/envelope/" xmlns:clr="http://schemas.microsoft.com/soap/encoding/clr/1.0" SOAP-ENV:encodingStyle="http://schemas.xmlsoap.org/soap/encoding/">
<SOAP-ENV:Body>
<a1:Graph id="ref-1" xmlns:a1="http://schemas.microsoft.com/clr/nsassem/AStar/XMLHelper%2C%20Version%3D1.0.0.0%2C%20Culture%3Dneutral%2C%20PublicKeyToken%3Dnull">
<NodeArray href="#ref-3"/>
<ArcArray href="#ref-4"/>
<NodeSize>3</NodeSize>
<NodeConnectSize>6</NodeConnectSize>
</a1:Graph>
<a2:ArrayList id="ref-3" xmlns:a2="http://schemas.microsoft.com/clr/ns/System.Collections">
<_items href="#ref-5"/>
<_size>35</_size>
<_version>35</_version>
</a2:ArrayList>
<a2:ArrayList id="ref-4" xmlns:a2="http://schemas.microsoft.com/clr/ns/System.Collections">
<_items href="#ref-6"/>
<_size>68</_size>
<_version>68</_version>
</a2:ArrayList>
<SOAP-ENC:Array id="ref-5" SOAP-ENC:arrayType="xsd:anyType[64]">
<item href="#ref-7"/>
<item href="#ref-8"/>
<item href="#ref-9"/>
<item href="#ref-10"/>
<item href="#ref-11"/>
<item href="#ref-12"/>
<item href="#ref-13"/>
<item href="#ref-14"/>
<item href="#ref-15"/>
<item href="#ref-16"/>
<item href="#ref-17"/>
<item href="#ref-18"/>
<item href="#ref-19"/>
<item href="#ref-20"/>
<item href="#ref-21"/>
<item href="#ref-22"/>
<item href="#ref-23"/>
<item href="#ref-24"/>
<item href="#ref-25"/>
<item href="#ref-26"/>
<item href="#ref-27"/>
<item href="#ref-28"/>
<item href="#ref-29"/>
<item href="#ref-30"/>
<item href="#ref-31"/>
<item href="#ref-32"/>
<item href="#ref-33"/>
<item href="#ref-34"/>
<item href="#ref-35"/>
<item href="#ref-36"/>
<item href="#ref-37"/>
<item href="#ref-38"/>
<item href="#ref-39"/>
<item href="#ref-40"/>
<item href="#ref-41"/>
</SOAP-ENC:Array>
<SOAP-ENC:Array id="ref-6" SOAP-ENC:arrayType="xsd:anyType[128]">
<item href="#ref-42"/>
<item href="#ref-43"/>
<item href="#ref-44"/>
<item href="#ref-45"/>
<item href="#ref-46"/>
<item href="#ref-47"/>
<item href="#ref-48"/>
<item href="#ref-49"/>
<item href="#ref-50"/>
<item href="#ref-51"/>
<item href="#ref-52"/>
<item href="#ref-53"/>
<item href="#ref-54"/>
<item href="#ref-55"/>
<item href="#ref-56"/>
<item href="#ref-57"/>
<item href="#ref-58"/>
<item href="#ref-59"/>
<item href="#ref-60"/>
<item href="#ref-61"/>
<item href="#ref-62"/>
<item href="#ref-63"/>
<item href="#ref-64"/>
<item href="#ref-65"/>
<item href="#ref-66"/>
<item href="#ref-67"/>
<item href="#ref-68"/>
<item href="#ref-69"/>
<item href="#ref-70"/>
<item href="#ref-71"/>
<item href="#ref-72"/>
<item href="#ref-73"/>
<item href="#ref-74"/>
<item href="#ref-75"/>
<item href="#ref-76"/>
<item href="#ref-77"/>
<item href="#ref-78"/>
<item href="#ref-79"/>
<item href="#ref-80"/>
<item href="#ref-81"/>
<item href="#ref-82"/>
<item href="#ref-83"/>
<item href="#ref-84"/>
<item href="#ref-85"/>
<item href="#ref-86"/>
<item href="#ref-87"/>
<item href="#ref-88"/>
<item href="#ref-89"/>
<item href="#ref-90"/>
<item href="#ref-91"/>
<item href="#ref-92"/>
<item href="#ref-93"/>
<item href="#ref-94"/>
<item href="#ref-95"/>
<item href="#ref-96"/>
<item href="#ref-97"/>
<item href="#ref-98"/>
<item href="#ref-99"/>
<item href="#ref-100"/>
<item href="#ref-101"/>
<item href="#ref-102"/>
<item href="#ref-103"/>
<item href="#ref-104"/>
<item href="#ref-105"/>
<item href="#ref-106"/>
<item href="#ref-107"/>
<item href="#ref-108"/>
<item href="#ref-109"/>
</SOAP-ENC:Array>
<a1:Node id="ref-7" xmlns:a1="http://schemas.microsoft.com/clr/nsassem/AStar/XMLHelper%2C%20Version%3D1.0.0.0%2C%20Culture%3Dneutral%2C%20PublicKeyToken%3Dnull">
<_IncomingArcs href="#ref-110"/>
<_OutgoingArcs href="#ref-111"/>
<_Passable>true</_Passable>
<_Position href="#ref-112"/>
</a1:Node>
<a1:Node id="ref-8" xmlns:a1="http://schemas.microsoft.com/clr/nsassem/AStar/XMLHelper%2C%20Version%3D1.0.0.0%2C%20Culture%3Dneutral%2C%20PublicKeyToken%3Dnull">
<_IncomingArcs href="#ref-113"/>
<_OutgoingArcs href="#ref-114"/>
<_Passable>true</_Passable>
<_Position href="#ref-115"/>
</a1:Node>
<a1:Node id="ref-9" xmlns:a1="http://schemas.microsoft.com/clr/nsassem/AStar/XMLHelper%2C%20Version%3D1.0.0.0%2C%20Culture%3Dneutral%2C%20PublicKeyToken%3Dnull">
<_IncomingArcs href="#ref-116"/>
<_OutgoingArcs href="#ref-117"/>
<_Passable>true</_Passable>
<_Position href="#ref-118"/>
</a1:Node>
<a1:Node id="ref-10" xmlns:a1="http://schemas.microsoft.com/clr/nsassem/AStar/XMLHelper%2C%20Version%3D1.0.0.0%2C%20Culture%3Dneutral%2C%20PublicKeyToken%3Dnull">
<_IncomingArcs href="#ref-119"/>
<_OutgoingArcs href="#ref-120"/>
<_Passable>true</_Passable>
<_Position href="#ref-121"/>
</a1:Node>
<a1:Node id="ref-11" xmlns:a1="http://schemas.microsoft.com/clr/nsassem/AStar/XMLHelper%2C%20Version%3D1.0.0.0%2C%20Culture%3Dneutral%2C%20PublicKeyToken%3Dnull">
<_IncomingArcs href="#ref-122"/>
<_OutgoingArcs href="#ref-123"/>
<_Passable>true</_Passable>
<_Position href="#ref-124"/>
</a1:Node>
<a1:Node id="ref-12" xmlns:a1="http://schemas.microsoft.com/clr/nsassem/AStar/XMLHelper%2C%20Version%3D1.0.0.0%2C%20Culture%3Dneutral%2C%20PublicKeyToken%3Dnull">
<_IncomingArcs href="#ref-125"/>
<_OutgoingArcs href="#ref-126"/>
<_Passable>true</_Passable>
<_Position href="#ref-127"/>
</a1:Node>
<a1:Node id="ref-13" xmlns:a1="http://schemas.microsoft.com/clr/nsassem/AStar/XMLHelper%2C%20Version%3D1.0.0.0%2C%20Culture%3Dneutral%2C%20PublicKeyToken%3Dnull">
<_IncomingArcs href="#ref-128"/>
<_OutgoingArcs href="#ref-129"/>
<_Passable>true</_Passable>
<_Position href="#ref-130"/>
</a1:Node>
<a1:Node id="ref-14" xmlns:a1="http://schemas.microsoft.com/clr/nsassem/AStar/XMLHelper%2C%20Version%3D1.0.0.0%2C%20Culture%3Dneutral%2C%20PublicKeyToken%3Dnull">
<_IncomingArcs href="#ref-131"/>
<_OutgoingArcs href="#ref-132"/>
<_Passable>true</_Passable>
<_Position href="#ref-133"/>
</a1:Node>
<a1:Node id="ref-15" xmlns:a1="http://schemas.microsoft.com/clr/nsassem/AStar/XMLHelper%2C%20Version%3D1.0.0.0%2C%20Culture%3Dneutral%2C%20PublicKeyToken%3Dnull">
<_IncomingArcs href="#ref-134"/>
<_OutgoingArcs href="#ref-135"/>
<_Passable>true</_Passable>
<_Position href="#ref-136"/>
</a1:Node>
<a1:Node id="ref-16" xmlns:a1="http://schemas.microsoft.com/clr/nsassem/AStar/XMLHelper%2C%20Version%3D1.0.0.0%2C%20Culture%3Dneutral%2C%20PublicKeyToken%3Dnull">
<_IncomingArcs href="#ref-137"/>
<_OutgoingArcs href="#ref-138"/>
<_Passable>true</_Passable>
<_Position href="#ref-139"/>
</a1:Node>
<a1:Node id="ref-17" xmlns:a1="http://schemas.microsoft.com/clr/nsassem/AStar/XMLHelper%2C%20Version%3D1.0.0.0%2C%20Culture%3Dneutral%2C%20PublicKeyToken%3Dnull">
<_IncomingArcs href="#ref-140"/>
<_OutgoingArcs href="#ref-141"/>
<_Passable>true</_Passable>
<_Position href="#ref-142"/>
</a1:Node>
<a1:Node id="ref-18" xmlns:a1="http://schemas.microsoft.com/clr/nsassem/AStar/XMLHelper%2C%20Version%3D1.0.0.0%2C%20Culture%3Dneutral%2C%20PublicKeyToken%3Dnull">
<_IncomingArcs href="#ref-143"/>
<_OutgoingArcs href="#ref-144"/>
<_Passable>true</_Passable>
<_Position href="#ref-145"/>
</a1:Node>
<a1:Node id="ref-19" xmlns:a1="http://schemas.microsoft.com/clr/nsassem/AStar/XMLHelper%2C%20Version%3D1.0.0.0%2C%20Culture%3Dneutral%2C%20PublicKeyToken%3Dnull">
<_IncomingArcs href="#ref-146"/>
<_OutgoingArcs href="#ref-147"/>
<_Passable>true</_Passable>
<_Position href="#ref-148"/>
</a1:Node>
<a1:Node id="ref-20" xmlns:a1="http://schemas.microsoft.com/clr/nsassem/AStar/XMLHelper%2C%20Version%3D1.0.0.0%2C%20Culture%3Dneutral%2C%20PublicKeyToken%3Dnull">
<_IncomingArcs href="#ref-149"/>
<_OutgoingArcs href="#ref-150"/>
<_Passable>true</_Passable>
<_Position href="#ref-151"/>
</a1:Node>
<a1:Node id="ref-21" xmlns:a1="http://schemas.microsoft.com/clr/nsassem/AStar/XMLHelper%2C%20Version%3D1.0.0.0%2C%20Culture%3Dneutral%2C%20PublicKeyToken%3Dnull">
<_IncomingArcs href="#ref-152"/>
<_OutgoingArcs href="#ref-153"/>
<_Passable>true</_Passable>
<_Position href="#ref-154"/>
</a1:Node>
<a1:Node id="ref-22" xmlns:a1="http://schemas.microsoft.com/clr/nsassem/AStar/XMLHelper%2C%20Version%3D1.0.0.0%2C%20Culture%3Dneutral%2C%20PublicKeyToken%3Dnull">
<_IncomingArcs href="#ref-155"/>
<_OutgoingArcs href="#ref-156"/>
<_Passable>true</_Passable>
<_Position href="#ref-157"/>
</a1:Node>
<a1:Node id="ref-23" xmlns:a1="http://schemas.microsoft.com/clr/nsassem/AStar/XMLHelper%2C%20Version%3D1.0.0.0%2C%20Culture%3Dneutral%2C%20PublicKeyToken%3Dnull">
<_IncomingArcs href="#ref-158"/>
<_OutgoingArcs href="#ref-159"/>
<_Passable>true</_Passable>
<_Position href="#ref-160"/>
</a1:Node>
<a1:Node id="ref-24" xmlns:a1="http://schemas.microsoft.com/clr/nsassem/AStar/XMLHelper%2C%20Version%3D1.0.0.0%2C%20Culture%3Dneutral%2C%20PublicKeyToken%3Dnull">
<_IncomingArcs href="#ref-161"/>
<_OutgoingArcs href="#ref-162"/>
<_Passable>true</_Passable>
<_Position href="#ref-163"/>
</a1:Node>
<a1:Node id="ref-25" xmlns:a1="http://schemas.microsoft.com/clr/nsassem/AStar/XMLHelper%2C%20Version%3D1.0.0.0%2C%20Culture%3Dneutral%2C%20PublicKeyToken%3Dnull">
<_IncomingArcs href="#ref-164"/>
<_OutgoingArcs href="#ref-165"/>
<_Passable>true</_Passable>
<_Position href="#ref-166"/>
</a1:Node>
<a1:Node id="ref-26" xmlns:a1="http://schemas.microsoft.com/clr/nsassem/AStar/XMLHelper%2C%20Version%3D1.0.0.0%2C%20Culture%3Dneutral%2C%20PublicKeyToken%3Dnull">
<_IncomingArcs href="#ref-167"/>
<_OutgoingArcs href="#ref-168"/>
<_Passable>true</_Passable>
<_Position href="#ref-169"/>
</a1:Node>
<a1:Node id="ref-27" xmlns:a1="http://schemas.microsoft.com/clr/nsassem/AStar/XMLHelper%2C%20Version%3D1.0.0.0%2C%20Culture%3Dneutral%2C%20PublicKeyToken%3Dnull">
<_IncomingArcs href="#ref-170"/>
<_OutgoingArcs href="#ref-171"/>
<_Passable>true</_Passable>
<_Position href="#ref-172"/>
</a1:Node>
<a1:Node id="ref-28" xmlns:a1="http://schemas.microsoft.com/clr/nsassem/AStar/XMLHelper%2C%20Version%3D1.0.0.0%2C%20Culture%3Dneutral%2C%20PublicKeyToken%3Dnull">
<_IncomingArcs href="#ref-173"/>
<_OutgoingArcs href="#ref-174"/>
<_Passable>true</_Passable>
<_Position href="#ref-175"/>
</a1:Node>
<a1:Node id="ref-29" xmlns:a1="http://schemas.microsoft.com/clr/nsassem/AStar/XMLHelper%2C%20Version%3D1.0.0.0%2C%20Culture%3Dneutral%2C%20PublicKeyToken%3Dnull">
<_IncomingArcs href="#ref-176"/>
<_OutgoingArcs href="#ref-177"/>
<_Passable>true</_Passable>
<_Position href="#ref-178"/>
</a1:Node>
<a1:Node id="ref-30" xmlns:a1="http://schemas.microsoft.com/clr/nsassem/AStar/XMLHelper%2C%20Version%3D1.0.0.0%2C%20Culture%3Dneutral%2C%20PublicKeyToken%3Dnull">
<_IncomingArcs href="#ref-179"/>
<_OutgoingArcs href="#ref-180"/>
<_Passable>true</_Passable>
<_Position href="#ref-181"/>
</a1:Node>
<a1:Node id="ref-31" xmlns:a1="http://schemas.microsoft.com/clr/nsassem/AStar/XMLHelper%2C%20Version%3D1.0.0.0%2C%20Culture%3Dneutral%2C%20PublicKeyToken%3Dnull">
<_IncomingArcs href="#ref-182"/>
<_OutgoingArcs href="#ref-183"/>
<_Passable>true</_Passable>
<_Position href="#ref-184"/>
</a1:Node>
<a1:Node id="ref-32" xmlns:a1="http://schemas.microsoft.com/clr/nsassem/AStar/XMLHelper%2C%20Version%3D1.0.0.0%2C%20Culture%3Dneutral%2C%20PublicKeyToken%3Dnull">
<_IncomingArcs href="#ref-185"/>
<_OutgoingArcs href="#ref-186"/>
<_Passable>true</_Passable>
<_Position href="#ref-187"/>
</a1:Node>
<a1:Node id="ref-33" xmlns:a1="http://schemas.microsoft.com/clr/nsassem/AStar/XMLHelper%2C%20Version%3D1.0.0.0%2C%20Culture%3Dneutral%2C%20PublicKeyToken%3Dnull">
<_IncomingArcs href="#ref-188"/>
<_OutgoingArcs href="#ref-189"/>
<_Passable>true</_Passable>
<_Position href="#ref-190"/>
</a1:Node>
<a1:Node id="ref-34" xmlns:a1="http://schemas.microsoft.com/clr/nsassem/AStar/XMLHelper%2C%20Version%3D1.0.0.0%2C%20Culture%3Dneutral%2C%20PublicKeyToken%3Dnull">
<_IncomingArcs href="#ref-191"/>
<_OutgoingArcs href="#ref-192"/>
<_Passable>true</_Passable>
<_Position href="#ref-193"/>
</a1:Node>
<a1:Node id="ref-35" xmlns:a1="http://schemas.microsoft.com/clr/nsassem/AStar/XMLHelper%2C%20Version%3D1.0.0.0%2C%20Culture%3Dneutral%2C%20PublicKeyToken%3Dnull">
<_IncomingArcs href="#ref-194"/>
<_OutgoingArcs href="#ref-195"/>
<_Passable>true</_Passable>
<_Position href="#ref-196"/>
</a1:Node>
<a1:Node id="ref-36" xmlns:a1="http://schemas.microsoft.com/clr/nsassem/AStar/XMLHelper%2C%20Version%3D1.0.0.0%2C%20Culture%3Dneutral%2C%20PublicKeyToken%3Dnull">
<_IncomingArcs href="#ref-197"/>
<_OutgoingArcs href="#ref-198"/>
<_Passable>true</_Passable>
<_Position href="#ref-199"/>
</a1:Node>
<a1:Node id="ref-37" xmlns:a1="http://schemas.microsoft.com/clr/nsassem/AStar/XMLHelper%2C%20Version%3D1.0.0.0%2C%20Culture%3Dneutral%2C%20PublicKeyToken%3Dnull">
<_IncomingArcs href="#ref-200"/>
<_OutgoingArcs href="#ref-201"/>
<_Passable>true</_Passable>
<_Position href="#ref-202"/>
</a1:Node>
<a1:Node id="ref-38" xmlns:a1="http://schemas.microsoft.com/clr/nsassem/AStar/XMLHelper%2C%20Version%3D1.0.0.0%2C%20Culture%3Dneutral%2C%20PublicKeyToken%3Dnull">
<_IncomingArcs href="#ref-203"/>
<_OutgoingArcs href="#ref-204"/>
<_Passable>true</_Passable>
<_Position href="#ref-205"/>
</a1:Node>
<a1:Node id="ref-39" xmlns:a1="http://schemas.microsoft.com/clr/nsassem/AStar/XMLHelper%2C%20Version%3D1.0.0.0%2C%20Culture%3Dneutral%2C%20PublicKeyToken%3Dnull">
<_IncomingArcs href="#ref-206"/>
<_OutgoingArcs href="#ref-207"/>
<_Passable>true</_Passable>
<_Position href="#ref-208"/>
</a1:Node>
<a1:Node id="ref-40" xmlns:a1="http://schemas.microsoft.com/clr/nsassem/AStar/XMLHelper%2C%20Version%3D1.0.0.0%2C%20Culture%3Dneutral%2C%20PublicKeyToken%3Dnull">
<_IncomingArcs href="#ref-209"/>
<_OutgoingArcs href="#ref-210"/>
<_Passable>true</_Passable>
<_Position href="#ref-211"/>
</a1:Node>
<a1:Node id="ref-41" xmlns:a1="http://schemas.microsoft.com/clr/nsassem/AStar/XMLHelper%2C%20Version%3D1.0.0.0%2C%20Culture%3Dneutral%2C%20PublicKeyToken%3Dnull">
<_IncomingArcs href="#ref-212"/>
<_OutgoingArcs href="#ref-213"/>
<_Passable>true</_Passable>
<_Position href="#ref-214"/>
</a1:Node>
<a1:Arc id="ref-42" xmlns:a1="http://schemas.microsoft.com/clr/nsassem/AStar/XMLHelper%2C%20Version%3D1.0.0.0%2C%20Culture%3Dneutral%2C%20PublicKeyToken%3Dnull">
<_EndNode href="#ref-7"/>
<_Length>0</_Length>
<_LengthUpdated>false</_LengthUpdated>
<_Passable>true</_Passable>
<_StartNode href="#ref-8"/>
<_Weight>1</_Weight>
</a1:Arc>
<a1:Arc id="ref-43" xmlns:a1="http://schemas.microsoft.com/clr/nsassem/AStar/XMLHelper%2C%20Version%3D1.0.0.0%2C%20Culture%3Dneutral%2C%20PublicKeyToken%3Dnull">
<_EndNode href="#ref-8"/>
<_Length>0</_Length>
<_LengthUpdated>false</_LengthUpdated>
<_Passable>true</_Passable>
<_StartNode href="#ref-7"/>
<_Weight>1</_Weight>
</a1:Arc>
<a1:Arc id="ref-44" xmlns:a1="http://schemas.microsoft.com/clr/nsassem/AStar/XMLHelper%2C%20Version%3D1.0.0.0%2C%20Culture%3Dneutral%2C%20PublicKeyToken%3Dnull">
<_EndNode href="#ref-8"/>
<_Length>0</_Length>
<_LengthUpdated>false</_LengthUpdated>
<_Passable>true</_Passable>
<_StartNode href="#ref-9"/>
<_Weight>1</_Weight>
</a1:Arc>
<a1:Arc id="ref-45" xmlns:a1="http://schemas.microsoft.com/clr/nsassem/AStar/XMLHelper%2C%20Version%3D1.0.0.0%2C%20Culture%3Dneutral%2C%20PublicKeyToken%3Dnull">
<_EndNode href="#ref-9"/>
<_Length>0</_Length>
<_LengthUpdated>false</_LengthUpdated>
<_Passable>true</_Passable>
<_StartNode href="#ref-8"/>
<_Weight>1</_Weight>
</a1:Arc>
<a1:Arc id="ref-46" xmlns:a1="http://schemas.microsoft.com/clr/nsassem/AStar/XMLHelper%2C%20Version%3D1.0.0.0%2C%20Culture%3Dneutral%2C%20PublicKeyToken%3Dnull">
<_EndNode href="#ref-9"/>
<_Length>0</_Length>
<_LengthUpdated>false</_LengthUpdated>
<_Passable>true</_Passable>
<_StartNode href="#ref-10"/>
<_Weight>1</_Weight>
</a1:Arc>
<a1:Arc id="ref-47" xmlns:a1="http://schemas.microsoft.com/clr/nsassem/AStar/XMLHelper%2C%20Version%3D1.0.0.0%2C%20Culture%3Dneutral%2C%20PublicKeyToken%3Dnull">
<_EndNode href="#ref-10"/>
<_Length>0</_Length>
<_LengthUpdated>false</_LengthUpdated>
<_Passable>true</_Passable>
<_StartNode href="#ref-9"/>
<_Weight>1</_Weight>
</a1:Arc>
<a1:Arc id="ref-48" xmlns:a1="http://schemas.microsoft.com/clr/nsassem/AStar/XMLHelper%2C%20Version%3D1.0.0.0%2C%20Culture%3Dneutral%2C%20PublicKeyToken%3Dnull">
<_EndNode href="#ref-10"/>
<_Length>0</_Length>
<_LengthUpdated>false</_LengthUpdated>
<_Passable>true</_Passable>
<_StartNode href="#ref-11"/>
<_Weight>1</_Weight>
</a1:Arc>
<a1:Arc id="ref-49" xmlns:a1="http://schemas.microsoft.com/clr/nsassem/AStar/XMLHelper%2C%20Version%3D1.0.0.0%2C%20Culture%3Dneutral%2C%20PublicKeyToken%3Dnull">
<_EndNode href="#ref-11"/>
<_Length>0</_Length>
<_LengthUpdated>false</_LengthUpdated>
<_Passable>true</_Passable>
<_StartNode href="#ref-10"/>
<_Weight>1</_Weight>
</a1:Arc>
<a1:Arc id="ref-50" xmlns:a1="http://schemas.microsoft.com/clr/nsassem/AStar/XMLHelper%2C%20Version%3D1.0.0.0%2C%20Culture%3Dneutral%2C%20PublicKeyToken%3Dnull">
<_EndNode href="#ref-11"/>
<_Length>0</_Length>
<_LengthUpdated>false</_LengthUpdated>
<_Passable>true</_Passable>
<_StartNode href="#ref-12"/>
<_Weight>1</_Weight>
</a1:Arc>
<a1:Arc id="ref-51" xmlns:a1="http://schemas.microsoft.com/clr/nsassem/AStar/XMLHelper%2C%20Version%3D1.0.0.0%2C%20Culture%3Dneutral%2C%20PublicKeyToken%3Dnull">
<_EndNode href="#ref-12"/>
<_Length>0</_Length>
<_LengthUpdated>false</_LengthUpdated>
<_Passable>true</_Passable>
<_StartNode href="#ref-11"/>
<_Weight>1</_Weight>
</a1:Arc>
<a1:Arc id="ref-52" xmlns:a1="http://schemas.microsoft.com/clr/nsassem/AStar/XMLHelper%2C%20Version%3D1.0.0.0%2C%20Culture%3Dneutral%2C%20PublicKeyToken%3Dnull">
<_EndNode href="#ref-12"/>
<_Length>0</_Length>
<_LengthUpdated>false</_LengthUpdated>
<_Passable>true</_Passable>
<_StartNode href="#ref-13"/>
<_Weight>1</_Weight>
</a1:Arc>
<a1:Arc id="ref-53" xmlns:a1="http://schemas.microsoft.com/clr/nsassem/AStar/XMLHelper%2C%20Version%3D1.0.0.0%2C%20Culture%3Dneutral%2C%20PublicKeyToken%3Dnull">
<_EndNode href="#ref-13"/>
<_Length>0</_Length>
<_LengthUpdated>false</_LengthUpdated>
<_Passable>true</_Passable>
<_StartNode href="#ref-12"/>
<_Weight>1</_Weight>
</a1:Arc>
<a1:Arc id="ref-54" xmlns:a1="http://schemas.microsoft.com/clr/nsassem/AStar/XMLHelper%2C%20Version%3D1.0.0.0%2C%20Culture%3Dneutral%2C%20PublicKeyToken%3Dnull">
<_EndNode href="#ref-13"/>
<_Length>0</_Length>
<_LengthUpdated>false</_LengthUpdated>
<_Passable>true</_Passable>
<_StartNode href="#ref-14"/>
<_Weight>1</_Weight>
</a1:Arc>
<a1:Arc id="ref-55" xmlns:a1="http://schemas.microsoft.com/clr/nsassem/AStar/XMLHelper%2C%20Version%3D1.0.0.0%2C%20Culture%3Dneutral%2C%20PublicKeyToken%3Dnull">
<_EndNode href="#ref-14"/>
<_Length>0</_Length>
<_LengthUpdated>false</_LengthUpdated>
<_Passable>true</_Passable>
<_StartNode href="#ref-13"/>
<_Weight>1</_Weight>
</a1:Arc>
<a1:Arc id="ref-56" xmlns:a1="http://schemas.microsoft.com/clr/nsassem/AStar/XMLHelper%2C%20Version%3D1.0.0.0%2C%20Culture%3Dneutral%2C%20PublicKeyToken%3Dnull">
<_EndNode href="#ref-14"/>
<_Length>0</_Length>
<_LengthUpdated>false</_LengthUpdated>
<_Passable>true</_Passable>
<_StartNode href="#ref-15"/>
<_Weight>1</_Weight>
</a1:Arc>
<a1:Arc id="ref-57" xmlns:a1="http://schemas.microsoft.com/clr/nsassem/AStar/XMLHelper%2C%20Version%3D1.0.0.0%2C%20Culture%3Dneutral%2C%20PublicKeyToken%3Dnull">
<_EndNode href="#ref-15"/>
<_Length>0</_Length>
<_LengthUpdated>false</_LengthUpdated>
<_Passable>true</_Passable>
<_StartNode href="#ref-14"/>
<_Weight>1</_Weight>
</a1:Arc>
<a1:Arc id="ref-58" xmlns:a1="http://schemas.microsoft.com/clr/nsassem/AStar/XMLHelper%2C%20Version%3D1.0.0.0%2C%20Culture%3Dneutral%2C%20PublicKeyToken%3Dnull">
<_EndNode href="#ref-15"/>
<_Length>0</_Length>
<_LengthUpdated>false</_LengthUpdated>
<_Passable>true</_Passable>
<_StartNode href="#ref-16"/>
<_Weight>1</_Weight>
</a1:Arc>
<a1:Arc id="ref-59" xmlns:a1="http://schemas.microsoft.com/clr/nsassem/AStar/XMLHelper%2C%20Version%3D1.0.0.0%2C%20Culture%3Dneutral%2C%20PublicKeyToken%3Dnull">
<_EndNode href="#ref-16"/>
<_Length>0</_Length>
<_LengthUpdated>false</_LengthUpdated>
<_Passable>true</_Passable>
<_StartNode href="#ref-15"/>
<_Weight>1</_Weight>
</a1:Arc>
<a1:Arc id="ref-60" xmlns:a1="http://schemas.microsoft.com/clr/nsassem/AStar/XMLHelper%2C%20Version%3D1.0.0.0%2C%20Culture%3Dneutral%2C%20PublicKeyToken%3Dnull">
<_EndNode href="#ref-16"/>
<_Length>0</_Length>
<_LengthUpdated>false</_LengthUpdated>
<_Passable>true</_Passable>
<_StartNode href="#ref-17"/>
<_Weight>1</_Weight>
</a1:Arc>
<a1:Arc id="ref-61" xmlns:a1="http://schemas.microsoft.com/clr/nsassem/AStar/XMLHelper%2C%20Version%3D1.0.0.0%2C%20Culture%3Dneutral%2C%20PublicKeyToken%3Dnull">
<_EndNode href="#ref-17"/>
<_Length>0</_Length>
<_LengthUpdated>false</_LengthUpdated>
<_Passable>true</_Passable>
<_StartNode href="#ref-16"/>
<_Weight>1</_Weight>
</a1:Arc>
<a1:Arc id="ref-62" xmlns:a1="http://schemas.microsoft.com/clr/nsassem/AStar/XMLHelper%2C%20Version%3D1.0.0.0%2C%20Culture%3Dneutral%2C%20PublicKeyToken%3Dnull">
<_EndNode href="#ref-17"/>
<_Length>0</_Length>
<_LengthUpdated>false</_LengthUpdated>
<_Passable>true</_Passable>
<_StartNode href="#ref-18"/>
<_Weight>1</_Weight>
</a1:Arc>
<a1:Arc id="ref-63" xmlns:a1="http://schemas.microsoft.com/clr/nsassem/AStar/XMLHelper%2C%20Version%3D1.0.0.0%2C%20Culture%3Dneutral%2C%20PublicKeyToken%3Dnull">
<_EndNode href="#ref-18"/>
<_Length>0</_Length>
<_LengthUpdated>false</_LengthUpdated>
<_Passable>true</_Passable>
<_StartNode href="#ref-17"/>
<_Weight>1</_Weight>
</a1:Arc>
<a1:Arc id="ref-64" xmlns:a1="http://schemas.microsoft.com/clr/nsassem/AStar/XMLHelper%2C%20Version%3D1.0.0.0%2C%20Culture%3Dneutral%2C%20PublicKeyToken%3Dnull">
<_EndNode href="#ref-18"/>
<_Length>0</_Length>
<_LengthUpdated>false</_LengthUpdated>
<_Passable>true</_Passable>
<_StartNode href="#ref-19"/>
<_Weight>1</_Weight>
</a1:Arc>
<a1:Arc id="ref-65" xmlns:a1="http://schemas.microsoft.com/clr/nsassem/AStar/XMLHelper%2C%20Version%3D1.0.0.0%2C%20Culture%3Dneutral%2C%20PublicKeyToken%3Dnull">
<_EndNode href="#ref-19"/>
<_Length>0</_Length>
<_LengthUpdated>false</_LengthUpdated>
<_Passable>true</_Passable>
<_StartNode href="#ref-18"/>
<_Weight>1</_Weight>
</a1:Arc>
<a1:Arc id="ref-66" xmlns:a1="http://schemas.microsoft.com/clr/nsassem/AStar/XMLHelper%2C%20Version%3D1.0.0.0%2C%20Culture%3Dneutral%2C%20PublicKeyToken%3Dnull">
<_EndNode href="#ref-19"/>
<_Length>0</_Length>
<_LengthUpdated>false</_LengthUpdated>
<_Passable>true</_Passable>
<_StartNode href="#ref-20"/>
<_Weight>1</_Weight>
</a1:Arc>
<a1:Arc id="ref-67" xmlns:a1="http://schemas.microsoft.com/clr/nsassem/AStar/XMLHelper%2C%20Version%3D1.0.0.0%2C%20Culture%3Dneutral%2C%20PublicKeyToken%3Dnull">
<_EndNode href="#ref-20"/>
<_Length>0</_Length>
<_LengthUpdated>false</_LengthUpdated>
<_Passable>true</_Passable>
<_StartNode href="#ref-19"/>
<_Weight>1</_Weight>
</a1:Arc>
<a1:Arc id="ref-68" xmlns:a1="http://schemas.microsoft.com/clr/nsassem/AStar/XMLHelper%2C%20Version%3D1.0.0.0%2C%20Culture%3Dneutral%2C%20PublicKeyToken%3Dnull">
<_EndNode href="#ref-20"/>
<_Length>0</_Length>
<_LengthUpdated>false</_LengthUpdated>
<_Passable>true</_Passable>
<_StartNode href="#ref-21"/>
<_Weight>1</_Weight>
</a1:Arc>
<a1:Arc id="ref-69" xmlns:a1="http://schemas.microsoft.com/clr/nsassem/AStar/XMLHelper%2C%20Version%3D1.0.0.0%2C%20Culture%3Dneutral%2C%20PublicKeyToken%3Dnull">
<_EndNode href="#ref-21"/>
<_Length>0</_Length>
<_LengthUpdated>false</_LengthUpdated>
<_Passable>true</_Passable>
<_StartNode href="#ref-20"/>
<_Weight>1</_Weight>
</a1:Arc>
<a1:Arc id="ref-70" xmlns:a1="http://schemas.microsoft.com/clr/nsassem/AStar/XMLHelper%2C%20Version%3D1.0.0.0%2C%20Culture%3Dneutral%2C%20PublicKeyToken%3Dnull">
<_EndNode href="#ref-21"/>
<_Length>0</_Length>
<_LengthUpdated>false</_LengthUpdated>
<_Passable>true</_Passable>
<_StartNode href="#ref-22"/>
<_Weight>1</_Weight>
</a1:Arc>
<a1:Arc id="ref-71" xmlns:a1="http://schemas.microsoft.com/clr/nsassem/AStar/XMLHelper%2C%20Version%3D1.0.0.0%2C%20Culture%3Dneutral%2C%20PublicKeyToken%3Dnull">
<_EndNode href="#ref-22"/>
<_Length>0</_Length>
<_LengthUpdated>false</_LengthUpdated>
<_Passable>true</_Passable>
<_StartNode href="#ref-21"/>
<_Weight>1</_Weight>
</a1:Arc>
<a1:Arc id="ref-72" xmlns:a1="http://schemas.microsoft.com/clr/nsassem/AStar/XMLHelper%2C%20Version%3D1.0.0.0%2C%20Culture%3Dneutral%2C%20PublicKeyToken%3Dnull">
<_EndNode href="#ref-22"/>
<_Length>0</_Length>
<_LengthUpdated>false</_LengthUpdated>
<_Passable>true</_Passable>
<_StartNode href="#ref-23"/>
<_Weight>1</_Weight>
</a1:Arc>
<a1:Arc id="ref-73" xmlns:a1="http://schemas.microsoft.com/clr/nsassem/AStar/XMLHelper%2C%20Version%3D1.0.0.0%2C%20Culture%3Dneutral%2C%20PublicKeyToken%3Dnull">
<_EndNode href="#ref-23"/>
<_Length>0</_Length>
<_LengthUpdated>false</_LengthUpdated>
<_Passable>true</_Passable>
<_StartNode href="#ref-22"/>
<_Weight>1</_Weight>
</a1:Arc>
<a1:Arc id="ref-74" xmlns:a1="http://schemas.microsoft.com/clr/nsassem/AStar/XMLHelper%2C%20Version%3D1.0.0.0%2C%20Culture%3Dneutral%2C%20PublicKeyToken%3Dnull">
<_EndNode href="#ref-23"/>
<_Length>0</_Length>
<_LengthUpdated>false</_LengthUpdated>
<_Passable>true</_Passable>
<_StartNode href="#ref-24"/>
<_Weight>1</_Weight>
</a1:Arc>
<a1:Arc id="ref-75" xmlns:a1="http://schemas.microsoft.com/clr/nsassem/AStar/XMLHelper%2C%20Version%3D1.0.0.0%2C%20Culture%3Dneutral%2C%20PublicKeyToken%3Dnull">
<_EndNode href="#ref-24"/>
<_Length>0</_Length>
<_LengthUpdated>false</_LengthUpdated>
<_Passable>true</_Passable>
<_StartNode href="#ref-23"/>
<_Weight>1</_Weight>
</a1:Arc>
<a1:Arc id="ref-76" xmlns:a1="http://schemas.microsoft.com/clr/nsassem/AStar/XMLHelper%2C%20Version%3D1.0.0.0%2C%20Culture%3Dneutral%2C%20PublicKeyToken%3Dnull">
<_EndNode href="#ref-24"/>
<_Length>0</_Length>
<_LengthUpdated>false</_LengthUpdated>
<_Passable>true</_Passable>
<_StartNode href="#ref-25"/>
<_Weight>1</_Weight>
</a1:Arc>
<a1:Arc id="ref-77" xmlns:a1="http://schemas.microsoft.com/clr/nsassem/AStar/XMLHelper%2C%20Version%3D1.0.0.0%2C%20Culture%3Dneutral%2C%20PublicKeyToken%3Dnull">
<_EndNode href="#ref-25"/>
<_Length>0</_Length>
<_LengthUpdated>false</_LengthUpdated>
<_Passable>true</_Passable>
<_StartNode href="#ref-24"/>
<_Weight>1</_Weight>
</a1:Arc>
<a1:Arc id="ref-78" xmlns:a1="http://schemas.microsoft.com/clr/nsassem/AStar/XMLHelper%2C%20Version%3D1.0.0.0%2C%20Culture%3Dneutral%2C%20PublicKeyToken%3Dnull">
<_EndNode href="#ref-25"/>
<_Length>0</_Length>
<_LengthUpdated>false</_LengthUpdated>
<_Passable>true</_Passable>
<_StartNode href="#ref-26"/>
<_Weight>1</_Weight>
</a1:Arc>
<a1:Arc id="ref-79" xmlns:a1="http://schemas.microsoft.com/clr/nsassem/AStar/XMLHelper%2C%20Version%3D1.0.0.0%2C%20Culture%3Dneutral%2C%20PublicKeyToken%3Dnull">
<_EndNode href="#ref-26"/>
<_Length>0</_Length>
<_LengthUpdated>false</_LengthUpdated>
<_Passable>true</_Passable>
<_StartNode href="#ref-25"/>
<_Weight>1</_Weight>
</a1:Arc>
<a1:Arc id="ref-80" xmlns:a1="http://schemas.microsoft.com/clr/nsassem/AStar/XMLHelper%2C%20Version%3D1.0.0.0%2C%20Culture%3Dneutral%2C%20PublicKeyToken%3Dnull">
<_EndNode href="#ref-26"/>
<_Length>0</_Length>
<_LengthUpdated>false</_LengthUpdated>
<_Passable>true</_Passable>
<_StartNode href="#ref-27"/>
<_Weight>1</_Weight>
</a1:Arc>
<a1:Arc id="ref-81" xmlns:a1="http://schemas.microsoft.com/clr/nsassem/AStar/XMLHelper%2C%20Version%3D1.0.0.0%2C%20Culture%3Dneutral%2C%20PublicKeyToken%3Dnull">
<_EndNode href="#ref-27"/>
<_Length>0</_Length>
<_LengthUpdated>false</_LengthUpdated>
<_Passable>true</_Passable>
<_StartNode href="#ref-26"/>
<_Weight>1</_Weight>
</a1:Arc>
<a1:Arc id="ref-82" xmlns:a1="http://schemas.microsoft.com/clr/nsassem/AStar/XMLHelper%2C%20Version%3D1.0.0.0%2C%20Culture%3Dneutral%2C%20PublicKeyToken%3Dnull">
<_EndNode href="#ref-27"/>
<_Length>0</_Length>
<_LengthUpdated>false</_LengthUpdated>
<_Passable>true</_Passable>
<_StartNode href="#ref-28"/>
<_Weight>1</_Weight>
</a1:Arc>
<a1:Arc id="ref-83" xmlns:a1="http://schemas.microsoft.com/clr/nsassem/AStar/XMLHelper%2C%20Version%3D1.0.0.0%2C%20Culture%3Dneutral%2C%20PublicKeyToken%3Dnull">
<_EndNode href="#ref-28"/>
<_Length>0</_Length>
<_LengthUpdated>false</_LengthUpdated>
<_Passable>true</_Passable>
<_StartNode href="#ref-27"/>
<_Weight>1</_Weight>
</a1:Arc>
<a1:Arc id="ref-84" xmlns:a1="http://schemas.microsoft.com/clr/nsassem/AStar/XMLHelper%2C%20Version%3D1.0.0.0%2C%20Culture%3Dneutral%2C%20PublicKeyToken%3Dnull">
<_EndNode href="#ref-28"/>
<_Length>0</_Length>
<_LengthUpdated>false</_LengthUpdated>
<_Passable>true</_Passable>
<_StartNode href="#ref-29"/>
<_Weight>1</_Weight>
</a1:Arc>
<a1:Arc id="ref-85" xmlns:a1="http://schemas.microsoft.com/clr/nsassem/AStar/XMLHelper%2C%20Version%3D1.0.0.0%2C%20Culture%3Dneutral%2C%20PublicKeyToken%3Dnull">
<_EndNode href="#ref-29"/>
<_Length>0</_Length>
<_LengthUpdated>false</_LengthUpdated>
<_Passable>true</_Passable>
<_StartNode href="#ref-28"/>
<_Weight>1</_Weight>
</a1:Arc>
<a1:Arc id="ref-86" xmlns:a1="http://schemas.microsoft.com/clr/nsassem/AStar/XMLHelper%2C%20Version%3D1.0.0.0%2C%20Culture%3Dneutral%2C%20PublicKeyToken%3Dnull">
<_EndNode href="#ref-29"/>
<_Length>0</_Length>
<_LengthUpdated>false</_LengthUpdated>
<_Passable>true</_Passable>
<_StartNode href="#ref-30"/>
<_Weight>1</_Weight>
</a1:Arc>
<a1:Arc id="ref-87" xmlns:a1="http://schemas.microsoft.com/clr/nsassem/AStar/XMLHelper%2C%20Version%3D1.0.0.0%2C%20Culture%3Dneutral%2C%20PublicKeyToken%3Dnull">
<_EndNode href="#ref-30"/>
<_Length>0</_Length>
<_LengthUpdated>false</_LengthUpdated>
<_Passable>true</_Passable>
<_StartNode href="#ref-29"/>
<_Weight>1</_Weight>
</a1:Arc>
<a1:Arc id="ref-88" xmlns:a1="http://schemas.microsoft.com/clr/nsassem/AStar/XMLHelper%2C%20Version%3D1.0.0.0%2C%20Culture%3Dneutral%2C%20PublicKeyToken%3Dnull">
<_EndNode href="#ref-30"/>
<_Length>0</_Length>
<_LengthUpdated>false</_LengthUpdated>
<_Passable>true</_Passable>
<_StartNode href="#ref-31"/>
<_Weight>1</_Weight>
</a1:Arc>
<a1:Arc id="ref-89" xmlns:a1="http://schemas.microsoft.com/clr/nsassem/AStar/XMLHelper%2C%20Version%3D1.0.0.0%2C%20Culture%3Dneutral%2C%20PublicKeyToken%3Dnull">
<_EndNode href="#ref-31"/>
<_Length>0</_Length>
<_LengthUpdated>false</_LengthUpdated>
<_Passable>true</_Passable>
<_StartNode href="#ref-30"/>
<_Weight>1</_Weight>
</a1:Arc>
<a1:Arc id="ref-90" xmlns:a1="http://schemas.microsoft.com/clr/nsassem/AStar/XMLHelper%2C%20Version%3D1.0.0.0%2C%20Culture%3Dneutral%2C%20PublicKeyToken%3Dnull">
<_EndNode href="#ref-31"/>
<_Length>0</_Length>
<_LengthUpdated>false</_LengthUpdated>
<_Passable>true</_Passable>
<_StartNode href="#ref-32"/>
<_Weight>1</_Weight>
</a1:Arc>
<a1:Arc id="ref-91" xmlns:a1="http://schemas.microsoft.com/clr/nsassem/AStar/XMLHelper%2C%20Version%3D1.0.0.0%2C%20Culture%3Dneutral%2C%20PublicKeyToken%3Dnull">
<_EndNode href="#ref-32"/>
<_Length>0</_Length>
<_LengthUpdated>false</_LengthUpdated>
<_Passable>true</_Passable>
<_StartNode href="#ref-31"/>
<_Weight>1</_Weight>
</a1:Arc>
<a1:Arc id="ref-92" xmlns:a1="http://schemas.microsoft.com/clr/nsassem/AStar/XMLHelper%2C%20Version%3D1.0.0.0%2C%20Culture%3Dneutral%2C%20PublicKeyToken%3Dnull">
<_EndNode href="#ref-32"/>
<_Length>0</_Length>
<_LengthUpdated>false</_LengthUpdated>
<_Passable>true</_Passable>
<_StartNode href="#ref-33"/>
<_Weight>1</_Weight>
</a1:Arc>
<a1:Arc id="ref-93" xmlns:a1="http://schemas.microsoft.com/clr/nsassem/AStar/XMLHelper%2C%20Version%3D1.0.0.0%2C%20Culture%3Dneutral%2C%20PublicKeyToken%3Dnull">
<_EndNode href="#ref-33"/>
<_Length>0</_Length>
<_LengthUpdated>false</_LengthUpdated>
<_Passable>true</_Passable>
<_StartNode href="#ref-32"/>
<_Weight>1</_Weight>
</a1:Arc>
<a1:Arc id="ref-94" xmlns:a1="http://schemas.microsoft.com/clr/nsassem/AStar/XMLHelper%2C%20Version%3D1.0.0.0%2C%20Culture%3Dneutral%2C%20PublicKeyToken%3Dnull">
<_EndNode href="#ref-33"/>
<_Length>0</_Length>
<_LengthUpdated>false</_LengthUpdated>
<_Passable>true</_Passable>
<_StartNode href="#ref-34"/>
<_Weight>1</_Weight>
</a1:Arc>
<a1:Arc id="ref-95" xmlns:a1="http://schemas.microsoft.com/clr/nsassem/AStar/XMLHelper%2C%20Version%3D1.0.0.0%2C%20Culture%3Dneutral%2C%20PublicKeyToken%3Dnull">
<_EndNode href="#ref-34"/>
<_Length>0</_Length>
<_LengthUpdated>false</_LengthUpdated>
<_Passable>true</_Passable>
<_StartNode href="#ref-33"/>
<_Weight>1</_Weight>
</a1:Arc>
<a1:Arc id="ref-96" xmlns:a1="http://schemas.microsoft.com/clr/nsassem/AStar/XMLHelper%2C%20Version%3D1.0.0.0%2C%20Culture%3Dneutral%2C%20PublicKeyToken%3Dnull">
<_EndNode href="#ref-34"/>
<_Length>0</_Length>
<_LengthUpdated>false</_LengthUpdated>
<_Passable>true</_Passable>
<_StartNode href="#ref-35"/>
<_Weight>1</_Weight>
</a1:Arc>
<a1:Arc id="ref-97" xmlns:a1="http://schemas.microsoft.com/clr/nsassem/AStar/XMLHelper%2C%20Version%3D1.0.0.0%2C%20Culture%3Dneutral%2C%20PublicKeyToken%3Dnull">
<_EndNode href="#ref-35"/>
<_Length>0</_Length>
<_LengthUpdated>false</_LengthUpdated>
<_Passable>true</_Passable>
<_StartNode href="#ref-34"/>
<_Weight>1</_Weight>
</a1:Arc>
<a1:Arc id="ref-98" xmlns:a1="http://schemas.microsoft.com/clr/nsassem/AStar/XMLHelper%2C%20Version%3D1.0.0.0%2C%20Culture%3Dneutral%2C%20PublicKeyToken%3Dnull">
<_EndNode href="#ref-35"/>
<_Length>0</_Length>
<_LengthUpdated>false</_LengthUpdated>
<_Passable>true</_Passable>
<_StartNode href="#ref-36"/>
<_Weight>1</_Weight>
</a1:Arc>
<a1:Arc id="ref-99" xmlns:a1="http://schemas.microsoft.com/clr/nsassem/AStar/XMLHelper%2C%20Version%3D1.0.0.0%2C%20Culture%3Dneutral%2C%20PublicKeyToken%3Dnull">
<_EndNode href="#ref-36"/>
<_Length>0</_Length>
<_LengthUpdated>false</_LengthUpdated>
<_Passable>true</_Passable>
<_StartNode href="#ref-35"/>
<_Weight>1</_Weight>
</a1:Arc>
<a1:Arc id="ref-100" xmlns:a1="http://schemas.microsoft.com/clr/nsassem/AStar/XMLHelper%2C%20Version%3D1.0.0.0%2C%20Culture%3Dneutral%2C%20PublicKeyToken%3Dnull">
<_EndNode href="#ref-36"/>
<_Length>0</_Length>
<_LengthUpdated>false</_LengthUpdated>
<_Passable>true</_Passable>
<_StartNode href="#ref-37"/>
<_Weight>1</_Weight>
</a1:Arc>
<a1:Arc id="ref-101" xmlns:a1="http://schemas.microsoft.com/clr/nsassem/AStar/XMLHelper%2C%20Version%3D1.0.0.0%2C%20Culture%3Dneutral%2C%20PublicKeyToken%3Dnull">
<_EndNode href="#ref-37"/>
<_Length>0</_Length>
<_LengthUpdated>false</_LengthUpdated>
<_Passable>true</_Passable>
<_StartNode href="#ref-36"/>
<_Weight>1</_Weight>
</a1:Arc>
<a1:Arc id="ref-102" xmlns:a1="http://schemas.microsoft.com/clr/nsassem/AStar/XMLHelper%2C%20Version%3D1.0.0.0%2C%20Culture%3Dneutral%2C%20PublicKeyToken%3Dnull">
<_EndNode href="#ref-37"/>
<_Length>0</_Length>
<_LengthUpdated>false</_LengthUpdated>
<_Passable>true</_Passable>
<_StartNode href="#ref-38"/>
<_Weight>1</_Weight>
</a1:Arc>
<a1:Arc id="ref-103" xmlns:a1="http://schemas.microsoft.com/clr/nsassem/AStar/XMLHelper%2C%20Version%3D1.0.0.0%2C%20Culture%3Dneutral%2C%20PublicKeyToken%3Dnull">
<_EndNode href="#ref-38"/>
<_Length>0</_Length>
<_LengthUpdated>false</_LengthUpdated>
<_Passable>true</_Passable>
<_StartNode href="#ref-37"/>
<_Weight>1</_Weight>
</a1:Arc>
<a1:Arc id="ref-104" xmlns:a1="http://schemas.microsoft.com/clr/nsassem/AStar/XMLHelper%2C%20Version%3D1.0.0.0%2C%20Culture%3Dneutral%2C%20PublicKeyToken%3Dnull">
<_EndNode href="#ref-38"/>
<_Length>0</_Length>
<_LengthUpdated>false</_LengthUpdated>
<_Passable>true</_Passable>
<_StartNode href="#ref-39"/>
<_Weight>1</_Weight>
</a1:Arc>
<a1:Arc id="ref-105" xmlns:a1="http://schemas.microsoft.com/clr/nsassem/AStar/XMLHelper%2C%20Version%3D1.0.0.0%2C%20Culture%3Dneutral%2C%20PublicKeyToken%3Dnull">
<_EndNode href="#ref-39"/>
<_Length>0</_Length>
<_LengthUpdated>false</_LengthUpdated>
<_Passable>true</_Passable>
<_StartNode href="#ref-38"/>
<_Weight>1</_Weight>
</a1:Arc>
<a1:Arc id="ref-106" xmlns:a1="http://schemas.microsoft.com/clr/nsassem/AStar/XMLHelper%2C%20Version%3D1.0.0.0%2C%20Culture%3Dneutral%2C%20PublicKeyToken%3Dnull">
<_EndNode href="#ref-39"/>
<_Length>0</_Length>
<_LengthUpdated>false</_LengthUpdated>
<_Passable>true</_Passable>
<_StartNode href="#ref-40"/>
<_Weight>1</_Weight>
</a1:Arc>
<a1:Arc id="ref-107" xmlns:a1="http://schemas.microsoft.com/clr/nsassem/AStar/XMLHelper%2C%20Version%3D1.0.0.0%2C%20Culture%3Dneutral%2C%20PublicKeyToken%3Dnull">
<_EndNode href="#ref-40"/>
<_Length>0</_Length>
<_LengthUpdated>false</_LengthUpdated>
<_Passable>true</_Passable>
<_StartNode href="#ref-39"/>
<_Weight>1</_Weight>
</a1:Arc>
<a1:Arc id="ref-108" xmlns:a1="http://schemas.microsoft.com/clr/nsassem/AStar/XMLHelper%2C%20Version%3D1.0.0.0%2C%20Culture%3Dneutral%2C%20PublicKeyToken%3Dnull">
<_EndNode href="#ref-40"/>
<_Length>0</_Length>
<_LengthUpdated>false</_LengthUpdated>
<_Passable>true</_Passable>
<_StartNode href="#ref-41"/>
<_Weight>1</_Weight>
</a1:Arc>
<a1:Arc id="ref-109" xmlns:a1="http://schemas.microsoft.com/clr/nsassem/AStar/XMLHelper%2C%20Version%3D1.0.0.0%2C%20Culture%3Dneutral%2C%20PublicKeyToken%3Dnull">
<_EndNode href="#ref-41"/>
<_Length>0</_Length>
<_LengthUpdated>false</_LengthUpdated>
<_Passable>true</_Passable>
<_StartNode href="#ref-40"/>
<_Weight>1</_Weight>
</a1:Arc>
<a2:ArrayList id="ref-110" xmlns:a2="http://schemas.microsoft.com/clr/ns/System.Collections">
<_items href="#ref-215"/>
<_size>1</_size>
<_version>1</_version>
</a2:ArrayList>
<a2:ArrayList id="ref-111" xmlns:a2="http://schemas.microsoft.com/clr/ns/System.Collections">
<_items href="#ref-216"/>
<_size>1</_size>
<_version>1</_version>
</a2:ArrayList>
<a4:Point3D id="ref-112" xmlns:a4="http://schemas.microsoft.com/clr/nsassem/Helpers/XMLHelper%2C%20Version%3D1.0.0.0%2C%20Culture%3Dneutral%2C%20PublicKeyToken%3Dnull">
<_Coordinates href="#ref-217"/>
</a4:Point3D>
<a2:ArrayList id="ref-113" xmlns:a2="http://schemas.microsoft.com/clr/ns/System.Collections">
<_items href="#ref-218"/>
<_size>2</_size>
<_version>2</_version>
</a2:ArrayList>
<a2:ArrayList id="ref-114" xmlns:a2="http://schemas.microsoft.com/clr/ns/System.Collections">
<_items href="#ref-219"/>
<_size>2</_size>
<_version>2</_version>
</a2:ArrayList>
<a4:Point3D id="ref-115" xmlns:a4="http://schemas.microsoft.com/clr/nsassem/Helpers/XMLHelper%2C%20Version%3D1.0.0.0%2C%20Culture%3Dneutral%2C%20PublicKeyToken%3Dnull">
<_Coordinates href="#ref-220"/>
</a4:Point3D>
<a2:ArrayList id="ref-116" xmlns:a2="http://schemas.microsoft.com/clr/ns/System.Collections">
<_items href="#ref-221"/>
<_size>2</_size>
<_version>2</_version>
</a2:ArrayList>
<a2:ArrayList id="ref-117" xmlns:a2="http://schemas.microsoft.com/clr/ns/System.Collections">
<_items href="#ref-222"/>
<_size>2</_size>
<_version>2</_version>
</a2:ArrayList>
<a4:Point3D id="ref-118" xmlns:a4="http://schemas.microsoft.com/clr/nsassem/Helpers/XMLHelper%2C%20Version%3D1.0.0.0%2C%20Culture%3Dneutral%2C%20PublicKeyToken%3Dnull">
<_Coordinates href="#ref-223"/>
</a4:Point3D>
<a2:ArrayList id="ref-119" xmlns:a2="http://schemas.microsoft.com/clr/ns/System.Collections">
<_items href="#ref-224"/>
<_size>2</_size>
<_version>2</_version>
</a2:ArrayList>
<a2:ArrayList id="ref-120" xmlns:a2="http://schemas.microsoft.com/clr/ns/System.Collections">
<_items href="#ref-225"/>
<_size>2</_size>
<_version>2</_version>
</a2:ArrayList>
<a4:Point3D id="ref-121" xmlns:a4="http://schemas.microsoft.com/clr/nsassem/Helpers/XMLHelper%2C%20Version%3D1.0.0.0%2C%20Culture%3Dneutral%2C%20PublicKeyToken%3Dnull">
<_Coordinates href="#ref-226"/>
</a4:Point3D>
<a2:ArrayList id="ref-122" xmlns:a2="http://schemas.microsoft.com/clr/ns/System.Collections">
<_items href="#ref-227"/>
<_size>2</_size>
<_version>2</_version>
</a2:ArrayList>
<a2:ArrayList id="ref-123" xmlns:a2="http://schemas.microsoft.com/clr/ns/System.Collections">
<_items href="#ref-228"/>
<_size>2</_size>
<_version>2</_version>
</a2:ArrayList>
<a4:Point3D id="ref-124" xmlns:a4="http://schemas.microsoft.com/clr/nsassem/Helpers/XMLHelper%2C%20Version%3D1.0.0.0%2C%20Culture%3Dneutral%2C%20PublicKeyToken%3Dnull">
<_Coordinates href="#ref-229"/>
</a4:Point3D>
<a2:ArrayList id="ref-125" xmlns:a2="http://schemas.microsoft.com/clr/ns/System.Collections">
<_items href="#ref-230"/>
<_size>2</_size>
<_version>2</_version>
</a2:ArrayList>
<a2:ArrayList id="ref-126" xmlns:a2="http://schemas.microsoft.com/clr/ns/System.Collections">
<_items href="#ref-231"/>
<_size>2</_size>
<_version>2</_version>
</a2:ArrayList>
<a4:Point3D id="ref-127" xmlns:a4="http://schemas.microsoft.com/clr/nsassem/Helpers/XMLHelper%2C%20Version%3D1.0.0.0%2C%20Culture%3Dneutral%2C%20PublicKeyToken%3Dnull">
<_Coordinates href="#ref-232"/>
</a4:Point3D>
<a2:ArrayList id="ref-128" xmlns:a2="http://schemas.microsoft.com/clr/ns/System.Collections">
<_items href="#ref-233"/>
<_size>2</_size>
<_version>2</_version>
</a2:ArrayList>
<a2:ArrayList id="ref-129" xmlns:a2="http://schemas.microsoft.com/clr/ns/System.Collections">
<_items href="#ref-234"/>
<_size>2</_size>
<_version>2</_version>
</a2:ArrayList>
<a4:Point3D id="ref-130" xmlns:a4="http://schemas.microsoft.com/clr/nsassem/Helpers/XMLHelper%2C%20Version%3D1.0.0.0%2C%20Culture%3Dneutral%2C%20PublicKeyToken%3Dnull">
<_Coordinates href="#ref-235"/>
</a4:Point3D>
<a2:ArrayList id="ref-131" xmlns:a2="http://schemas.microsoft.com/clr/ns/System.Collections">
<_items href="#ref-236"/>
<_size>2</_size>
<_version>2</_version>
</a2:ArrayList>
<a2:ArrayList id="ref-132" xmlns:a2="http://schemas.microsoft.com/clr/ns/System.Collections">
<_items href="#ref-237"/>
<_size>2</_size>
<_version>2</_version>
</a2:ArrayList>
<a4:Point3D id="ref-133" xmlns:a4="http://schemas.microsoft.com/clr/nsassem/Helpers/XMLHelper%2C%20Version%3D1.0.0.0%2C%20Culture%3Dneutral%2C%20PublicKeyToken%3Dnull">
<_Coordinates href="#ref-238"/>
</a4:Point3D>
<a2:ArrayList id="ref-134" xmlns:a2="http://schemas.microsoft.com/clr/ns/System.Collections">
<_items href="#ref-239"/>
<_size>2</_size>
<_version>2</_version>
</a2:ArrayList>
<a2:ArrayList id="ref-135" xmlns:a2="http://schemas.microsoft.com/clr/ns/System.Collections">
<_items href="#ref-240"/>
<_size>2</_size>
<_version>2</_version>
</a2:ArrayList>
<a4:Point3D id="ref-136" xmlns:a4="http://schemas.microsoft.com/clr/nsassem/Helpers/XMLHelper%2C%20Version%3D1.0.0.0%2C%20Culture%3Dneutral%2C%20PublicKeyToken%3Dnull">
<_Coordinates href="#ref-241"/>
</a4:Point3D>
<a2:ArrayList id="ref-137" xmlns:a2="http://schemas.microsoft.com/clr/ns/System.Collections">
<_items href="#ref-242"/>
<_size>2</_size>
<_version>2</_version>
</a2:ArrayList>
<a2:ArrayList id="ref-138" xmlns:a2="http://schemas.microsoft.com/clr/ns/System.Collections">
<_items href="#ref-243"/>
<_size>2</_size>
<_version>2</_version>
</a2:ArrayList>
<a4:Point3D id="ref-139" xmlns:a4="http://schemas.microsoft.com/clr/nsassem/Helpers/XMLHelper%2C%20Version%3D1.0.0.0%2C%20Culture%3Dneutral%2C%20PublicKeyToken%3Dnull">
<_Coordinates href="#ref-244"/>
</a4:Point3D>
<a2:ArrayList id="ref-140" xmlns:a2="http://schemas.microsoft.com/clr/ns/System.Collections">
<_items href="#ref-245"/>
<_size>2</_size>
<_version>2</_version>
</a2:ArrayList>
<a2:ArrayList id="ref-141" xmlns:a2="http://schemas.microsoft.com/clr/ns/System.Collections">
<_items href="#ref-246"/>
<_size>2</_size>
<_version>2</_version>
</a2:ArrayList>
<a4:Point3D id="ref-142" xmlns:a4="http://schemas.microsoft.com/clr/nsassem/Helpers/XMLHelper%2C%20Version%3D1.0.0.0%2C%20Culture%3Dneutral%2C%20PublicKeyToken%3Dnull">
<_Coordinates href="#ref-247"/>
</a4:Point3D>
<a2:ArrayList id="ref-143" xmlns:a2="http://schemas.microsoft.com/clr/ns/System.Collections">
<_items href="#ref-248"/>
<_size>2</_size>
<_version>2</_version>
</a2:ArrayList>
<a2:ArrayList id="ref-144" xmlns:a2="http://schemas.microsoft.com/clr/ns/System.Collections">
<_items href="#ref-249"/>
<_size>2</_size>
<_version>2</_version>
</a2:ArrayList>
<a4:Point3D id="ref-145" xmlns:a4="http://schemas.microsoft.com/clr/nsassem/Helpers/XMLHelper%2C%20Version%3D1.0.0.0%2C%20Culture%3Dneutral%2C%20PublicKeyToken%3Dnull">
<_Coordinates href="#ref-250"/>
</a4:Point3D>
<a2:ArrayList id="ref-146" xmlns:a2="http://schemas.microsoft.com/clr/ns/System.Collections">
<_items href="#ref-251"/>
<_size>2</_size>
<_version>2</_version>
</a2:ArrayList>
<a2:ArrayList id="ref-147" xmlns:a2="http://schemas.microsoft.com/clr/ns/System.Collections">
<_items href="#ref-252"/>
<_size>2</_size>
<_version>2</_version>
</a2:ArrayList>
<a4:Point3D id="ref-148" xmlns:a4="http://schemas.microsoft.com/clr/nsassem/Helpers/XMLHelper%2C%20Version%3D1.0.0.0%2C%20Culture%3Dneutral%2C%20PublicKeyToken%3Dnull">
<_Coordinates href="#ref-253"/>
</a4:Point3D>
<a2:ArrayList id="ref-149" xmlns:a2="http://schemas.microsoft.com/clr/ns/System.Collections">
<_items href="#ref-254"/>
<_size>2</_size>
<_version>2</_version>
</a2:ArrayList>
<a2:ArrayList id="ref-150" xmlns:a2="http://schemas.microsoft.com/clr/ns/System.Collections">
<_items href="#ref-255"/>
<_size>2</_size>
<_version>2</_version>
</a2:ArrayList>
<a4:Point3D id="ref-151" xmlns:a4="http://schemas.microsoft.com/clr/nsassem/Helpers/XMLHelper%2C%20Version%3D1.0.0.0%2C%20Culture%3Dneutral%2C%20PublicKeyToken%3Dnull">
<_Coordinates href="#ref-256"/>
</a4:Point3D>
<a2:ArrayList id="ref-152" xmlns:a2="http://schemas.microsoft.com/clr/ns/System.Collections">
<_items href="#ref-257"/>
<_size>2</_size>
<_version>2</_version>
</a2:ArrayList>
<a2:ArrayList id="ref-153" xmlns:a2="http://schemas.microsoft.com/clr/ns/System.Collections">
<_items href="#ref-258"/>
<_size>2</_size>
<_version>2</_version>
</a2:ArrayList>
<a4:Point3D id="ref-154" xmlns:a4="http://schemas.microsoft.com/clr/nsassem/Helpers/XMLHelper%2C%20Version%3D1.0.0.0%2C%20Culture%3Dneutral%2C%20PublicKeyToken%3Dnull">
<_Coordinates href="#ref-259"/>
</a4:Point3D>
<a2:ArrayList id="ref-155" xmlns:a2="http://schemas.microsoft.com/clr/ns/System.Collections">
<_items href="#ref-260"/>
<_size>2</_size>
<_version>2</_version>
</a2:ArrayList>
<a2:ArrayList id="ref-156" xmlns:a2="http://schemas.microsoft.com/clr/ns/System.Collections">
<_items href="#ref-261"/>
<_size>2</_size>
<_version>2</_version>
</a2:ArrayList>
<a4:Point3D id="ref-157" xmlns:a4="http://schemas.microsoft.com/clr/nsassem/Helpers/XMLHelper%2C%20Version%3D1.0.0.0%2C%20Culture%3Dneutral%2C%20PublicKeyToken%3Dnull">
<_Coordinates href="#ref-262"/>
</a4:Point3D>
<a2:ArrayList id="ref-158" xmlns:a2="http://schemas.microsoft.com/clr/ns/System.Collections">
<_items href="#ref-263"/>
<_size>2</_size>
<_version>2</_version>
</a2:ArrayList>
<a2:ArrayList id="ref-159" xmlns:a2="http://schemas.microsoft.com/clr/ns/System.Collections">
<_items href="#ref-264"/>
<_size>2</_size>
<_version>2</_version>
</a2:ArrayList>
<a4:Point3D id="ref-160" xmlns:a4="http://schemas.microsoft.com/clr/nsassem/Helpers/XMLHelper%2C%20Version%3D1.0.0.0%2C%20Culture%3Dneutral%2C%20PublicKeyToken%3Dnull">
<_Coordinates href="#ref-265"/>
</a4:Point3D>
<a2:ArrayList id="ref-161" xmlns:a2="http://schemas.microsoft.com/clr/ns/System.Collections">
<_items href="#ref-266"/>
<_size>2</_size>
<_version>2</_version>
</a2:ArrayList>
<a2:ArrayList id="ref-162" xmlns:a2="http://schemas.microsoft.com/clr/ns/System.Collections">
<_items href="#ref-267"/>
<_size>2</_size>
<_version>2</_version>
</a2:ArrayList>
<a4:Point3D id="ref-163" xmlns:a4="http://schemas.microsoft.com/clr/nsassem/Helpers/XMLHelper%2C%20Version%3D1.0.0.0%2C%20Culture%3Dneutral%2C%20PublicKeyToken%3Dnull">
<_Coordinates href="#ref-268"/>
</a4:Point3D>
<a2:ArrayList id="ref-164" xmlns:a2="http://schemas.microsoft.com/clr/ns/System.Collections">
<_items href="#ref-269"/>
<_size>2</_size>
<_version>2</_version>
</a2:ArrayList>
<a2:ArrayList id="ref-165" xmlns:a2="http://schemas.microsoft.com/clr/ns/System.Collections">
<_items href="#ref-270"/>
<_size>2</_size>
<_version>2</_version>
</a2:ArrayList>
<a4:Point3D id="ref-166" xmlns:a4="http://schemas.microsoft.com/clr/nsassem/Helpers/XMLHelper%2C%20Version%3D1.0.0.0%2C%20Culture%3Dneutral%2C%20PublicKeyToken%3Dnull">
<_Coordinates href="#ref-271"/>
</a4:Point3D>
<a2:ArrayList id="ref-167" xmlns:a2="http://schemas.microsoft.com/clr/ns/System.Collections">
<_items href="#ref-272"/>
<_size>2</_size>
<_version>2</_version>
</a2:ArrayList>
<a2:ArrayList id="ref-168" xmlns:a2="http://schemas.microsoft.com/clr/ns/System.Collections">
<_items href="#ref-273"/>
<_size>2</_size>
<_version>2</_version>
</a2:ArrayList>
<a4:Point3D id="ref-169" xmlns:a4="http://schemas.microsoft.com/clr/nsassem/Helpers/XMLHelper%2C%20Version%3D1.0.0.0%2C%20Culture%3Dneutral%2C%20PublicKeyToken%3Dnull">
<_Coordinates href="#ref-274"/>
</a4:Point3D>
<a2:ArrayList id="ref-170" xmlns:a2="http://schemas.microsoft.com/clr/ns/System.Collections">
<_items href="#ref-275"/>
<_size>2</_size>
<_version>2</_version>
</a2:ArrayList>
<a2:ArrayList id="ref-171" xmlns:a2="http://schemas.microsoft.com/clr/ns/System.Collections">
<_items href="#ref-276"/>
<_size>2</_size>
<_version>2</_version>
</a2:ArrayList>
<a4:Point3D id="ref-172" xmlns:a4="http://schemas.microsoft.com/clr/nsassem/Helpers/XMLHelper%2C%20Version%3D1.0.0.0%2C%20Culture%3Dneutral%2C%20PublicKeyToken%3Dnull">
<_Coordinates href="#ref-277"/>
</a4:Point3D>
<a2:ArrayList id="ref-173" xmlns:a2="http://schemas.microsoft.com/clr/ns/System.Collections">
<_items href="#ref-278"/>
<_size>2</_size>
<_version>2</_version>
</a2:ArrayList>
<a2:ArrayList id="ref-174" xmlns:a2="http://schemas.microsoft.com/clr/ns/System.Collections">
<_items href="#ref-279"/>
<_size>2</_size>
<_version>2</_version>
</a2:ArrayList>
<a4:Point3D id="ref-175" xmlns:a4="http://schemas.microsoft.com/clr/nsassem/Helpers/XMLHelper%2C%20Version%3D1.0.0.0%2C%20Culture%3Dneutral%2C%20PublicKeyToken%3Dnull">
<_Coordinates href="#ref-280"/>
</a4:Point3D>
<a2:ArrayList id="ref-176" xmlns:a2="http://schemas.microsoft.com/clr/ns/System.Collections">
<_items href="#ref-281"/>
<_size>2</_size>
<_version>2</_version>
</a2:ArrayList>
<a2:ArrayList id="ref-177" xmlns:a2="http://schemas.microsoft.com/clr/ns/System.Collections">
<_items href="#ref-282"/>
<_size>2</_size>
<_version>2</_version>
</a2:ArrayList>
<a4:Point3D id="ref-178" xmlns:a4="http://schemas.microsoft.com/clr/nsassem/Helpers/XMLHelper%2C%20Version%3D1.0.0.0%2C%20Culture%3Dneutral%2C%20PublicKeyToken%3Dnull">
<_Coordinates href="#ref-283"/>
</a4:Point3D>
<a2:ArrayList id="ref-179" xmlns:a2="http://schemas.microsoft.com/clr/ns/System.Collections">
<_items href="#ref-284"/>
<_size>2</_size>
<_version>2</_version>
</a2:ArrayList>
<a2:ArrayList id="ref-180" xmlns:a2="http://schemas.microsoft.com/clr/ns/System.Collections">
<_items href="#ref-285"/>
<_size>2</_size>
<_version>2</_version>
</a2:ArrayList>
<a4:Point3D id="ref-181" xmlns:a4="http://schemas.microsoft.com/clr/nsassem/Helpers/XMLHelper%2C%20Version%3D1.0.0.0%2C%20Culture%3Dneutral%2C%20PublicKeyToken%3Dnull">
<_Coordinates href="#ref-286"/>
</a4:Point3D>
<a2:ArrayList id="ref-182" xmlns:a2="http://schemas.microsoft.com/clr/ns/System.Collections">
<_items href="#ref-287"/>
<_size>2</_size>
<_version>2</_version>
</a2:ArrayList>
<a2:ArrayList id="ref-183" xmlns:a2="http://schemas.microsoft.com/clr/ns/System.Collections">
<_items href="#ref-288"/>
<_size>2</_size>
<_version>2</_version>
</a2:ArrayList>
<a4:Point3D id="ref-184" xmlns:a4="http://schemas.microsoft.com/clr/nsassem/Helpers/XMLHelper%2C%20Version%3D1.0.0.0%2C%20Culture%3Dneutral%2C%20PublicKeyToken%3Dnull">
<_Coordinates href="#ref-289"/>
</a4:Point3D>
<a2:ArrayList id="ref-185" xmlns:a2="http://schemas.microsoft.com/clr/ns/System.Collections">
<_items href="#ref-290"/>
<_size>2</_size>
<_version>2</_version>
</a2:ArrayList>
<a2:ArrayList id="ref-186" xmlns:a2="http://schemas.microsoft.com/clr/ns/System.Collections">
<_items href="#ref-291"/>
<_size>2</_size>
<_version>2</_version>
</a2:ArrayList>
<a4:Point3D id="ref-187" xmlns:a4="http://schemas.microsoft.com/clr/nsassem/Helpers/XMLHelper%2C%20Version%3D1.0.0.0%2C%20Culture%3Dneutral%2C%20PublicKeyToken%3Dnull">
<_Coordinates href="#ref-292"/>
</a4:Point3D>
<a2:ArrayList id="ref-188" xmlns:a2="http://schemas.microsoft.com/clr/ns/System.Collections">
<_items href="#ref-293"/>
<_size>2</_size>
<_version>2</_version>
</a2:ArrayList>
<a2:ArrayList id="ref-189" xmlns:a2="http://schemas.microsoft.com/clr/ns/System.Collections">
<_items href="#ref-294"/>
<_size>2</_size>
<_version>2</_version>
</a2:ArrayList>
<a4:Point3D id="ref-190" xmlns:a4="http://schemas.microsoft.com/clr/nsassem/Helpers/XMLHelper%2C%20Version%3D1.0.0.0%2C%20Culture%3Dneutral%2C%20PublicKeyToken%3Dnull">
<_Coordinates href="#ref-295"/>
</a4:Point3D>
<a2:ArrayList id="ref-191" xmlns:a2="http://schemas.microsoft.com/clr/ns/System.Collections">
<_items href="#ref-296"/>
<_size>2</_size>
<_version>2</_version>
</a2:ArrayList>
<a2:ArrayList id="ref-192" xmlns:a2="http://schemas.microsoft.com/clr/ns/System.Collections">
<_items href="#ref-297"/>
<_size>2</_size>
<_version>2</_version>
</a2:ArrayList>
<a4:Point3D id="ref-193" xmlns:a4="http://schemas.microsoft.com/clr/nsassem/Helpers/XMLHelper%2C%20Version%3D1.0.0.0%2C%20Culture%3Dneutral%2C%20PublicKeyToken%3Dnull">
<_Coordinates href="#ref-298"/>
</a4:Point3D>
<a2:ArrayList id="ref-194" xmlns:a2="http://schemas.microsoft.com/clr/ns/System.Collections">
<_items href="#ref-299"/>
<_size>2</_size>
<_version>2</_version>
</a2:ArrayList>
<a2:ArrayList id="ref-195" xmlns:a2="http://schemas.microsoft.com/clr/ns/System.Collections">
<_items href="#ref-300"/>
<_size>2</_size>
<_version>2</_version>
</a2:ArrayList>
<a4:Point3D id="ref-196" xmlns:a4="http://schemas.microsoft.com/clr/nsassem/Helpers/XMLHelper%2C%20Version%3D1.0.0.0%2C%20Culture%3Dneutral%2C%20PublicKeyToken%3Dnull">
<_Coordinates href="#ref-301"/>
</a4:Point3D>
<a2:ArrayList id="ref-197" xmlns:a2="http://schemas.microsoft.com/clr/ns/System.Collections">
<_items href="#ref-302"/>
<_size>2</_size>
<_version>2</_version>
</a2:ArrayList>
<a2:ArrayList id="ref-198" xmlns:a2="http://schemas.microsoft.com/clr/ns/System.Collections">
<_items href="#ref-303"/>
<_size>2</_size>
<_version>2</_version>
</a2:ArrayList>
<a4:Point3D id="ref-199" xmlns:a4="http://schemas.microsoft.com/clr/nsassem/Helpers/XMLHelper%2C%20Version%3D1.0.0.0%2C%20Culture%3Dneutral%2C%20PublicKeyToken%3Dnull">
<_Coordinates href="#ref-304"/>
</a4:Point3D>
<a2:ArrayList id="ref-200" xmlns:a2="http://schemas.microsoft.com/clr/ns/System.Collections">
<_items href="#ref-305"/>
<_size>2</_size>
<_version>2</_version>
</a2:ArrayList>
<a2:ArrayList id="ref-201" xmlns:a2="http://schemas.microsoft.com/clr/ns/System.Collections">
<_items href="#ref-306"/>
<_size>2</_size>
<_version>2</_version>
</a2:ArrayList>
<a4:Point3D id="ref-202" xmlns:a4="http://schemas.microsoft.com/clr/nsassem/Helpers/XMLHelper%2C%20Version%3D1.0.0.0%2C%20Culture%3Dneutral%2C%20PublicKeyToken%3Dnull">
<_Coordinates href="#ref-307"/>
</a4:Point3D>
<a2:ArrayList id="ref-203" xmlns:a2="http://schemas.microsoft.com/clr/ns/System.Collections">
<_items href="#ref-308"/>
<_size>2</_size>
<_version>2</_version>
</a2:ArrayList>
<a2:ArrayList id="ref-204" xmlns:a2="http://schemas.microsoft.com/clr/ns/System.Collections">
<_items href="#ref-309"/>
<_size>2</_size>
<_version>2</_version>
</a2:ArrayList>
<a4:Point3D id="ref-205" xmlns:a4="http://schemas.microsoft.com/clr/nsassem/Helpers/XMLHelper%2C%20Version%3D1.0.0.0%2C%20Culture%3Dneutral%2C%20PublicKeyToken%3Dnull">
<_Coordinates href="#ref-310"/>
</a4:Point3D>
<a2:ArrayList id="ref-206" xmlns:a2="http://schemas.microsoft.com/clr/ns/System.Collections">
<_items href="#ref-311"/>
<_size>2</_size>
<_version>2</_version>
</a2:ArrayList>
<a2:ArrayList id="ref-207" xmlns:a2="http://schemas.microsoft.com/clr/ns/System.Collections">
<_items href="#ref-312"/>
<_size>2</_size>
<_version>2</_version>
</a2:ArrayList>
<a4:Point3D id="ref-208" xmlns:a4="http://schemas.microsoft.com/clr/nsassem/Helpers/XMLHelper%2C%20Version%3D1.0.0.0%2C%20Culture%3Dneutral%2C%20PublicKeyToken%3Dnull">
<_Coordinates href="#ref-313"/>
</a4:Point3D>
<a2:ArrayList id="ref-209" xmlns:a2="http://schemas.microsoft.com/clr/ns/System.Collections">
<_items href="#ref-314"/>
<_size>2</_size>
<_version>2</_version>
</a2:ArrayList>
<a2:ArrayList id="ref-210" xmlns:a2="http://schemas.microsoft.com/clr/ns/System.Collections">
<_items href="#ref-315"/>
<_size>2</_size>
<_version>2</_version>
</a2:ArrayList>
<a4:Point3D id="ref-211" xmlns:a4="http://schemas.microsoft.com/clr/nsassem/Helpers/XMLHelper%2C%20Version%3D1.0.0.0%2C%20Culture%3Dneutral%2C%20PublicKeyToken%3Dnull">
<_Coordinates href="#ref-316"/>
</a4:Point3D>
<a2:ArrayList id="ref-212" xmlns:a2="http://schemas.microsoft.com/clr/ns/System.Collections">
<_items href="#ref-317"/>
<_size>1</_size>
<_version>1</_version>
</a2:ArrayList>
<a2:ArrayList id="ref-213" xmlns:a2="http://schemas.microsoft.com/clr/ns/System.Collections">
<_items href="#ref-318"/>
<_size>1</_size>
<_version>1</_version>
</a2:ArrayList>
<a4:Point3D id="ref-214" xmlns:a4="http://schemas.microsoft.com/clr/nsassem/Helpers/XMLHelper%2C%20Version%3D1.0.0.0%2C%20Culture%3Dneutral%2C%20PublicKeyToken%3Dnull">
<_Coordinates href="#ref-319"/>
</a4:Point3D>
<SOAP-ENC:Array id="ref-215" SOAP-ENC:arrayType="xsd:anyType[4]">
<item href="#ref-42"/>
</SOAP-ENC:Array>
<SOAP-ENC:Array id="ref-216" SOAP-ENC:arrayType="xsd:anyType[4]">
<item href="#ref-43"/>
</SOAP-ENC:Array>
<SOAP-ENC:Array id="ref-217" SOAP-ENC:arrayType="xsd:float[3]">
<item>2804.67456</item>
<item>1806.88647</item>
<item>132.43602</item>
</SOAP-ENC:Array>
<SOAP-ENC:Array id="ref-218" SOAP-ENC:arrayType="xsd:anyType[4]">
<item href="#ref-43"/>
<item href="#ref-44"/>
</SOAP-ENC:Array>
<SOAP-ENC:Array id="ref-219" SOAP-ENC:arrayType="xsd:anyType[4]">
<item href="#ref-42"/>
<item href="#ref-45"/>
</SOAP-ENC:Array>
<SOAP-ENC:Array id="ref-220" SOAP-ENC:arrayType="xsd:float[3]">
<item>2804.80542</item>
<item>1809.93518</item>
<item>132.082092</item>
</SOAP-ENC:Array>
<SOAP-ENC:Array id="ref-221" SOAP-ENC:arrayType="xsd:anyType[4]">
<item href="#ref-45"/>
<item href="#ref-46"/>
</SOAP-ENC:Array>
<SOAP-ENC:Array id="ref-222" SOAP-ENC:arrayType="xsd:anyType[4]">
<item href="#ref-44"/>
<item href="#ref-47"/>
</SOAP-ENC:Array>
<SOAP-ENC:Array id="ref-223" SOAP-ENC:arrayType="xsd:float[3]">
<item>2806.9624</item>
<item>1812.08533</item>
<item>131.515442</item>
</SOAP-ENC:Array>
<SOAP-ENC:Array id="ref-224" SOAP-ENC:arrayType="xsd:anyType[4]">
<item href="#ref-47"/>
<item href="#ref-48"/>
</SOAP-ENC:Array>
<SOAP-ENC:Array id="ref-225" SOAP-ENC:arrayType="xsd:anyType[4]">
<item href="#ref-46"/>
<item href="#ref-49"/>
</SOAP-ENC:Array>
<SOAP-ENC:Array id="ref-226" SOAP-ENC:arrayType="xsd:float[3]">
<item>2808.30762</item>
<item>1814.80273</item>
<item>130.871155</item>
</SOAP-ENC:Array>
<SOAP-ENC:Array id="ref-227" SOAP-ENC:arrayType="xsd:anyType[4]">
<item href="#ref-49"/>
<item href="#ref-50"/>
</SOAP-ENC:Array>
<SOAP-ENC:Array id="ref-228" SOAP-ENC:arrayType="xsd:anyType[4]">
<item href="#ref-48"/>
<item href="#ref-51"/>
</SOAP-ENC:Array>
<SOAP-ENC:Array id="ref-229" SOAP-ENC:arrayType="xsd:float[3]">
<item>2809.64038</item>
<item>1817.51245</item>
<item>130.490646</item>
</SOAP-ENC:Array>
<SOAP-ENC:Array id="ref-230" SOAP-ENC:arrayType="xsd:anyType[4]">
<item href="#ref-51"/>
<item href="#ref-52"/>
</SOAP-ENC:Array>
<SOAP-ENC:Array id="ref-231" SOAP-ENC:arrayType="xsd:anyType[4]">
<item href="#ref-50"/>
<item href="#ref-53"/>
</SOAP-ENC:Array>
<SOAP-ENC:Array id="ref-232" SOAP-ENC:arrayType="xsd:float[3]">
<item>2811.49268</item>
<item>1820.02966</item>
<item>130.2471</item>
</SOAP-ENC:Array>
<SOAP-ENC:Array id="ref-233" SOAP-ENC:arrayType="xsd:anyType[4]">
<item href="#ref-53"/>
<item href="#ref-54"/>
</SOAP-ENC:Array>
<SOAP-ENC:Array id="ref-234" SOAP-ENC:arrayType="xsd:anyType[4]">
<item href="#ref-52"/>
<item href="#ref-55"/>
</SOAP-ENC:Array>
<SOAP-ENC:Array id="ref-235" SOAP-ENC:arrayType="xsd:float[3]">
<item>2813.306</item>
<item>1822.43079</item>
<item>129.955322</item>
</SOAP-ENC:Array>
<SOAP-ENC:Array id="ref-236" SOAP-ENC:arrayType="xsd:anyType[4]">
<item href="#ref-55"/>
<item href="#ref-56"/>
</SOAP-ENC:Array>
<SOAP-ENC:Array id="ref-237" SOAP-ENC:arrayType="xsd:anyType[4]">
<item href="#ref-54"/>
<item href="#ref-57"/>
</SOAP-ENC:Array>
<SOAP-ENC:Array id="ref-238" SOAP-ENC:arrayType="xsd:float[3]">
<item>2815.03</item>
<item>1824.95</item>
<item>129.432175</item>
</SOAP-ENC:Array>
<SOAP-ENC:Array id="ref-239" SOAP-ENC:arrayType="xsd:anyType[4]">
<item href="#ref-57"/>
<item href="#ref-58"/>
</SOAP-ENC:Array>
<SOAP-ENC:Array id="ref-240" SOAP-ENC:arrayType="xsd:anyType[4]">
<item href="#ref-56"/>
<item href="#ref-59"/>
</SOAP-ENC:Array>
<SOAP-ENC:Array id="ref-241" SOAP-ENC:arrayType="xsd:float[3]">
<item>2816.73462</item>
<item>1827.49683</item>
<item>128.777359</item>
</SOAP-ENC:Array>
<SOAP-ENC:Array id="ref-242" SOAP-ENC:arrayType="xsd:anyType[4]">
<item href="#ref-59"/>
<item href="#ref-60"/>
</SOAP-ENC:Array>
<SOAP-ENC:Array id="ref-243" SOAP-ENC:arrayType="xsd:anyType[4]">
<item href="#ref-58"/>
<item href="#ref-61"/>
</SOAP-ENC:Array>
<SOAP-ENC:Array id="ref-244" SOAP-ENC:arrayType="xsd:float[3]">
<item>2818.44751</item>
<item>1830.045</item>
<item>128.31987</item>
</SOAP-ENC:Array>
<SOAP-ENC:Array id="ref-245" SOAP-ENC:arrayType="xsd:anyType[4]">
<item href="#ref-61"/>
<item href="#ref-62"/>
</SOAP-ENC:Array>
<SOAP-ENC:Array id="ref-246" SOAP-ENC:arrayType="xsd:anyType[4]">
<item href="#ref-60"/>
<item href="#ref-63"/>
</SOAP-ENC:Array>
<SOAP-ENC:Array id="ref-247" SOAP-ENC:arrayType="xsd:float[3]">
<item>2820.14</item>
<item>1832.58</item>
<item>127.544342</item>
</SOAP-ENC:Array>
<SOAP-ENC:Array id="ref-248" SOAP-ENC:arrayType="xsd:anyType[4]">
<item href="#ref-63"/>
<item href="#ref-64"/>
</SOAP-ENC:Array>
<SOAP-ENC:Array id="ref-249" SOAP-ENC:arrayType="xsd:anyType[4]">
<item href="#ref-62"/>
<item href="#ref-65"/>
</SOAP-ENC:Array>
<SOAP-ENC:Array id="ref-250" SOAP-ENC:arrayType="xsd:float[3]">
<item>2821.839</item>
<item>1835.12842</item>
<item>126.872978</item>
</SOAP-ENC:Array>
<SOAP-ENC:Array id="ref-251" SOAP-ENC:arrayType="xsd:anyType[4]">
<item href="#ref-65"/>
<item href="#ref-66"/>
</SOAP-ENC:Array>
<SOAP-ENC:Array id="ref-252" SOAP-ENC:arrayType="xsd:anyType[4]">
<item href="#ref-64"/>
<item href="#ref-67"/>
</SOAP-ENC:Array>
<SOAP-ENC:Array id="ref-253" SOAP-ENC:arrayType="xsd:float[3]">
<item>2823.635</item>
<item>1837.77051</item>
<item>126.595695</item>
</SOAP-ENC:Array>
<SOAP-ENC:Array id="ref-254" SOAP-ENC:arrayType="xsd:anyType[4]">
<item href="#ref-67"/>
<item href="#ref-68"/>
</SOAP-ENC:Array>
<SOAP-ENC:Array id="ref-255" SOAP-ENC:arrayType="xsd:anyType[4]">
<item href="#ref-66"/>
<item href="#ref-69"/>
</SOAP-ENC:Array>
<SOAP-ENC:Array id="ref-256" SOAP-ENC:arrayType="xsd:float[3]">
<item>2825.48413</item>
<item>1840.24451</item>
<item>126.234505</item>
</SOAP-ENC:Array>
<SOAP-ENC:Array id="ref-257" SOAP-ENC:arrayType="xsd:anyType[4]">
<item href="#ref-69"/>
<item href="#ref-70"/>
</SOAP-ENC:Array>
<SOAP-ENC:Array id="ref-258" SOAP-ENC:arrayType="xsd:anyType[4]">
<item href="#ref-68"/>
<item href="#ref-71"/>
</SOAP-ENC:Array>
<SOAP-ENC:Array id="ref-259" SOAP-ENC:arrayType="xsd:float[3]">
<item>2827.50781</item>
<item>1842.623</item>
<item>125.911659</item>
</SOAP-ENC:Array>
<SOAP-ENC:Array id="ref-260" SOAP-ENC:arrayType="xsd:anyType[4]">
<item href="#ref-71"/>
<item href="#ref-72"/>
</SOAP-ENC:Array>
<SOAP-ENC:Array id="ref-261" SOAP-ENC:arrayType="xsd:anyType[4]">
<item href="#ref-70"/>
<item href="#ref-73"/>
</SOAP-ENC:Array>
<SOAP-ENC:Array id="ref-262" SOAP-ENC:arrayType="xsd:float[3]">
<item>2829.679</item>
<item>1844.73535</item>
<item>125.40564</item>
</SOAP-ENC:Array>
<SOAP-ENC:Array id="ref-263" SOAP-ENC:arrayType="xsd:anyType[4]">
<item href="#ref-73"/>
<item href="#ref-74"/>
</SOAP-ENC:Array>
<SOAP-ENC:Array id="ref-264" SOAP-ENC:arrayType="xsd:anyType[4]">
<item href="#ref-72"/>
<item href="#ref-75"/>
</SOAP-ENC:Array>
<SOAP-ENC:Array id="ref-265" SOAP-ENC:arrayType="xsd:float[3]">
<item>2832.079</item>
<item>1846.80273</item>
<item>124.98819</item>
</SOAP-ENC:Array>
<SOAP-ENC:Array id="ref-266" SOAP-ENC:arrayType="xsd:anyType[4]">
<item href="#ref-75"/>
<item href="#ref-76"/>
</SOAP-ENC:Array>
<SOAP-ENC:Array id="ref-267" SOAP-ENC:arrayType="xsd:anyType[4]">
<item href="#ref-74"/>
<item href="#ref-77"/>
</SOAP-ENC:Array>
<SOAP-ENC:Array id="ref-268" SOAP-ENC:arrayType="xsd:float[3]">
<item>2834.47021</item>
<item>1848.78271</item>
<item>125.281937</item>
</SOAP-ENC:Array>
<SOAP-ENC:Array id="ref-269" SOAP-ENC:arrayType="xsd:anyType[4]">
<item href="#ref-77"/>
<item href="#ref-78"/>
</SOAP-ENC:Array>
<SOAP-ENC:Array id="ref-270" SOAP-ENC:arrayType="xsd:anyType[4]">
<item href="#ref-76"/>
<item href="#ref-79"/>
</SOAP-ENC:Array>
<SOAP-ENC:Array id="ref-271" SOAP-ENC:arrayType="xsd:float[3]">
<item>2836.85352</item>
<item>1850.69763</item>
<item>125.409882</item>
</SOAP-ENC:Array>
<SOAP-ENC:Array id="ref-272" SOAP-ENC:arrayType="xsd:anyType[4]">
<item href="#ref-79"/>
<item href="#ref-80"/>
</SOAP-ENC:Array>
<SOAP-ENC:Array id="ref-273" SOAP-ENC:arrayType="xsd:anyType[4]">
<item href="#ref-78"/>
<item href="#ref-81"/>
</SOAP-ENC:Array>
<SOAP-ENC:Array id="ref-274" SOAP-ENC:arrayType="xsd:float[3]">
<item>2839.30859</item>
<item>1852.42493</item>
<item>125.521469</item>
</SOAP-ENC:Array>
<SOAP-ENC:Array id="ref-275" SOAP-ENC:arrayType="xsd:anyType[4]">
<item href="#ref-81"/>
<item href="#ref-82"/>
</SOAP-ENC:Array>
<SOAP-ENC:Array id="ref-276" SOAP-ENC:arrayType="xsd:anyType[4]">
<item href="#ref-80"/>
<item href="#ref-83"/>
</SOAP-ENC:Array>
<SOAP-ENC:Array id="ref-277" SOAP-ENC:arrayType="xsd:float[3]">
<item>2841.888</item>
<item>1854.2439</item>
<item>125.906273</item>
</SOAP-ENC:Array>
<SOAP-ENC:Array id="ref-278" SOAP-ENC:arrayType="xsd:anyType[4]">
<item href="#ref-83"/>
<item href="#ref-84"/>
</SOAP-ENC:Array>
<SOAP-ENC:Array id="ref-279" SOAP-ENC:arrayType="xsd:anyType[4]">
<item href="#ref-82"/>
<item href="#ref-85"/>
</SOAP-ENC:Array>
<SOAP-ENC:Array id="ref-280" SOAP-ENC:arrayType="xsd:float[3]">
<item>2844.357</item>
<item>1855.98584</item>
<item>126.201233</item>
</SOAP-ENC:Array>
<SOAP-ENC:Array id="ref-281" SOAP-ENC:arrayType="xsd:anyType[4]">
<item href="#ref-85"/>
<item href="#ref-86"/>
</SOAP-ENC:Array>
<SOAP-ENC:Array id="ref-282" SOAP-ENC:arrayType="xsd:anyType[4]">
<item href="#ref-84"/>
<item href="#ref-87"/>
</SOAP-ENC:Array>
<SOAP-ENC:Array id="ref-283" SOAP-ENC:arrayType="xsd:float[3]">
<item>2846.86646</item>
<item>1857.75574</item>
<item>125.789787</item>
</SOAP-ENC:Array>
<SOAP-ENC:Array id="ref-284" SOAP-ENC:arrayType="xsd:anyType[4]">
<item href="#ref-87"/>
<item href="#ref-88"/>
</SOAP-ENC:Array>
<SOAP-ENC:Array id="ref-285" SOAP-ENC:arrayType="xsd:anyType[4]">
<item href="#ref-86"/>
<item href="#ref-89"/>
</SOAP-ENC:Array>
<SOAP-ENC:Array id="ref-286" SOAP-ENC:arrayType="xsd:float[3]">
<item>2849.38477</item>
<item>1859.53235</item>
<item>125.690193</item>
</SOAP-ENC:Array>
<SOAP-ENC:Array id="ref-287" SOAP-ENC:arrayType="xsd:anyType[4]">
<item href="#ref-89"/>
<item href="#ref-90"/>
</SOAP-ENC:Array>
<SOAP-ENC:Array id="ref-288" SOAP-ENC:arrayType="xsd:anyType[4]">
<item href="#ref-88"/>
<item href="#ref-91"/>
</SOAP-ENC:Array>
<SOAP-ENC:Array id="ref-289" SOAP-ENC:arrayType="xsd:float[3]">
<item>2851.90161</item>
<item>1861.29919</item>
<item>125.43071</item>
</SOAP-ENC:Array>
<SOAP-ENC:Array id="ref-290" SOAP-ENC:arrayType="xsd:anyType[4]">
<item href="#ref-91"/>
<item href="#ref-92"/>
</SOAP-ENC:Array>
<SOAP-ENC:Array id="ref-291" SOAP-ENC:arrayType="xsd:anyType[4]">
<item href="#ref-90"/>
<item href="#ref-93"/>
</SOAP-ENC:Array>
<SOAP-ENC:Array id="ref-292" SOAP-ENC:arrayType="xsd:float[3]">
<item>2854.44629</item>
<item>1863.09521</item>
<item>125.311806</item>
</SOAP-ENC:Array>
<SOAP-ENC:Array id="ref-293" SOAP-ENC:arrayType="xsd:anyType[4]">
<item href="#ref-93"/>
<item href="#ref-94"/>
</SOAP-ENC:Array>
<SOAP-ENC:Array id="ref-294" SOAP-ENC:arrayType="xsd:anyType[4]">
<item href="#ref-92"/>
<item href="#ref-95"/>
</SOAP-ENC:Array>
<SOAP-ENC:Array id="ref-295" SOAP-ENC:arrayType="xsd:float[3]">
<item>2856.99634</item>
<item>1864.8855</item>
<item>125.307091</item>
</SOAP-ENC:Array>
<SOAP-ENC:Array id="ref-296" SOAP-ENC:arrayType="xsd:anyType[4]">
<item href="#ref-95"/>
<item href="#ref-96"/>
</SOAP-ENC:Array>
<SOAP-ENC:Array id="ref-297" SOAP-ENC:arrayType="xsd:anyType[4]">
<item href="#ref-94"/>
<item href="#ref-97"/>
</SOAP-ENC:Array>
<SOAP-ENC:Array id="ref-298" SOAP-ENC:arrayType="xsd:float[3]">
<item>2859.45557</item>
<item>1866.61584</item>
<item>125.352921</item>
</SOAP-ENC:Array>
<SOAP-ENC:Array id="ref-299" SOAP-ENC:arrayType="xsd:anyType[4]">
<item href="#ref-97"/>
<item href="#ref-98"/>
</SOAP-ENC:Array>
<SOAP-ENC:Array id="ref-300" SOAP-ENC:arrayType="xsd:anyType[4]">
<item href="#ref-96"/>
<item href="#ref-99"/>
</SOAP-ENC:Array>
<SOAP-ENC:Array id="ref-301" SOAP-ENC:arrayType="xsd:float[3]">
<item>2861.95337</item>
<item>1868.36792</item>
<item>125.451843</item>
</SOAP-ENC:Array>
<SOAP-ENC:Array id="ref-302" SOAP-ENC:arrayType="xsd:anyType[4]">
<item href="#ref-99"/>
<item href="#ref-100"/>
</SOAP-ENC:Array>
<SOAP-ENC:Array id="ref-303" SOAP-ENC:arrayType="xsd:anyType[4]">
<item href="#ref-98"/>
<item href="#ref-101"/>
</SOAP-ENC:Array>
<SOAP-ENC:Array id="ref-304" SOAP-ENC:arrayType="xsd:float[3]">
<item>2864.43042</item>
<item>1870.09619</item>
<item>125.44416</item>
</SOAP-ENC:Array>
<SOAP-ENC:Array id="ref-305" SOAP-ENC:arrayType="xsd:anyType[4]">
<item href="#ref-101"/>
<item href="#ref-102"/>
</SOAP-ENC:Array>
<SOAP-ENC:Array id="ref-306" SOAP-ENC:arrayType="xsd:anyType[4]">
<item href="#ref-100"/>
<item href="#ref-103"/>
</SOAP-ENC:Array>
<SOAP-ENC:Array id="ref-307" SOAP-ENC:arrayType="xsd:float[3]">
<item>2866.9436</item>
<item>1871.86389</item>
<item>125.496979</item>
</SOAP-ENC:Array>
<SOAP-ENC:Array id="ref-308" SOAP-ENC:arrayType="xsd:anyType[4]">
<item href="#ref-103"/>
<item href="#ref-104"/>
</SOAP-ENC:Array>
<SOAP-ENC:Array id="ref-309" SOAP-ENC:arrayType="xsd:anyType[4]">
<item href="#ref-102"/>
<item href="#ref-105"/>
</SOAP-ENC:Array>
<SOAP-ENC:Array id="ref-310" SOAP-ENC:arrayType="xsd:float[3]">
<item>2869.61816</item>
<item>1873.74463</item>
<item>125.530029</item>
</SOAP-ENC:Array>
<SOAP-ENC:Array id="ref-311" SOAP-ENC:arrayType="xsd:anyType[4]">
<item href="#ref-105"/>
<item href="#ref-106"/>
</SOAP-ENC:Array>
<SOAP-ENC:Array id="ref-312" SOAP-ENC:arrayType="xsd:anyType[4]">
<item href="#ref-104"/>
<item href="#ref-107"/>
</SOAP-ENC:Array>
<SOAP-ENC:Array id="ref-313" SOAP-ENC:arrayType="xsd:float[3]">
<item>2871.98315</item>
<item>1875.8584</item>
<item>125.789719</item>
</SOAP-ENC:Array>
<SOAP-ENC:Array id="ref-314" SOAP-ENC:arrayType="xsd:anyType[4]">
<item href="#ref-107"/>
<item href="#ref-108"/>
</SOAP-ENC:Array>
<SOAP-ENC:Array id="ref-315" SOAP-ENC:arrayType="xsd:anyType[4]">
<item href="#ref-106"/>
<item href="#ref-109"/>
</SOAP-ENC:Array>
<SOAP-ENC:Array id="ref-316" SOAP-ENC:arrayType="xsd:float[3]">
<item>2873.86841</item>
<item>1878.33472</item>
<item>125.5618</item>
</SOAP-ENC:Array>
<SOAP-ENC:Array id="ref-317" SOAP-ENC:arrayType="xsd:anyType[4]">
<item href="#ref-109"/>
</SOAP-ENC:Array>
<SOAP-ENC:Array id="ref-318" SOAP-ENC:arrayType="xsd:anyType[4]">
<item href="#ref-108"/>
</SOAP-ENC:Array>
<SOAP-ENC:Array id="ref-319" SOAP-ENC:arrayType="xsd:float[3]">
<item>2875.221</item>
<item>1881.21228</item>
<item>125.364754</item>
</SOAP-ENC:Array>
</SOAP-ENV:Body>
</SOAP-ENV:Envelope>
