<SOAP-ENV:Envelope xmlns:xsi="http://www.w3.org/2001/XMLSchema-instance" xmlns:xsd="http://www.w3.org/2001/XMLSchema" xmlns:SOAP-ENC="http://schemas.xmlsoap.org/soap/encoding/" xmlns:SOAP-ENV="http://schemas.xmlsoap.org/soap/envelope/" xmlns:clr="http://schemas.microsoft.com/soap/encoding/clr/1.0" SOAP-ENV:encodingStyle="http://schemas.xmlsoap.org/soap/encoding/">
<SOAP-ENV:Body>
<a1:Graph id="ref-1" xmlns:a1="http://schemas.microsoft.com/clr/nsassem/AStar/XMLHelper%2C%20Version%3D1.0.0.0%2C%20Culture%3Dneutral%2C%20PublicKeyToken%3Dnull">
<NodeArray href="#ref-3"/>
<ArcArray href="#ref-4"/>
<NodeSize>3</NodeSize>
<NodeConnectSize>6</NodeConnectSize>
</a1:Graph>
<a2:ArrayList id="ref-3" xmlns:a2="http://schemas.microsoft.com/clr/ns/System.Collections">
<_items href="#ref-5"/>
<_size>22</_size>
<_version>38</_version>
</a2:ArrayList>
<a2:ArrayList id="ref-4" xmlns:a2="http://schemas.microsoft.com/clr/ns/System.Collections">
<_items href="#ref-6"/>
<_size>44</_size>
<_version>80</_version>
</a2:ArrayList>
<SOAP-ENC:Array id="ref-5" SOAP-ENC:arrayType="xsd:anyType[32]">
<item href="#ref-7"/>
<item href="#ref-8"/>
<item href="#ref-9"/>
<item href="#ref-10"/>
<item href="#ref-11"/>
<item href="#ref-12"/>
<item href="#ref-13"/>
<item href="#ref-14"/>
<item href="#ref-15"/>
<item href="#ref-16"/>
<item href="#ref-17"/>
<item href="#ref-18"/>
<item href="#ref-19"/>
<item href="#ref-20"/>
<item href="#ref-21"/>
<item href="#ref-22"/>
<item href="#ref-23"/>
<item href="#ref-24"/>
<item href="#ref-25"/>
<item href="#ref-26"/>
<item href="#ref-27"/>
<item href="#ref-28"/>
</SOAP-ENC:Array>
<SOAP-ENC:Array id="ref-6" SOAP-ENC:arrayType="xsd:anyType[64]">
<item href="#ref-29"/>
<item href="#ref-30"/>
<item href="#ref-31"/>
<item href="#ref-32"/>
<item href="#ref-33"/>
<item href="#ref-34"/>
<item href="#ref-35"/>
<item href="#ref-36"/>
<item href="#ref-37"/>
<item href="#ref-38"/>
<item href="#ref-39"/>
<item href="#ref-40"/>
<item href="#ref-41"/>
<item href="#ref-42"/>
<item href="#ref-43"/>
<item href="#ref-44"/>
<item href="#ref-45"/>
<item href="#ref-46"/>
<item href="#ref-47"/>
<item href="#ref-48"/>
<item href="#ref-49"/>
<item href="#ref-50"/>
<item href="#ref-51"/>
<item href="#ref-52"/>
<item href="#ref-53"/>
<item href="#ref-54"/>
<item href="#ref-55"/>
<item href="#ref-56"/>
<item href="#ref-57"/>
<item href="#ref-58"/>
<item href="#ref-59"/>
<item href="#ref-60"/>
<item href="#ref-61"/>
<item href="#ref-62"/>
<item href="#ref-63"/>
<item href="#ref-64"/>
<item href="#ref-65"/>
<item href="#ref-66"/>
<item href="#ref-67"/>
<item href="#ref-68"/>
<item href="#ref-69"/>
<item href="#ref-70"/>
<item href="#ref-71"/>
<item href="#ref-72"/>
</SOAP-ENC:Array>
<a1:Node id="ref-7" xmlns:a1="http://schemas.microsoft.com/clr/nsassem/AStar/XMLHelper%2C%20Version%3D1.0.0.0%2C%20Culture%3Dneutral%2C%20PublicKeyToken%3Dnull">
<_IncomingArcs href="#ref-73"/>
<_OutgoingArcs href="#ref-74"/>
<_Passable>true</_Passable>
<_Position href="#ref-75"/>
</a1:Node>
<a1:Node id="ref-8" xmlns:a1="http://schemas.microsoft.com/clr/nsassem/AStar/XMLHelper%2C%20Version%3D1.0.0.0%2C%20Culture%3Dneutral%2C%20PublicKeyToken%3Dnull">
<_IncomingArcs href="#ref-76"/>
<_OutgoingArcs href="#ref-77"/>
<_Passable>true</_Passable>
<_Position href="#ref-78"/>
</a1:Node>
<a1:Node id="ref-9" xmlns:a1="http://schemas.microsoft.com/clr/nsassem/AStar/XMLHelper%2C%20Version%3D1.0.0.0%2C%20Culture%3Dneutral%2C%20PublicKeyToken%3Dnull">
<_IncomingArcs href="#ref-79"/>
<_OutgoingArcs href="#ref-80"/>
<_Passable>true</_Passable>
<_Position href="#ref-81"/>
</a1:Node>
<a1:Node id="ref-10" xmlns:a1="http://schemas.microsoft.com/clr/nsassem/AStar/XMLHelper%2C%20Version%3D1.0.0.0%2C%20Culture%3Dneutral%2C%20PublicKeyToken%3Dnull">
<_IncomingArcs href="#ref-82"/>
<_OutgoingArcs href="#ref-83"/>
<_Passable>true</_Passable>
<_Position href="#ref-84"/>
</a1:Node>
<a1:Node id="ref-11" xmlns:a1="http://schemas.microsoft.com/clr/nsassem/AStar/XMLHelper%2C%20Version%3D1.0.0.0%2C%20Culture%3Dneutral%2C%20PublicKeyToken%3Dnull">
<_IncomingArcs href="#ref-85"/>
<_OutgoingArcs href="#ref-86"/>
<_Passable>true</_Passable>
<_Position href="#ref-87"/>
</a1:Node>
<a1:Node id="ref-12" xmlns:a1="http://schemas.microsoft.com/clr/nsassem/AStar/XMLHelper%2C%20Version%3D1.0.0.0%2C%20Culture%3Dneutral%2C%20PublicKeyToken%3Dnull">
<_IncomingArcs href="#ref-88"/>
<_OutgoingArcs href="#ref-89"/>
<_Passable>true</_Passable>
<_Position href="#ref-90"/>
</a1:Node>
<a1:Node id="ref-13" xmlns:a1="http://schemas.microsoft.com/clr/nsassem/AStar/XMLHelper%2C%20Version%3D1.0.0.0%2C%20Culture%3Dneutral%2C%20PublicKeyToken%3Dnull">
<_IncomingArcs href="#ref-91"/>
<_OutgoingArcs href="#ref-92"/>
<_Passable>true</_Passable>
<_Position href="#ref-93"/>
</a1:Node>
<a1:Node id="ref-14" xmlns:a1="http://schemas.microsoft.com/clr/nsassem/AStar/XMLHelper%2C%20Version%3D1.0.0.0%2C%20Culture%3Dneutral%2C%20PublicKeyToken%3Dnull">
<_IncomingArcs href="#ref-94"/>
<_OutgoingArcs href="#ref-95"/>
<_Passable>true</_Passable>
<_Position href="#ref-96"/>
</a1:Node>
<a1:Node id="ref-15" xmlns:a1="http://schemas.microsoft.com/clr/nsassem/AStar/XMLHelper%2C%20Version%3D1.0.0.0%2C%20Culture%3Dneutral%2C%20PublicKeyToken%3Dnull">
<_IncomingArcs href="#ref-97"/>
<_OutgoingArcs href="#ref-98"/>
<_Passable>true</_Passable>
<_Position href="#ref-99"/>
</a1:Node>
<a1:Node id="ref-16" xmlns:a1="http://schemas.microsoft.com/clr/nsassem/AStar/XMLHelper%2C%20Version%3D1.0.0.0%2C%20Culture%3Dneutral%2C%20PublicKeyToken%3Dnull">
<_IncomingArcs href="#ref-100"/>
<_OutgoingArcs href="#ref-101"/>
<_Passable>true</_Passable>
<_Position href="#ref-102"/>
</a1:Node>
<a1:Node id="ref-17" xmlns:a1="http://schemas.microsoft.com/clr/nsassem/AStar/XMLHelper%2C%20Version%3D1.0.0.0%2C%20Culture%3Dneutral%2C%20PublicKeyToken%3Dnull">
<_IncomingArcs href="#ref-103"/>
<_OutgoingArcs href="#ref-104"/>
<_Passable>true</_Passable>
<_Position href="#ref-105"/>
</a1:Node>
<a1:Node id="ref-18" xmlns:a1="http://schemas.microsoft.com/clr/nsassem/AStar/XMLHelper%2C%20Version%3D1.0.0.0%2C%20Culture%3Dneutral%2C%20PublicKeyToken%3Dnull">
<_IncomingArcs href="#ref-106"/>
<_OutgoingArcs href="#ref-107"/>
<_Passable>true</_Passable>
<_Position href="#ref-108"/>
</a1:Node>
<a1:Node id="ref-19" xmlns:a1="http://schemas.microsoft.com/clr/nsassem/AStar/XMLHelper%2C%20Version%3D1.0.0.0%2C%20Culture%3Dneutral%2C%20PublicKeyToken%3Dnull">
<_IncomingArcs href="#ref-109"/>
<_OutgoingArcs href="#ref-110"/>
<_Passable>true</_Passable>
<_Position href="#ref-111"/>
</a1:Node>
<a1:Node id="ref-20" xmlns:a1="http://schemas.microsoft.com/clr/nsassem/AStar/XMLHelper%2C%20Version%3D1.0.0.0%2C%20Culture%3Dneutral%2C%20PublicKeyToken%3Dnull">
<_IncomingArcs href="#ref-112"/>
<_OutgoingArcs href="#ref-113"/>
<_Passable>true</_Passable>
<_Position href="#ref-114"/>
</a1:Node>
<a1:Node id="ref-21" xmlns:a1="http://schemas.microsoft.com/clr/nsassem/AStar/XMLHelper%2C%20Version%3D1.0.0.0%2C%20Culture%3Dneutral%2C%20PublicKeyToken%3Dnull">
<_IncomingArcs href="#ref-115"/>
<_OutgoingArcs href="#ref-116"/>
<_Passable>true</_Passable>
<_Position href="#ref-117"/>
</a1:Node>
<a1:Node id="ref-22" xmlns:a1="http://schemas.microsoft.com/clr/nsassem/AStar/XMLHelper%2C%20Version%3D1.0.0.0%2C%20Culture%3Dneutral%2C%20PublicKeyToken%3Dnull">
<_IncomingArcs href="#ref-118"/>
<_OutgoingArcs href="#ref-119"/>
<_Passable>true</_Passable>
<_Position href="#ref-120"/>
</a1:Node>
<a1:Node id="ref-23" xmlns:a1="http://schemas.microsoft.com/clr/nsassem/AStar/XMLHelper%2C%20Version%3D1.0.0.0%2C%20Culture%3Dneutral%2C%20PublicKeyToken%3Dnull">
<_IncomingArcs href="#ref-121"/>
<_OutgoingArcs href="#ref-122"/>
<_Passable>true</_Passable>
<_Position href="#ref-123"/>
</a1:Node>
<a1:Node id="ref-24" xmlns:a1="http://schemas.microsoft.com/clr/nsassem/AStar/XMLHelper%2C%20Version%3D1.0.0.0%2C%20Culture%3Dneutral%2C%20PublicKeyToken%3Dnull">
<_IncomingArcs href="#ref-124"/>
<_OutgoingArcs href="#ref-125"/>
<_Passable>true</_Passable>
<_Position href="#ref-126"/>
</a1:Node>
<a1:Node id="ref-25" xmlns:a1="http://schemas.microsoft.com/clr/nsassem/AStar/XMLHelper%2C%20Version%3D1.0.0.0%2C%20Culture%3Dneutral%2C%20PublicKeyToken%3Dnull">
<_IncomingArcs href="#ref-127"/>
<_OutgoingArcs href="#ref-128"/>
<_Passable>true</_Passable>
<_Position href="#ref-129"/>
</a1:Node>
<a1:Node id="ref-26" xmlns:a1="http://schemas.microsoft.com/clr/nsassem/AStar/XMLHelper%2C%20Version%3D1.0.0.0%2C%20Culture%3Dneutral%2C%20PublicKeyToken%3Dnull">
<_IncomingArcs href="#ref-130"/>
<_OutgoingArcs href="#ref-131"/>
<_Passable>true</_Passable>
<_Position href="#ref-132"/>
</a1:Node>
<a1:Node id="ref-27" xmlns:a1="http://schemas.microsoft.com/clr/nsassem/AStar/XMLHelper%2C%20Version%3D1.0.0.0%2C%20Culture%3Dneutral%2C%20PublicKeyToken%3Dnull">
<_IncomingArcs href="#ref-133"/>
<_OutgoingArcs href="#ref-134"/>
<_Passable>true</_Passable>
<_Position href="#ref-135"/>
</a1:Node>
<a1:Node id="ref-28" xmlns:a1="http://schemas.microsoft.com/clr/nsassem/AStar/XMLHelper%2C%20Version%3D1.0.0.0%2C%20Culture%3Dneutral%2C%20PublicKeyToken%3Dnull">
<_IncomingArcs href="#ref-136"/>
<_OutgoingArcs href="#ref-137"/>
<_Passable>true</_Passable>
<_Position href="#ref-138"/>
</a1:Node>
<a1:Arc id="ref-29" xmlns:a1="http://schemas.microsoft.com/clr/nsassem/AStar/XMLHelper%2C%20Version%3D1.0.0.0%2C%20Culture%3Dneutral%2C%20PublicKeyToken%3Dnull">
<_EndNode href="#ref-7"/>
<_Length>3.0413182376931234</_Length>
<_LengthUpdated>true</_LengthUpdated>
<_Passable>true</_Passable>
<_StartNode href="#ref-8"/>
<_Weight>1</_Weight>
</a1:Arc>
<a1:Arc id="ref-30" xmlns:a1="http://schemas.microsoft.com/clr/nsassem/AStar/XMLHelper%2C%20Version%3D1.0.0.0%2C%20Culture%3Dneutral%2C%20PublicKeyToken%3Dnull">
<_EndNode href="#ref-8"/>
<_Length>3.0413182376931234</_Length>
<_LengthUpdated>true</_LengthUpdated>
<_Passable>true</_Passable>
<_StartNode href="#ref-7"/>
<_Weight>1</_Weight>
</a1:Arc>
<a1:Arc id="ref-31" xmlns:a1="http://schemas.microsoft.com/clr/nsassem/AStar/XMLHelper%2C%20Version%3D1.0.0.0%2C%20Culture%3Dneutral%2C%20PublicKeyToken%3Dnull">
<_EndNode href="#ref-9"/>
<_Length>3.0056109409396119</_Length>
<_LengthUpdated>true</_LengthUpdated>
<_Passable>true</_Passable>
<_StartNode href="#ref-10"/>
<_Weight>1</_Weight>
</a1:Arc>
<a1:Arc id="ref-32" xmlns:a1="http://schemas.microsoft.com/clr/nsassem/AStar/XMLHelper%2C%20Version%3D1.0.0.0%2C%20Culture%3Dneutral%2C%20PublicKeyToken%3Dnull">
<_EndNode href="#ref-10"/>
<_Length>3.0056109409396119</_Length>
<_LengthUpdated>true</_LengthUpdated>
<_Passable>true</_Passable>
<_StartNode href="#ref-9"/>
<_Weight>1</_Weight>
</a1:Arc>
<a1:Arc id="ref-33" xmlns:a1="http://schemas.microsoft.com/clr/nsassem/AStar/XMLHelper%2C%20Version%3D1.0.0.0%2C%20Culture%3Dneutral%2C%20PublicKeyToken%3Dnull">
<_EndNode href="#ref-8"/>
<_Length>3.1634676150356582</_Length>
<_LengthUpdated>true</_LengthUpdated>
<_Passable>true</_Passable>
<_StartNode href="#ref-11"/>
<_Weight>1</_Weight>
</a1:Arc>
<a1:Arc id="ref-34" xmlns:a1="http://schemas.microsoft.com/clr/nsassem/AStar/XMLHelper%2C%20Version%3D1.0.0.0%2C%20Culture%3Dneutral%2C%20PublicKeyToken%3Dnull">
<_EndNode href="#ref-11"/>
<_Length>3.1634676150356582</_Length>
<_LengthUpdated>true</_LengthUpdated>
<_Passable>true</_Passable>
<_StartNode href="#ref-8"/>
<_Weight>1</_Weight>
</a1:Arc>
<a1:Arc id="ref-35" xmlns:a1="http://schemas.microsoft.com/clr/nsassem/AStar/XMLHelper%2C%20Version%3D1.0.0.0%2C%20Culture%3Dneutral%2C%20PublicKeyToken%3Dnull">
<_EndNode href="#ref-11"/>
<_Length>3.0520176451886658</_Length>
<_LengthUpdated>true</_LengthUpdated>
<_Passable>true</_Passable>
<_StartNode href="#ref-12"/>
<_Weight>1</_Weight>
</a1:Arc>
<a1:Arc id="ref-36" xmlns:a1="http://schemas.microsoft.com/clr/nsassem/AStar/XMLHelper%2C%20Version%3D1.0.0.0%2C%20Culture%3Dneutral%2C%20PublicKeyToken%3Dnull">
<_EndNode href="#ref-12"/>
<_Length>3.0520176451886658</_Length>
<_LengthUpdated>true</_LengthUpdated>
<_Passable>true</_Passable>
<_StartNode href="#ref-11"/>
<_Weight>1</_Weight>
</a1:Arc>
<a1:Arc id="ref-37" xmlns:a1="http://schemas.microsoft.com/clr/nsassem/AStar/XMLHelper%2C%20Version%3D1.0.0.0%2C%20Culture%3Dneutral%2C%20PublicKeyToken%3Dnull">
<_EndNode href="#ref-12"/>
<_Length>3.109564693932962</_Length>
<_LengthUpdated>true</_LengthUpdated>
<_Passable>true</_Passable>
<_StartNode href="#ref-13"/>
<_Weight>1</_Weight>
</a1:Arc>
<a1:Arc id="ref-38" xmlns:a1="http://schemas.microsoft.com/clr/nsassem/AStar/XMLHelper%2C%20Version%3D1.0.0.0%2C%20Culture%3Dneutral%2C%20PublicKeyToken%3Dnull">
<_EndNode href="#ref-13"/>
<_Length>3.109564693932962</_Length>
<_LengthUpdated>true</_LengthUpdated>
<_Passable>true</_Passable>
<_StartNode href="#ref-12"/>
<_Weight>1</_Weight>
</a1:Arc>
<a1:Arc id="ref-39" xmlns:a1="http://schemas.microsoft.com/clr/nsassem/AStar/XMLHelper%2C%20Version%3D1.0.0.0%2C%20Culture%3Dneutral%2C%20PublicKeyToken%3Dnull">
<_EndNode href="#ref-13"/>
<_Length>3.1338803571346614</_Length>
<_LengthUpdated>true</_LengthUpdated>
<_Passable>true</_Passable>
<_StartNode href="#ref-14"/>
<_Weight>1</_Weight>
</a1:Arc>
<a1:Arc id="ref-40" xmlns:a1="http://schemas.microsoft.com/clr/nsassem/AStar/XMLHelper%2C%20Version%3D1.0.0.0%2C%20Culture%3Dneutral%2C%20PublicKeyToken%3Dnull">
<_EndNode href="#ref-14"/>
<_Length>3.1338803571346614</_Length>
<_LengthUpdated>true</_LengthUpdated>
<_Passable>true</_Passable>
<_StartNode href="#ref-13"/>
<_Weight>1</_Weight>
</a1:Arc>
<a1:Arc id="ref-41" xmlns:a1="http://schemas.microsoft.com/clr/nsassem/AStar/XMLHelper%2C%20Version%3D1.0.0.0%2C%20Culture%3Dneutral%2C%20PublicKeyToken%3Dnull">
<_EndNode href="#ref-14"/>
<_Length>3.0065043193126963</_Length>
<_LengthUpdated>true</_LengthUpdated>
<_Passable>true</_Passable>
<_StartNode href="#ref-15"/>
<_Weight>1</_Weight>
</a1:Arc>
<a1:Arc id="ref-42" xmlns:a1="http://schemas.microsoft.com/clr/nsassem/AStar/XMLHelper%2C%20Version%3D1.0.0.0%2C%20Culture%3Dneutral%2C%20PublicKeyToken%3Dnull">
<_EndNode href="#ref-15"/>
<_Length>3.0065043193126963</_Length>
<_LengthUpdated>true</_LengthUpdated>
<_Passable>true</_Passable>
<_StartNode href="#ref-14"/>
<_Weight>1</_Weight>
</a1:Arc>
<a1:Arc id="ref-43" xmlns:a1="http://schemas.microsoft.com/clr/nsassem/AStar/XMLHelper%2C%20Version%3D1.0.0.0%2C%20Culture%3Dneutral%2C%20PublicKeyToken%3Dnull">
<_EndNode href="#ref-15"/>
<_Length>3.0702576765839309</_Length>
<_LengthUpdated>true</_LengthUpdated>
<_Passable>true</_Passable>
<_StartNode href="#ref-16"/>
<_Weight>1</_Weight>
</a1:Arc>
<a1:Arc id="ref-44" xmlns:a1="http://schemas.microsoft.com/clr/nsassem/AStar/XMLHelper%2C%20Version%3D1.0.0.0%2C%20Culture%3Dneutral%2C%20PublicKeyToken%3Dnull">
<_EndNode href="#ref-16"/>
<_Length>3.0702576765839309</_Length>
<_LengthUpdated>true</_LengthUpdated>
<_Passable>true</_Passable>
<_StartNode href="#ref-15"/>
<_Weight>1</_Weight>
</a1:Arc>
<a1:Arc id="ref-45" xmlns:a1="http://schemas.microsoft.com/clr/nsassem/AStar/XMLHelper%2C%20Version%3D1.0.0.0%2C%20Culture%3Dneutral%2C%20PublicKeyToken%3Dnull">
<_EndNode href="#ref-16"/>
<_Length>3.1119515177031851</_Length>
<_LengthUpdated>true</_LengthUpdated>
<_Passable>true</_Passable>
<_StartNode href="#ref-17"/>
<_Weight>1</_Weight>
</a1:Arc>
<a1:Arc id="ref-46" xmlns:a1="http://schemas.microsoft.com/clr/nsassem/AStar/XMLHelper%2C%20Version%3D1.0.0.0%2C%20Culture%3Dneutral%2C%20PublicKeyToken%3Dnull">
<_EndNode href="#ref-17"/>
<_Length>3.1119515177031851</_Length>
<_LengthUpdated>true</_LengthUpdated>
<_Passable>true</_Passable>
<_StartNode href="#ref-16"/>
<_Weight>1</_Weight>
</a1:Arc>
<a1:Arc id="ref-47" xmlns:a1="http://schemas.microsoft.com/clr/nsassem/AStar/XMLHelper%2C%20Version%3D1.0.0.0%2C%20Culture%3Dneutral%2C%20PublicKeyToken%3Dnull">
<_EndNode href="#ref-17"/>
<_Length>3.0549914118619537</_Length>
<_LengthUpdated>true</_LengthUpdated>
<_Passable>true</_Passable>
<_StartNode href="#ref-18"/>
<_Weight>1</_Weight>
</a1:Arc>
<a1:Arc id="ref-48" xmlns:a1="http://schemas.microsoft.com/clr/nsassem/AStar/XMLHelper%2C%20Version%3D1.0.0.0%2C%20Culture%3Dneutral%2C%20PublicKeyToken%3Dnull">
<_EndNode href="#ref-18"/>
<_Length>3.0549914118619537</_Length>
<_LengthUpdated>true</_LengthUpdated>
<_Passable>true</_Passable>
<_StartNode href="#ref-17"/>
<_Weight>1</_Weight>
</a1:Arc>
<a1:Arc id="ref-49" xmlns:a1="http://schemas.microsoft.com/clr/nsassem/AStar/XMLHelper%2C%20Version%3D1.0.0.0%2C%20Culture%3Dneutral%2C%20PublicKeyToken%3Dnull">
<_EndNode href="#ref-18"/>
<_Length>3.0048188607815276</_Length>
<_LengthUpdated>true</_LengthUpdated>
<_Passable>true</_Passable>
<_StartNode href="#ref-19"/>
<_Weight>1</_Weight>
</a1:Arc>
<a1:Arc id="ref-50" xmlns:a1="http://schemas.microsoft.com/clr/nsassem/AStar/XMLHelper%2C%20Version%3D1.0.0.0%2C%20Culture%3Dneutral%2C%20PublicKeyToken%3Dnull">
<_EndNode href="#ref-19"/>
<_Length>3.0048188607815276</_Length>
<_LengthUpdated>true</_LengthUpdated>
<_Passable>true</_Passable>
<_StartNode href="#ref-18"/>
<_Weight>1</_Weight>
</a1:Arc>
<a1:Arc id="ref-51" xmlns:a1="http://schemas.microsoft.com/clr/nsassem/AStar/XMLHelper%2C%20Version%3D1.0.0.0%2C%20Culture%3Dneutral%2C%20PublicKeyToken%3Dnull">
<_EndNode href="#ref-19"/>
<_Length>5.7953329580135673</_Length>
<_LengthUpdated>true</_LengthUpdated>
<_Passable>true</_Passable>
<_StartNode href="#ref-9"/>
<_Weight>1</_Weight>
</a1:Arc>
<a1:Arc id="ref-52" xmlns:a1="http://schemas.microsoft.com/clr/nsassem/AStar/XMLHelper%2C%20Version%3D1.0.0.0%2C%20Culture%3Dneutral%2C%20PublicKeyToken%3Dnull">
<_EndNode href="#ref-9"/>
<_Length>5.7953329580135673</_Length>
<_LengthUpdated>true</_LengthUpdated>
<_Passable>true</_Passable>
<_StartNode href="#ref-19"/>
<_Weight>1</_Weight>
</a1:Arc>
<a1:Arc id="ref-53" xmlns:a1="http://schemas.microsoft.com/clr/nsassem/AStar/XMLHelper%2C%20Version%3D1.0.0.0%2C%20Culture%3Dneutral%2C%20PublicKeyToken%3Dnull">
<_EndNode href="#ref-10"/>
<_Length>4.7418928730422811</_Length>
<_LengthUpdated>true</_LengthUpdated>
<_Passable>true</_Passable>
<_StartNode href="#ref-20"/>
<_Weight>1</_Weight>
</a1:Arc>
<a1:Arc id="ref-54" xmlns:a1="http://schemas.microsoft.com/clr/nsassem/AStar/XMLHelper%2C%20Version%3D1.0.0.0%2C%20Culture%3Dneutral%2C%20PublicKeyToken%3Dnull">
<_EndNode href="#ref-20"/>
<_Length>4.7418928730422811</_Length>
<_LengthUpdated>true</_LengthUpdated>
<_Passable>true</_Passable>
<_StartNode href="#ref-10"/>
<_Weight>1</_Weight>
</a1:Arc>
<a1:Arc id="ref-55" xmlns:a1="http://schemas.microsoft.com/clr/nsassem/AStar/XMLHelper%2C%20Version%3D1.0.0.0%2C%20Culture%3Dneutral%2C%20PublicKeyToken%3Dnull">
<_EndNode href="#ref-20"/>
<_Length>3.0788265145350433</_Length>
<_LengthUpdated>true</_LengthUpdated>
<_Passable>true</_Passable>
<_StartNode href="#ref-21"/>
<_Weight>1</_Weight>
</a1:Arc>
<a1:Arc id="ref-56" xmlns:a1="http://schemas.microsoft.com/clr/nsassem/AStar/XMLHelper%2C%20Version%3D1.0.0.0%2C%20Culture%3Dneutral%2C%20PublicKeyToken%3Dnull">
<_EndNode href="#ref-21"/>
<_Length>3.0788265145350433</_Length>
<_LengthUpdated>true</_LengthUpdated>
<_Passable>true</_Passable>
<_StartNode href="#ref-20"/>
<_Weight>1</_Weight>
</a1:Arc>
<a1:Arc id="ref-57" xmlns:a1="http://schemas.microsoft.com/clr/nsassem/AStar/XMLHelper%2C%20Version%3D1.0.0.0%2C%20Culture%3Dneutral%2C%20PublicKeyToken%3Dnull">
<_EndNode href="#ref-21"/>
<_Length>3.013940212049111</_Length>
<_LengthUpdated>true</_LengthUpdated>
<_Passable>true</_Passable>
<_StartNode href="#ref-22"/>
<_Weight>1</_Weight>
</a1:Arc>
<a1:Arc id="ref-58" xmlns:a1="http://schemas.microsoft.com/clr/nsassem/AStar/XMLHelper%2C%20Version%3D1.0.0.0%2C%20Culture%3Dneutral%2C%20PublicKeyToken%3Dnull">
<_EndNode href="#ref-22"/>
<_Length>3.013940212049111</_Length>
<_LengthUpdated>true</_LengthUpdated>
<_Passable>true</_Passable>
<_StartNode href="#ref-21"/>
<_Weight>1</_Weight>
</a1:Arc>
<a1:Arc id="ref-59" xmlns:a1="http://schemas.microsoft.com/clr/nsassem/AStar/XMLHelper%2C%20Version%3D1.0.0.0%2C%20Culture%3Dneutral%2C%20PublicKeyToken%3Dnull">
<_EndNode href="#ref-22"/>
<_Length>3.0968184234039584</_Length>
<_LengthUpdated>true</_LengthUpdated>
<_Passable>true</_Passable>
<_StartNode href="#ref-23"/>
<_Weight>1</_Weight>
</a1:Arc>
<a1:Arc id="ref-60" xmlns:a1="http://schemas.microsoft.com/clr/nsassem/AStar/XMLHelper%2C%20Version%3D1.0.0.0%2C%20Culture%3Dneutral%2C%20PublicKeyToken%3Dnull">
<_EndNode href="#ref-23"/>
<_Length>3.0968184234039584</_Length>
<_LengthUpdated>true</_LengthUpdated>
<_Passable>true</_Passable>
<_StartNode href="#ref-22"/>
<_Weight>1</_Weight>
</a1:Arc>
<a1:Arc id="ref-61" xmlns:a1="http://schemas.microsoft.com/clr/nsassem/AStar/XMLHelper%2C%20Version%3D1.0.0.0%2C%20Culture%3Dneutral%2C%20PublicKeyToken%3Dnull">
<_EndNode href="#ref-23"/>
<_Length>3.084079617750334</_Length>
<_LengthUpdated>true</_LengthUpdated>
<_Passable>true</_Passable>
<_StartNode href="#ref-24"/>
<_Weight>1</_Weight>
</a1:Arc>
<a1:Arc id="ref-62" xmlns:a1="http://schemas.microsoft.com/clr/nsassem/AStar/XMLHelper%2C%20Version%3D1.0.0.0%2C%20Culture%3Dneutral%2C%20PublicKeyToken%3Dnull">
<_EndNode href="#ref-24"/>
<_Length>3.084079617750334</_Length>
<_LengthUpdated>true</_LengthUpdated>
<_Passable>true</_Passable>
<_StartNode href="#ref-23"/>
<_Weight>1</_Weight>
</a1:Arc>
<a1:Arc id="ref-63" xmlns:a1="http://schemas.microsoft.com/clr/nsassem/AStar/XMLHelper%2C%20Version%3D1.0.0.0%2C%20Culture%3Dneutral%2C%20PublicKeyToken%3Dnull">
<_EndNode href="#ref-24"/>
<_Length>3.0624792915734007</_Length>
<_LengthUpdated>true</_LengthUpdated>
<_Passable>true</_Passable>
<_StartNode href="#ref-25"/>
<_Weight>1</_Weight>
</a1:Arc>
<a1:Arc id="ref-64" xmlns:a1="http://schemas.microsoft.com/clr/nsassem/AStar/XMLHelper%2C%20Version%3D1.0.0.0%2C%20Culture%3Dneutral%2C%20PublicKeyToken%3Dnull">
<_EndNode href="#ref-25"/>
<_Length>3.0624792915734007</_Length>
<_LengthUpdated>true</_LengthUpdated>
<_Passable>true</_Passable>
<_StartNode href="#ref-24"/>
<_Weight>1</_Weight>
</a1:Arc>
<a1:Arc id="ref-65" xmlns:a1="http://schemas.microsoft.com/clr/nsassem/AStar/XMLHelper%2C%20Version%3D1.0.0.0%2C%20Culture%3Dneutral%2C%20PublicKeyToken%3Dnull">
<_EndNode href="#ref-25"/>
<_Length>3.047529727330784</_Length>
<_LengthUpdated>true</_LengthUpdated>
<_Passable>true</_Passable>
<_StartNode href="#ref-26"/>
<_Weight>1</_Weight>
</a1:Arc>
<a1:Arc id="ref-66" xmlns:a1="http://schemas.microsoft.com/clr/nsassem/AStar/XMLHelper%2C%20Version%3D1.0.0.0%2C%20Culture%3Dneutral%2C%20PublicKeyToken%3Dnull">
<_EndNode href="#ref-26"/>
<_Length>3.047529727330784</_Length>
<_LengthUpdated>true</_LengthUpdated>
<_Passable>true</_Passable>
<_StartNode href="#ref-25"/>
<_Weight>1</_Weight>
</a1:Arc>
<a1:Arc id="ref-67" xmlns:a1="http://schemas.microsoft.com/clr/nsassem/AStar/XMLHelper%2C%20Version%3D1.0.0.0%2C%20Culture%3Dneutral%2C%20PublicKeyToken%3Dnull">
<_EndNode href="#ref-26"/>
<_Length>3.05599190649988</_Length>
<_LengthUpdated>true</_LengthUpdated>
<_Passable>true</_Passable>
<_StartNode href="#ref-27"/>
<_Weight>1</_Weight>
</a1:Arc>
<a1:Arc id="ref-68" xmlns:a1="http://schemas.microsoft.com/clr/nsassem/AStar/XMLHelper%2C%20Version%3D1.0.0.0%2C%20Culture%3Dneutral%2C%20PublicKeyToken%3Dnull">
<_EndNode href="#ref-27"/>
<_Length>3.05599190649988</_Length>
<_LengthUpdated>true</_LengthUpdated>
<_Passable>true</_Passable>
<_StartNode href="#ref-26"/>
<_Weight>1</_Weight>
</a1:Arc>
<a1:Arc id="ref-69" xmlns:a1="http://schemas.microsoft.com/clr/nsassem/AStar/XMLHelper%2C%20Version%3D1.0.0.0%2C%20Culture%3Dneutral%2C%20PublicKeyToken%3Dnull">
<_EndNode href="#ref-26"/>
<_Length>4.0916954883769749</_Length>
<_LengthUpdated>true</_LengthUpdated>
<_Passable>true</_Passable>
<_StartNode href="#ref-28"/>
<_Weight>1</_Weight>
</a1:Arc>
<a1:Arc id="ref-70" xmlns:a1="http://schemas.microsoft.com/clr/nsassem/AStar/XMLHelper%2C%20Version%3D1.0.0.0%2C%20Culture%3Dneutral%2C%20PublicKeyToken%3Dnull">
<_EndNode href="#ref-28"/>
<_Length>4.0916954883769749</_Length>
<_LengthUpdated>true</_LengthUpdated>
<_Passable>true</_Passable>
<_StartNode href="#ref-26"/>
<_Weight>1</_Weight>
</a1:Arc>
<a1:Arc id="ref-71" xmlns:a1="http://schemas.microsoft.com/clr/nsassem/AStar/XMLHelper%2C%20Version%3D1.0.0.0%2C%20Culture%3Dneutral%2C%20PublicKeyToken%3Dnull">
<_EndNode href="#ref-27"/>
<_Length>3.0713145244373816</_Length>
<_LengthUpdated>true</_LengthUpdated>
<_Passable>true</_Passable>
<_StartNode href="#ref-28"/>
<_Weight>1</_Weight>
</a1:Arc>
<a1:Arc id="ref-72" xmlns:a1="http://schemas.microsoft.com/clr/nsassem/AStar/XMLHelper%2C%20Version%3D1.0.0.0%2C%20Culture%3Dneutral%2C%20PublicKeyToken%3Dnull">
<_EndNode href="#ref-28"/>
<_Length>3.0713145244373816</_Length>
<_LengthUpdated>true</_LengthUpdated>
<_Passable>true</_Passable>
<_StartNode href="#ref-27"/>
<_Weight>1</_Weight>
</a1:Arc>
<a2:ArrayList id="ref-73" xmlns:a2="http://schemas.microsoft.com/clr/ns/System.Collections">
<_items href="#ref-139"/>
<_size>1</_size>
<_version>1</_version>
</a2:ArrayList>
<a2:ArrayList id="ref-74" xmlns:a2="http://schemas.microsoft.com/clr/ns/System.Collections">
<_items href="#ref-140"/>
<_size>1</_size>
<_version>1</_version>
</a2:ArrayList>
<a4:Point3D id="ref-75" xmlns:a4="http://schemas.microsoft.com/clr/nsassem/Helpers/XMLHelper%2C%20Version%3D1.0.0.0%2C%20Culture%3Dneutral%2C%20PublicKeyToken%3Dnull">
<_Coordinates href="#ref-141"/>
</a4:Point3D>
<a2:ArrayList id="ref-76" xmlns:a2="http://schemas.microsoft.com/clr/ns/System.Collections">
<_items href="#ref-142"/>
<_size>2</_size>
<_version>4</_version>
</a2:ArrayList>
<a2:ArrayList id="ref-77" xmlns:a2="http://schemas.microsoft.com/clr/ns/System.Collections">
<_items href="#ref-143"/>
<_size>2</_size>
<_version>4</_version>
</a2:ArrayList>
<a4:Point3D id="ref-78" xmlns:a4="http://schemas.microsoft.com/clr/nsassem/Helpers/XMLHelper%2C%20Version%3D1.0.0.0%2C%20Culture%3Dneutral%2C%20PublicKeyToken%3Dnull">
<_Coordinates href="#ref-144"/>
</a4:Point3D>
<a2:ArrayList id="ref-79" xmlns:a2="http://schemas.microsoft.com/clr/ns/System.Collections">
<_items href="#ref-145"/>
<_size>3</_size>
<_version>5</_version>
</a2:ArrayList>
<a2:ArrayList id="ref-80" xmlns:a2="http://schemas.microsoft.com/clr/ns/System.Collections">
<_items href="#ref-146"/>
<_size>3</_size>
<_version>5</_version>
</a2:ArrayList>
<a4:Point3D id="ref-81" xmlns:a4="http://schemas.microsoft.com/clr/nsassem/Helpers/XMLHelper%2C%20Version%3D1.0.0.0%2C%20Culture%3Dneutral%2C%20PublicKeyToken%3Dnull">
<_Coordinates href="#ref-147"/>
</a4:Point3D>
<a2:ArrayList id="ref-82" xmlns:a2="http://schemas.microsoft.com/clr/ns/System.Collections">
<_items href="#ref-148"/>
<_size>2</_size>
<_version>2</_version>
</a2:ArrayList>
<a2:ArrayList id="ref-83" xmlns:a2="http://schemas.microsoft.com/clr/ns/System.Collections">
<_items href="#ref-149"/>
<_size>2</_size>
<_version>2</_version>
</a2:ArrayList>
<a4:Point3D id="ref-84" xmlns:a4="http://schemas.microsoft.com/clr/nsassem/Helpers/XMLHelper%2C%20Version%3D1.0.0.0%2C%20Culture%3Dneutral%2C%20PublicKeyToken%3Dnull">
<_Coordinates href="#ref-150"/>
</a4:Point3D>
<a2:ArrayList id="ref-85" xmlns:a2="http://schemas.microsoft.com/clr/ns/System.Collections">
<_items href="#ref-151"/>
<_size>2</_size>
<_version>2</_version>
</a2:ArrayList>
<a2:ArrayList id="ref-86" xmlns:a2="http://schemas.microsoft.com/clr/ns/System.Collections">
<_items href="#ref-152"/>
<_size>2</_size>
<_version>2</_version>
</a2:ArrayList>
<a4:Point3D id="ref-87" xmlns:a4="http://schemas.microsoft.com/clr/nsassem/Helpers/XMLHelper%2C%20Version%3D1.0.0.0%2C%20Culture%3Dneutral%2C%20PublicKeyToken%3Dnull">
<_Coordinates href="#ref-153"/>
</a4:Point3D>
<a2:ArrayList id="ref-88" xmlns:a2="http://schemas.microsoft.com/clr/ns/System.Collections">
<_items href="#ref-154"/>
<_size>2</_size>
<_version>2</_version>
</a2:ArrayList>
<a2:ArrayList id="ref-89" xmlns:a2="http://schemas.microsoft.com/clr/ns/System.Collections">
<_items href="#ref-155"/>
<_size>2</_size>
<_version>2</_version>
</a2:ArrayList>
<a4:Point3D id="ref-90" xmlns:a4="http://schemas.microsoft.com/clr/nsassem/Helpers/XMLHelper%2C%20Version%3D1.0.0.0%2C%20Culture%3Dneutral%2C%20PublicKeyToken%3Dnull">
<_Coordinates href="#ref-156"/>
</a4:Point3D>
<a2:ArrayList id="ref-91" xmlns:a2="http://schemas.microsoft.com/clr/ns/System.Collections">
<_items href="#ref-157"/>
<_size>2</_size>
<_version>2</_version>
</a2:ArrayList>
<a2:ArrayList id="ref-92" xmlns:a2="http://schemas.microsoft.com/clr/ns/System.Collections">
<_items href="#ref-158"/>
<_size>2</_size>
<_version>2</_version>
</a2:ArrayList>
<a4:Point3D id="ref-93" xmlns:a4="http://schemas.microsoft.com/clr/nsassem/Helpers/XMLHelper%2C%20Version%3D1.0.0.0%2C%20Culture%3Dneutral%2C%20PublicKeyToken%3Dnull">
<_Coordinates href="#ref-159"/>
</a4:Point3D>
<a2:ArrayList id="ref-94" xmlns:a2="http://schemas.microsoft.com/clr/ns/System.Collections">
<_items href="#ref-160"/>
<_size>2</_size>
<_version>2</_version>
</a2:ArrayList>
<a2:ArrayList id="ref-95" xmlns:a2="http://schemas.microsoft.com/clr/ns/System.Collections">
<_items href="#ref-161"/>
<_size>2</_size>
<_version>2</_version>
</a2:ArrayList>
<a4:Point3D id="ref-96" xmlns:a4="http://schemas.microsoft.com/clr/nsassem/Helpers/XMLHelper%2C%20Version%3D1.0.0.0%2C%20Culture%3Dneutral%2C%20PublicKeyToken%3Dnull">
<_Coordinates href="#ref-162"/>
</a4:Point3D>
<a2:ArrayList id="ref-97" xmlns:a2="http://schemas.microsoft.com/clr/ns/System.Collections">
<_items href="#ref-163"/>
<_size>2</_size>
<_version>2</_version>
</a2:ArrayList>
<a2:ArrayList id="ref-98" xmlns:a2="http://schemas.microsoft.com/clr/ns/System.Collections">
<_items href="#ref-164"/>
<_size>2</_size>
<_version>2</_version>
</a2:ArrayList>
<a4:Point3D id="ref-99" xmlns:a4="http://schemas.microsoft.com/clr/nsassem/Helpers/XMLHelper%2C%20Version%3D1.0.0.0%2C%20Culture%3Dneutral%2C%20PublicKeyToken%3Dnull">
<_Coordinates href="#ref-165"/>
</a4:Point3D>
<a2:ArrayList id="ref-100" xmlns:a2="http://schemas.microsoft.com/clr/ns/System.Collections">
<_items href="#ref-166"/>
<_size>2</_size>
<_version>2</_version>
</a2:ArrayList>
<a2:ArrayList id="ref-101" xmlns:a2="http://schemas.microsoft.com/clr/ns/System.Collections">
<_items href="#ref-167"/>
<_size>2</_size>
<_version>2</_version>
</a2:ArrayList>
<a4:Point3D id="ref-102" xmlns:a4="http://schemas.microsoft.com/clr/nsassem/Helpers/XMLHelper%2C%20Version%3D1.0.0.0%2C%20Culture%3Dneutral%2C%20PublicKeyToken%3Dnull">
<_Coordinates href="#ref-168"/>
</a4:Point3D>
<a2:ArrayList id="ref-103" xmlns:a2="http://schemas.microsoft.com/clr/ns/System.Collections">
<_items href="#ref-169"/>
<_size>2</_size>
<_version>2</_version>
</a2:ArrayList>
<a2:ArrayList id="ref-104" xmlns:a2="http://schemas.microsoft.com/clr/ns/System.Collections">
<_items href="#ref-170"/>
<_size>2</_size>
<_version>2</_version>
</a2:ArrayList>
<a4:Point3D id="ref-105" xmlns:a4="http://schemas.microsoft.com/clr/nsassem/Helpers/XMLHelper%2C%20Version%3D1.0.0.0%2C%20Culture%3Dneutral%2C%20PublicKeyToken%3Dnull">
<_Coordinates href="#ref-171"/>
</a4:Point3D>
<a2:ArrayList id="ref-106" xmlns:a2="http://schemas.microsoft.com/clr/ns/System.Collections">
<_items href="#ref-172"/>
<_size>3</_size>
<_version>3</_version>
</a2:ArrayList>
<a2:ArrayList id="ref-107" xmlns:a2="http://schemas.microsoft.com/clr/ns/System.Collections">
<_items href="#ref-173"/>
<_size>3</_size>
<_version>3</_version>
</a2:ArrayList>
<a4:Point3D id="ref-108" xmlns:a4="http://schemas.microsoft.com/clr/nsassem/Helpers/XMLHelper%2C%20Version%3D1.0.0.0%2C%20Culture%3Dneutral%2C%20PublicKeyToken%3Dnull">
<_Coordinates href="#ref-174"/>
</a4:Point3D>
<a2:ArrayList id="ref-109" xmlns:a2="http://schemas.microsoft.com/clr/ns/System.Collections">
<_items href="#ref-175"/>
<_size>4</_size>
<_version>4</_version>
</a2:ArrayList>
<a2:ArrayList id="ref-110" xmlns:a2="http://schemas.microsoft.com/clr/ns/System.Collections">
<_items href="#ref-176"/>
<_size>4</_size>
<_version>4</_version>
</a2:ArrayList>
<a4:Point3D id="ref-111" xmlns:a4="http://schemas.microsoft.com/clr/nsassem/Helpers/XMLHelper%2C%20Version%3D1.0.0.0%2C%20Culture%3Dneutral%2C%20PublicKeyToken%3Dnull">
<_Coordinates href="#ref-177"/>
</a4:Point3D>
<a2:ArrayList id="ref-112" xmlns:a2="http://schemas.microsoft.com/clr/ns/System.Collections">
<_items href="#ref-178"/>
<_size>2</_size>
<_version>2</_version>
</a2:ArrayList>
<a2:ArrayList id="ref-113" xmlns:a2="http://schemas.microsoft.com/clr/ns/System.Collections">
<_items href="#ref-179"/>
<_size>2</_size>
<_version>2</_version>
</a2:ArrayList>
<a4:Point3D id="ref-114" xmlns:a4="http://schemas.microsoft.com/clr/nsassem/Helpers/XMLHelper%2C%20Version%3D1.0.0.0%2C%20Culture%3Dneutral%2C%20PublicKeyToken%3Dnull">
<_Coordinates href="#ref-180"/>
</a4:Point3D>
<a2:ArrayList id="ref-115" xmlns:a2="http://schemas.microsoft.com/clr/ns/System.Collections">
<_items href="#ref-181"/>
<_size>2</_size>
<_version>2</_version>
</a2:ArrayList>
<a2:ArrayList id="ref-116" xmlns:a2="http://schemas.microsoft.com/clr/ns/System.Collections">
<_items href="#ref-182"/>
<_size>2</_size>
<_version>2</_version>
</a2:ArrayList>
<a4:Point3D id="ref-117" xmlns:a4="http://schemas.microsoft.com/clr/nsassem/Helpers/XMLHelper%2C%20Version%3D1.0.0.0%2C%20Culture%3Dneutral%2C%20PublicKeyToken%3Dnull">
<_Coordinates href="#ref-183"/>
</a4:Point3D>
<a2:ArrayList id="ref-118" xmlns:a2="http://schemas.microsoft.com/clr/ns/System.Collections">
<_items href="#ref-184"/>
<_size>2</_size>
<_version>2</_version>
</a2:ArrayList>
<a2:ArrayList id="ref-119" xmlns:a2="http://schemas.microsoft.com/clr/ns/System.Collections">
<_items href="#ref-185"/>
<_size>2</_size>
<_version>2</_version>
</a2:ArrayList>
<a4:Point3D id="ref-120" xmlns:a4="http://schemas.microsoft.com/clr/nsassem/Helpers/XMLHelper%2C%20Version%3D1.0.0.0%2C%20Culture%3Dneutral%2C%20PublicKeyToken%3Dnull">
<_Coordinates href="#ref-186"/>
</a4:Point3D>
<a2:ArrayList id="ref-121" xmlns:a2="http://schemas.microsoft.com/clr/ns/System.Collections">
<_items href="#ref-187"/>
<_size>2</_size>
<_version>2</_version>
</a2:ArrayList>
<a2:ArrayList id="ref-122" xmlns:a2="http://schemas.microsoft.com/clr/ns/System.Collections">
<_items href="#ref-188"/>
<_size>2</_size>
<_version>2</_version>
</a2:ArrayList>
<a4:Point3D id="ref-123" xmlns:a4="http://schemas.microsoft.com/clr/nsassem/Helpers/XMLHelper%2C%20Version%3D1.0.0.0%2C%20Culture%3Dneutral%2C%20PublicKeyToken%3Dnull">
<_Coordinates href="#ref-189"/>
</a4:Point3D>
<a2:ArrayList id="ref-124" xmlns:a2="http://schemas.microsoft.com/clr/ns/System.Collections">
<_items href="#ref-190"/>
<_size>2</_size>
<_version>2</_version>
</a2:ArrayList>
<a2:ArrayList id="ref-125" xmlns:a2="http://schemas.microsoft.com/clr/ns/System.Collections">
<_items href="#ref-191"/>
<_size>2</_size>
<_version>2</_version>
</a2:ArrayList>
<a4:Point3D id="ref-126" xmlns:a4="http://schemas.microsoft.com/clr/nsassem/Helpers/XMLHelper%2C%20Version%3D1.0.0.0%2C%20Culture%3Dneutral%2C%20PublicKeyToken%3Dnull">
<_Coordinates href="#ref-192"/>
</a4:Point3D>
<a2:ArrayList id="ref-127" xmlns:a2="http://schemas.microsoft.com/clr/ns/System.Collections">
<_items href="#ref-193"/>
<_size>2</_size>
<_version>2</_version>
</a2:ArrayList>
<a2:ArrayList id="ref-128" xmlns:a2="http://schemas.microsoft.com/clr/ns/System.Collections">
<_items href="#ref-194"/>
<_size>2</_size>
<_version>2</_version>
</a2:ArrayList>
<a4:Point3D id="ref-129" xmlns:a4="http://schemas.microsoft.com/clr/nsassem/Helpers/XMLHelper%2C%20Version%3D1.0.0.0%2C%20Culture%3Dneutral%2C%20PublicKeyToken%3Dnull">
<_Coordinates href="#ref-195"/>
</a4:Point3D>
<a2:ArrayList id="ref-130" xmlns:a2="http://schemas.microsoft.com/clr/ns/System.Collections">
<_items href="#ref-196"/>
<_size>3</_size>
<_version>3</_version>
</a2:ArrayList>
<a2:ArrayList id="ref-131" xmlns:a2="http://schemas.microsoft.com/clr/ns/System.Collections">
<_items href="#ref-197"/>
<_size>3</_size>
<_version>3</_version>
</a2:ArrayList>
<a4:Point3D id="ref-132" xmlns:a4="http://schemas.microsoft.com/clr/nsassem/Helpers/XMLHelper%2C%20Version%3D1.0.0.0%2C%20Culture%3Dneutral%2C%20PublicKeyToken%3Dnull">
<_Coordinates href="#ref-198"/>
</a4:Point3D>
<a2:ArrayList id="ref-133" xmlns:a2="http://schemas.microsoft.com/clr/ns/System.Collections">
<_items href="#ref-199"/>
<_size>2</_size>
<_version>2</_version>
</a2:ArrayList>
<a2:ArrayList id="ref-134" xmlns:a2="http://schemas.microsoft.com/clr/ns/System.Collections">
<_items href="#ref-200"/>
<_size>2</_size>
<_version>2</_version>
</a2:ArrayList>
<a4:Point3D id="ref-135" xmlns:a4="http://schemas.microsoft.com/clr/nsassem/Helpers/XMLHelper%2C%20Version%3D1.0.0.0%2C%20Culture%3Dneutral%2C%20PublicKeyToken%3Dnull">
<_Coordinates href="#ref-201"/>
</a4:Point3D>
<a2:ArrayList id="ref-136" xmlns:a2="http://schemas.microsoft.com/clr/ns/System.Collections">
<_items href="#ref-202"/>
<_size>2</_size>
<_version>2</_version>
</a2:ArrayList>
<a2:ArrayList id="ref-137" xmlns:a2="http://schemas.microsoft.com/clr/ns/System.Collections">
<_items href="#ref-203"/>
<_size>2</_size>
<_version>2</_version>
</a2:ArrayList>
<a4:Point3D id="ref-138" xmlns:a4="http://schemas.microsoft.com/clr/nsassem/Helpers/XMLHelper%2C%20Version%3D1.0.0.0%2C%20Culture%3Dneutral%2C%20PublicKeyToken%3Dnull">
<_Coordinates href="#ref-204"/>
</a4:Point3D>
<SOAP-ENC:Array id="ref-139" SOAP-ENC:arrayType="xsd:anyType[4]">
<item href="#ref-29"/>
</SOAP-ENC:Array>
<SOAP-ENC:Array id="ref-140" SOAP-ENC:arrayType="xsd:anyType[4]">
<item href="#ref-30"/>
</SOAP-ENC:Array>
<SOAP-ENC:Array id="ref-141" SOAP-ENC:arrayType="xsd:float[3]">
<item>961.8593</item>
<item>1190.89221</item>
<item>113.529121</item>
</SOAP-ENC:Array>
<SOAP-ENC:Array id="ref-142" SOAP-ENC:arrayType="xsd:anyType[4]">
<item href="#ref-30"/>
<item href="#ref-33"/>
</SOAP-ENC:Array>
<SOAP-ENC:Array id="ref-143" SOAP-ENC:arrayType="xsd:anyType[4]">
<item href="#ref-29"/>
<item href="#ref-34"/>
</SOAP-ENC:Array>
<SOAP-ENC:Array id="ref-144" SOAP-ENC:arrayType="xsd:float[3]">
<item>959.168457</item>
<item>1192.30957</item>
<item>113.529121</item>
</SOAP-ENC:Array>
<SOAP-ENC:Array id="ref-145" SOAP-ENC:arrayType="xsd:anyType[4]">
<item href="#ref-31"/>
<item href="#ref-52"/>
<item href="#ref-205"/>
</SOAP-ENC:Array>
<SOAP-ENC:Array id="ref-146" SOAP-ENC:arrayType="xsd:anyType[4]">
<item href="#ref-32"/>
<item href="#ref-51"/>
<item href="#ref-206"/>
</SOAP-ENC:Array>
<SOAP-ENC:Array id="ref-147" SOAP-ENC:arrayType="xsd:float[3]">
<item>934.8941</item>
<item>1206.04919</item>
<item>113.546173</item>
</SOAP-ENC:Array>
<SOAP-ENC:Array id="ref-148" SOAP-ENC:arrayType="xsd:anyType[4]">
<item href="#ref-32"/>
<item href="#ref-53"/>
</SOAP-ENC:Array>
<SOAP-ENC:Array id="ref-149" SOAP-ENC:arrayType="xsd:anyType[4]">
<item href="#ref-31"/>
<item href="#ref-54"/>
</SOAP-ENC:Array>
<SOAP-ENC:Array id="ref-150" SOAP-ENC:arrayType="xsd:float[3]">
<item>932.28</item>
<item>1207.53</item>
<item>113.459923</item>
</SOAP-ENC:Array>
<SOAP-ENC:Array id="ref-151" SOAP-ENC:arrayType="xsd:anyType[4]">
<item href="#ref-34"/>
<item href="#ref-35"/>
</SOAP-ENC:Array>
<SOAP-ENC:Array id="ref-152" SOAP-ENC:arrayType="xsd:anyType[4]">
<item href="#ref-33"/>
<item href="#ref-36"/>
</SOAP-ENC:Array>
<SOAP-ENC:Array id="ref-153" SOAP-ENC:arrayType="xsd:float[3]">
<item>957.0392</item>
<item>1194.64917</item>
<item>113.529121</item>
</SOAP-ENC:Array>
<SOAP-ENC:Array id="ref-154" SOAP-ENC:arrayType="xsd:anyType[4]">
<item href="#ref-36"/>
<item href="#ref-37"/>
</SOAP-ENC:Array>
<SOAP-ENC:Array id="ref-155" SOAP-ENC:arrayType="xsd:anyType[4]">
<item href="#ref-35"/>
<item href="#ref-38"/>
</SOAP-ENC:Array>
<SOAP-ENC:Array id="ref-156" SOAP-ENC:arrayType="xsd:float[3]">
<item>954.314941</item>
<item>1196.02515</item>
<item>113.529121</item>
</SOAP-ENC:Array>
<SOAP-ENC:Array id="ref-157" SOAP-ENC:arrayType="xsd:anyType[4]">
<item href="#ref-38"/>
<item href="#ref-39"/>
</SOAP-ENC:Array>
<SOAP-ENC:Array id="ref-158" SOAP-ENC:arrayType="xsd:anyType[4]">
<item href="#ref-37"/>
<item href="#ref-40"/>
</SOAP-ENC:Array>
<SOAP-ENC:Array id="ref-159" SOAP-ENC:arrayType="xsd:float[3]">
<item>952.6447</item>
<item>1198.64807</item>
<item>113.529121</item>
</SOAP-ENC:Array>
<SOAP-ENC:Array id="ref-160" SOAP-ENC:arrayType="xsd:anyType[4]">
<item href="#ref-40"/>
<item href="#ref-41"/>
</SOAP-ENC:Array>
<SOAP-ENC:Array id="ref-161" SOAP-ENC:arrayType="xsd:anyType[4]">
<item href="#ref-39"/>
<item href="#ref-42"/>
</SOAP-ENC:Array>
<SOAP-ENC:Array id="ref-162" SOAP-ENC:arrayType="xsd:float[3]">
<item>950.8188</item>
<item>1201.19507</item>
<item>113.529121</item>
</SOAP-ENC:Array>
<SOAP-ENC:Array id="ref-163" SOAP-ENC:arrayType="xsd:anyType[4]">
<item href="#ref-42"/>
<item href="#ref-43"/>
</SOAP-ENC:Array>
<SOAP-ENC:Array id="ref-164" SOAP-ENC:arrayType="xsd:anyType[4]">
<item href="#ref-41"/>
<item href="#ref-44"/>
</SOAP-ENC:Array>
<SOAP-ENC:Array id="ref-165" SOAP-ENC:arrayType="xsd:float[3]">
<item>948.750732</item>
<item>1203.37732</item>
<item>113.529121</item>
</SOAP-ENC:Array>
<SOAP-ENC:Array id="ref-166" SOAP-ENC:arrayType="xsd:anyType[4]">
<item href="#ref-44"/>
<item href="#ref-45"/>
</SOAP-ENC:Array>
<SOAP-ENC:Array id="ref-167" SOAP-ENC:arrayType="xsd:anyType[4]">
<item href="#ref-43"/>
<item href="#ref-46"/>
</SOAP-ENC:Array>
<SOAP-ENC:Array id="ref-168" SOAP-ENC:arrayType="xsd:float[3]">
<item>947.292358</item>
<item>1206.0791</item>
<item>113.529121</item>
</SOAP-ENC:Array>
<SOAP-ENC:Array id="ref-169" SOAP-ENC:arrayType="xsd:anyType[4]">
<item href="#ref-46"/>
<item href="#ref-47"/>
</SOAP-ENC:Array>
<SOAP-ENC:Array id="ref-170" SOAP-ENC:arrayType="xsd:anyType[4]">
<item href="#ref-45"/>
<item href="#ref-48"/>
</SOAP-ENC:Array>
<SOAP-ENC:Array id="ref-171" SOAP-ENC:arrayType="xsd:float[3]">
<item>945.845459</item>
<item>1208.83423</item>
<item>113.529121</item>
</SOAP-ENC:Array>
<SOAP-ENC:Array id="ref-172" SOAP-ENC:arrayType="xsd:anyType[4]">
<item href="#ref-48"/>
<item href="#ref-49"/>
<item href="#ref-207"/>
</SOAP-ENC:Array>
<SOAP-ENC:Array id="ref-173" SOAP-ENC:arrayType="xsd:anyType[4]">
<item href="#ref-47"/>
<item href="#ref-50"/>
<item href="#ref-208"/>
</SOAP-ENC:Array>
<SOAP-ENC:Array id="ref-174" SOAP-ENC:arrayType="xsd:float[3]">
<item>942.9089</item>
<item>1209.67651</item>
<item>113.529121</item>
</SOAP-ENC:Array>
<SOAP-ENC:Array id="ref-175" SOAP-ENC:arrayType="xsd:anyType[4]">
<item href="#ref-50"/>
<item href="#ref-208"/>
<item href="#ref-51"/>
<item href="#ref-206"/>
</SOAP-ENC:Array>
<SOAP-ENC:Array id="ref-176" SOAP-ENC:arrayType="xsd:anyType[4]">
<item href="#ref-49"/>
<item href="#ref-207"/>
<item href="#ref-52"/>
<item href="#ref-205"/>
</SOAP-ENC:Array>
<SOAP-ENC:Array id="ref-177" SOAP-ENC:arrayType="xsd:float[3]">
<item>940.130066</item>
<item>1208.5332</item>
<item>113.529121</item>
</SOAP-ENC:Array>
<SOAP-ENC:Array id="ref-178" SOAP-ENC:arrayType="xsd:anyType[4]">
<item href="#ref-54"/>
<item href="#ref-55"/>
</SOAP-ENC:Array>
<SOAP-ENC:Array id="ref-179" SOAP-ENC:arrayType="xsd:anyType[4]">
<item href="#ref-53"/>
<item href="#ref-56"/>
</SOAP-ENC:Array>
<SOAP-ENC:Array id="ref-180" SOAP-ENC:arrayType="xsd:float[3]">
<item>927.783447</item>
<item>1209.0354</item>
<item>113.472404</item>
</SOAP-ENC:Array>
<SOAP-ENC:Array id="ref-181" SOAP-ENC:arrayType="xsd:anyType[4]">
<item href="#ref-56"/>
<item href="#ref-57"/>
</SOAP-ENC:Array>
<SOAP-ENC:Array id="ref-182" SOAP-ENC:arrayType="xsd:anyType[4]">
<item href="#ref-55"/>
<item href="#ref-58"/>
</SOAP-ENC:Array>
<SOAP-ENC:Array id="ref-183" SOAP-ENC:arrayType="xsd:float[3]">
<item>925.1499</item>
<item>1209.85486</item>
<item>112.104156</item>
</SOAP-ENC:Array>
<SOAP-ENC:Array id="ref-184" SOAP-ENC:arrayType="xsd:anyType[4]">
<item href="#ref-58"/>
<item href="#ref-59"/>
</SOAP-ENC:Array>
<SOAP-ENC:Array id="ref-185" SOAP-ENC:arrayType="xsd:anyType[4]">
<item href="#ref-57"/>
<item href="#ref-60"/>
</SOAP-ENC:Array>
<SOAP-ENC:Array id="ref-186" SOAP-ENC:arrayType="xsd:float[3]">
<item>922.4475</item>
<item>1208.92371</item>
<item>111.148193</item>
</SOAP-ENC:Array>
<SOAP-ENC:Array id="ref-187" SOAP-ENC:arrayType="xsd:anyType[4]">
<item href="#ref-60"/>
<item href="#ref-61"/>
</SOAP-ENC:Array>
<SOAP-ENC:Array id="ref-188" SOAP-ENC:arrayType="xsd:anyType[4]">
<item href="#ref-59"/>
<item href="#ref-62"/>
</SOAP-ENC:Array>
<SOAP-ENC:Array id="ref-189" SOAP-ENC:arrayType="xsd:float[3]">
<item>919.584534</item>
<item>1207.75024</item>
<item>111.0192</item>
</SOAP-ENC:Array>
<SOAP-ENC:Array id="ref-190" SOAP-ENC:arrayType="xsd:anyType[4]">
<item href="#ref-62"/>
<item href="#ref-63"/>
</SOAP-ENC:Array>
<SOAP-ENC:Array id="ref-191" SOAP-ENC:arrayType="xsd:anyType[4]">
<item href="#ref-61"/>
<item href="#ref-64"/>
</SOAP-ENC:Array>
<SOAP-ENC:Array id="ref-192" SOAP-ENC:arrayType="xsd:float[3]">
<item>916.8334</item>
<item>1206.35669</item>
<item>110.993263</item>
</SOAP-ENC:Array>
<SOAP-ENC:Array id="ref-193" SOAP-ENC:arrayType="xsd:anyType[4]">
<item href="#ref-64"/>
<item href="#ref-65"/>
</SOAP-ENC:Array>
<SOAP-ENC:Array id="ref-194" SOAP-ENC:arrayType="xsd:anyType[4]">
<item href="#ref-63"/>
<item href="#ref-66"/>
</SOAP-ENC:Array>
<SOAP-ENC:Array id="ref-195" SOAP-ENC:arrayType="xsd:float[3]">
<item>914.892639</item>
<item>1203.98767</item>
<item>111.002144</item>
</SOAP-ENC:Array>
<SOAP-ENC:Array id="ref-196" SOAP-ENC:arrayType="xsd:anyType[4]">
<item href="#ref-66"/>
<item href="#ref-67"/>
<item href="#ref-69"/>
</SOAP-ENC:Array>
<SOAP-ENC:Array id="ref-197" SOAP-ENC:arrayType="xsd:anyType[4]">
<item href="#ref-65"/>
<item href="#ref-68"/>
<item href="#ref-70"/>
</SOAP-ENC:Array>
<SOAP-ENC:Array id="ref-198" SOAP-ENC:arrayType="xsd:float[3]">
<item>913.4096</item>
<item>1201.33813</item>
<item>111.262932</item>
</SOAP-ENC:Array>
<SOAP-ENC:Array id="ref-199" SOAP-ENC:arrayType="xsd:anyType[4]">
<item href="#ref-68"/>
<item href="#ref-71"/>
</SOAP-ENC:Array>
<SOAP-ENC:Array id="ref-200" SOAP-ENC:arrayType="xsd:anyType[4]">
<item href="#ref-67"/>
<item href="#ref-72"/>
</SOAP-ENC:Array>
<SOAP-ENC:Array id="ref-201" SOAP-ENC:arrayType="xsd:float[3]">
<item>912.5935</item>
<item>1198.40637</item>
<item>111.541916</item>
</SOAP-ENC:Array>
<SOAP-ENC:Array id="ref-202" SOAP-ENC:arrayType="xsd:anyType[4]">
<item href="#ref-70"/>
<item href="#ref-72"/>
</SOAP-ENC:Array>
<SOAP-ENC:Array id="ref-203" SOAP-ENC:arrayType="xsd:anyType[4]">
<item href="#ref-69"/>
<item href="#ref-71"/>
</SOAP-ENC:Array>
<SOAP-ENC:Array id="ref-204" SOAP-ENC:arrayType="xsd:float[3]">
<item>909.74</item>
<item>1199.54</item>
<item>111.469666</item>
</SOAP-ENC:Array>
<a1:Arc id="ref-205" xmlns:a1="http://schemas.microsoft.com/clr/nsassem/AStar/XMLHelper%2C%20Version%3D1.0.0.0%2C%20Culture%3Dneutral%2C%20PublicKeyToken%3Dnull">
<_EndNode href="#ref-9"/>
<_Length>5.7953329580135673</_Length>
<_LengthUpdated>true</_LengthUpdated>
<_Passable>true</_Passable>
<_StartNode href="#ref-19"/>
<_Weight>1</_Weight>
</a1:Arc>
<a1:Arc id="ref-206" xmlns:a1="http://schemas.microsoft.com/clr/nsassem/AStar/XMLHelper%2C%20Version%3D1.0.0.0%2C%20Culture%3Dneutral%2C%20PublicKeyToken%3Dnull">
<_EndNode href="#ref-19"/>
<_Length>5.7953329580135673</_Length>
<_LengthUpdated>true</_LengthUpdated>
<_Passable>true</_Passable>
<_StartNode href="#ref-9"/>
<_Weight>1</_Weight>
</a1:Arc>
<a1:Arc id="ref-207" xmlns:a1="http://schemas.microsoft.com/clr/nsassem/AStar/XMLHelper%2C%20Version%3D1.0.0.0%2C%20Culture%3Dneutral%2C%20PublicKeyToken%3Dnull">
<_EndNode href="#ref-18"/>
<_Length>3.0048188607815276</_Length>
<_LengthUpdated>true</_LengthUpdated>
<_Passable>true</_Passable>
<_StartNode href="#ref-19"/>
<_Weight>1</_Weight>
</a1:Arc>
<a1:Arc id="ref-208" xmlns:a1="http://schemas.microsoft.com/clr/nsassem/AStar/XMLHelper%2C%20Version%3D1.0.0.0%2C%20Culture%3Dneutral%2C%20PublicKeyToken%3Dnull">
<_EndNode href="#ref-19"/>
<_Length>3.0048188607815276</_Length>
<_LengthUpdated>true</_LengthUpdated>
<_Passable>true</_Passable>
<_StartNode href="#ref-18"/>
<_Weight>1</_Weight>
</a1:Arc>
</SOAP-ENV:Body>
</SOAP-ENV:Envelope>
